Component: Arm Compiler for Embedded 6.21 Tool: armlink [5ec1fa00]

==============================================================================

Section Cross References

    gd32f4xx_it.o(.ARM.exidx.text.NMI_Handler) refers to gd32f4xx_it.o(.text.NMI_Handler) for [Anonymous Symbol]
    gd32f4xx_it.o(.ARM.exidx.text.HardFault_Handler) refers to gd32f4xx_it.o(.text.HardFault_Handler) for [Anonymous Symbol]
    gd32f4xx_it.o(.ARM.exidx.text.MemManage_Handler) refers to gd32f4xx_it.o(.text.MemManage_Handler) for [Anonymous Symbol]
    gd32f4xx_it.o(.ARM.exidx.text.BusFault_Handler) refers to gd32f4xx_it.o(.text.BusFault_Handler) for [Anonymous Symbol]
    gd32f4xx_it.o(.ARM.exidx.text.UsageFault_Handler) refers to gd32f4xx_it.o(.text.UsageFault_Handler) for [Anonymous Symbol]
    gd32f4xx_it.o(.ARM.exidx.text.DebugMon_Handler) refers to gd32f4xx_it.o(.text.DebugMon_Handler) for [Anonymous Symbol]
    main.o(.text.main) refers to systick.o(.text.systick_config) for systick_config
    main.o(.text.main) refers to bsp_led.o(.text.led_gpio_config) for led_gpio_config
    main.o(.text.main) refers to bsp_usart.o(.text.usart_gpio_config) for usart_gpio_config
    main.o(.text.main) refers to main.o(.bss.StartTask_Handler) for StartTask_Handler
    main.o(.text.main) refers to main.o(.text.CrateTask) for CrateTask
    main.o(.text.main) refers to tasks.o(.text.xTaskCreate) for xTaskCreate
    main.o(.text.main) refers to tasks.o(.text.vTaskStartScheduler) for vTaskStartScheduler
    main.o(.ARM.exidx.text.main) refers to main.o(.text.main) for [Anonymous Symbol]
    main.o(.text.CrateTask) refers to port.o(.text.vPortEnterCritical) for vPortEnterCritical
    main.o(.text.CrateTask) refers to main.o(.text.task_a) for task_a
    main.o(.text.CrateTask) refers to tasks.o(.text.xTaskCreate) for xTaskCreate
    main.o(.text.CrateTask) refers to main.o(.text.task_b) for task_b
    main.o(.text.CrateTask) refers to main.o(.bss.StartTask_Handler) for StartTask_Handler
    main.o(.text.CrateTask) refers to tasks.o(.text.vTaskDelete) for vTaskDelete
    main.o(.text.CrateTask) refers to port.o(.text.vPortExitCritical) for vPortExitCritical
    main.o(.ARM.exidx.text.CrateTask) refers to main.o(.text.CrateTask) for [Anonymous Symbol]
    main.o(.text.task_a) refers to tasks.o(.text.vTaskDelay) for vTaskDelay
    main.o(.ARM.exidx.text.task_a) refers to main.o(.text.task_a) for [Anonymous Symbol]
    main.o(.text.task_b) refers to tasks.o(.text.vTaskDelay) for vTaskDelay
    main.o(.ARM.exidx.text.task_b) refers to main.o(.text.task_b) for [Anonymous Symbol]
    systick.o(.text.systick_config) refers to system_gd32f4xx.o(.data.SystemCoreClock) for SystemCoreClock
    systick.o(.ARM.exidx.text.systick_config) refers to systick.o(.text.systick_config) for [Anonymous Symbol]
    systick.o(.text.delay_1ms) refers to systick.o(.bss.delay) for delay
    systick.o(.ARM.exidx.text.delay_1ms) refers to systick.o(.text.delay_1ms) for [Anonymous Symbol]
    systick.o(.text.delay_decrement) refers to systick.o(.bss.delay) for delay
    systick.o(.ARM.exidx.text.delay_decrement) refers to systick.o(.text.delay_decrement) for [Anonymous Symbol]
    system.o(.text.systeminit) refers to gd32f4xx_misc.o(.text.nvic_priority_group_set) for nvic_priority_group_set
    system.o(.text.systeminit) refers to systick.o(.text.systick_config) for systick_config
    system.o(.text.systeminit) refers to bsp_led.o(.text.led_gpio_config) for led_gpio_config
    system.o(.text.systeminit) refers to bsp_usart.o(.text.usart_gpio_config) for usart_gpio_config
    system.o(.ARM.exidx.text.systeminit) refers to system.o(.text.systeminit) for [Anonymous Symbol]
    bsp_usart.o(.text.usart_gpio_config) refers to gd32f4xx_rcu.o(.text.rcu_periph_clock_enable) for rcu_periph_clock_enable
    bsp_usart.o(.text.usart_gpio_config) refers to gd32f4xx_gpio.o(.text.gpio_af_set) for gpio_af_set
    bsp_usart.o(.text.usart_gpio_config) refers to gd32f4xx_gpio.o(.text.gpio_mode_set) for gpio_mode_set
    bsp_usart.o(.text.usart_gpio_config) refers to gd32f4xx_gpio.o(.text.gpio_output_options_set) for gpio_output_options_set
    bsp_usart.o(.text.usart_gpio_config) refers to gd32f4xx_usart.o(.text.usart_deinit) for usart_deinit
    bsp_usart.o(.text.usart_gpio_config) refers to gd32f4xx_usart.o(.text.usart_baudrate_set) for usart_baudrate_set
    bsp_usart.o(.text.usart_gpio_config) refers to gd32f4xx_usart.o(.text.usart_parity_config) for usart_parity_config
    bsp_usart.o(.text.usart_gpio_config) refers to gd32f4xx_usart.o(.text.usart_word_length_set) for usart_word_length_set
    bsp_usart.o(.text.usart_gpio_config) refers to gd32f4xx_usart.o(.text.usart_stop_bit_set) for usart_stop_bit_set
    bsp_usart.o(.text.usart_gpio_config) refers to gd32f4xx_usart.o(.text.usart_enable) for usart_enable
    bsp_usart.o(.text.usart_gpio_config) refers to gd32f4xx_usart.o(.text.usart_transmit_config) for usart_transmit_config
[...]
    Removing queue.o(.text.uxQueueMessagesWaitingFromISR), (26 bytes).
    Removing queue.o(.ARM.exidx.text.uxQueueMessagesWaitingFromISR), (8 bytes).
    Removing queue.o(.text.vQueueDelete), (66 bytes).
    Removing queue.o(.ARM.exidx.text.vQueueDelete), (8 bytes).
    Removing queue.o(.text.vQueueUnregisterQueue), (62 bytes).
    Removing queue.o(.ARM.exidx.text.vQueueUnregisterQueue), (8 bytes).
    Removing queue.o(.text.uxQueueGetQueueNumber), (4 bytes).
    Removing queue.o(.ARM.exidx.text.uxQueueGetQueueNumber), (8 bytes).
    Removing queue.o(.text.vQueueSetQueueNumber), (4 bytes).
    Removing queue.o(.ARM.exidx.text.vQueueSetQueueNumber), (8 bytes).
    Removing queue.o(.text.ucQueueGetQueueType), (6 bytes).
    Removing queue.o(.ARM.exidx.text.ucQueueGetQueueType), (8 bytes).
    Removing queue.o(.text.xQueueIsQueueEmptyFromISR), (30 bytes).
    Removing queue.o(.ARM.exidx.text.xQueueIsQueueEmptyFromISR), (8 bytes).
    Removing queue.o(.text.xQueueIsQueueFullFromISR), (34 bytes).
    Removing queue.o(.ARM.exidx.text.xQueueIsQueueFullFromISR), (8 bytes).
    Removing queue.o(.ARM.exidx.text.vQueueAddToRegistry), (8 bytes).
    Removing queue.o(.text.pcQueueGetName), (58 bytes).
    Removing queue.o(.ARM.exidx.text.pcQueueGetName), (8 bytes).
    Removing queue.o(.ARM.exidx.text.vQueueWaitForMessageRestricted), (8 bytes).
    Removing stream_buffer.o(.text), (0 bytes).
    Removing stream_buffer.o(.text.xStreamBufferGenericCreate), (160 bytes).
    Removing stream_buffer.o(.ARM.exidx.text.xStreamBufferGenericCreate), (8 bytes).
    Removing stream_buffer.o(.text.vStreamBufferDelete), (42 bytes).
    Removing stream_buffer.o(.ARM.exidx.text.vStreamBufferDelete), (8 bytes).
    Removing stream_buffer.o(.text.xStreamBufferReset), (102 bytes).
    Removing stream_buffer.o(.ARM.exidx.text.xStreamBufferReset), (8 bytes).
    Removing stream_buffer.o(.text.xStreamBufferSetTriggerLevel), (42 bytes).
    Removing stream_buffer.o(.ARM.exidx.text.xStreamBufferSetTriggerLevel), (8 bytes).
    Removing stream_buffer.o(.text.xStreamBufferSpacesAvailable), (58 bytes).
    Removing stream_buffer.o(.ARM.exidx.text.xStreamBufferSpacesAvailable), (8 bytes).
    Removing stream_buffer.o(.text.xStreamBufferBytesAvailable), (38 bytes).
    Removing stream_buffer.o(.ARM.exidx.text.xStreamBufferBytesAvailable), (8 bytes).
    Removing stream_buffer.o(.text.xStreamBufferSend), (362 bytes).
    Removing stream_buffer.o(.ARM.exidx.text.xStreamBufferSend), (8 bytes).
    Removing stream_buffer.o(.text.prvWriteMessageToBuffer), (286 bytes).
    Removing stream_buffer.o(.ARM.exidx.text.prvWriteMessageToBuffer), (8 bytes).
    Removing stream_buffer.o(.text.xStreamBufferSendFromISR), (186 bytes).
    Removing stream_buffer.o(.ARM.exidx.text.xStreamBufferSendFromISR), (8 bytes).
    Removing stream_buffer.o(.text.xStreamBufferReceive), (460 bytes).
    Removing stream_buffer.o(.ARM.exidx.text.xStreamBufferReceive), (8 bytes).
    Removing stream_buffer.o(.text.xStreamBufferNextMessageLengthBytes), (158 bytes).
    Removing stream_buffer.o(.ARM.exidx.text.xStreamBufferNextMessageLengthBytes), (8 bytes).
    Removing stream_buffer.o(.text.xStreamBufferReceiveFromISR), (366 bytes).
    Removing stream_buffer.o(.ARM.exidx.text.xStreamBufferReceiveFromISR), (8 bytes).
    Removing stream_buffer.o(.text.xStreamBufferIsEmpty), (34 bytes).
    Removing stream_buffer.o(.ARM.exidx.text.xStreamBufferIsEmpty), (8 bytes).
    Removing stream_buffer.o(.text.xStreamBufferIsFull), (74 bytes).
    Removing stream_buffer.o(.ARM.exidx.text.xStreamBufferIsFull), (8 bytes).
    Removing stream_buffer.o(.text.xStreamBufferSendCompletedFromISR), (86 bytes).
    Removing stream_buffer.o(.ARM.exidx.text.xStreamBufferSendCompletedFromISR), (8 bytes).
    Removing stream_buffer.o(.text.xStreamBufferReceiveCompletedFromISR), (86 bytes).
    Removing stream_buffer.o(.ARM.exidx.text.xStreamBufferReceiveCompletedFromISR), (8 bytes).
    Removing stream_buffer.o(.text.uxStreamBufferGetStreamBufferNumber), (4 bytes).
    Removing stream_buffer.o(.ARM.exidx.text.uxStreamBufferGetStreamBufferNumber), (8 bytes).
    Removing stream_buffer.o(.text.vStreamBufferSetStreamBufferNumber), (4 bytes).
    Removing stream_buffer.o(.ARM.exidx.text.vStreamBufferSetStreamBufferNumber), (8 bytes).
    Removing stream_buffer.o(.text.ucStreamBufferGetStreamBufferType), (8 bytes).
    Removing stream_buffer.o(.ARM.exidx.text.ucStreamBufferGetStreamBufferType), (8 bytes).
    Removing tasks.o(.text), (0 bytes).
    Removing tasks.o(.ARM.exidx.text.xTaskCreate), (8 bytes).
    Removing tasks.o(.ARM.exidx.text.vTaskDelete), (8 bytes).
    Removing tasks.o(.text.xTaskDelayUntil), (296 bytes).
    Removing tasks.o(.ARM.exidx.text.xTaskDelayUntil), (8 bytes).
    Removing tasks.o(.ARM.exidx.text.vTaskSuspendAll), (8 bytes).
    Removing tasks.o(.ARM.exidx.text.prvAddCurrentTaskToDelayedList), (8 bytes).
    Removing tasks.o(.ARM.exidx.text.xTaskResumeAll), (8 bytes).
    Removing tasks.o(.ARM.exidx.text.vTaskDelay), (8 bytes).
    Removing tasks.o(.text.eTaskGetState), (156 bytes).
    Removing tasks.o(.ARM.exidx.text.eTaskGetState), (8 bytes).
    Removing tasks.o(.text.uxTaskPriorityGet), (30 bytes).
    Removing tasks.o(.ARM.exidx.text.uxTaskPriorityGet), (8 bytes).
    Removing tasks.o(.text.uxTaskPriorityGetFromISR), (48 bytes).
    Removing tasks.o(.ARM.exidx.text.uxTaskPriorityGetFromISR), (8 bytes).
    Removing tasks.o(.text.vTaskPrioritySet), (246 bytes).
    Removing tasks.o(.ARM.exidx.text.vTaskPrioritySet), (8 bytes).
    Removing tasks.o(.text.vTaskSuspend), (398 bytes).
    Removing tasks.o(.ARM.exidx.text.vTaskSuspend), (8 bytes).
    Removing tasks.o(.ARM.exidx.text.vTaskSwitchContext), (8 bytes).
    Removing tasks.o(.text.vTaskResume), (184 bytes).
    Removing tasks.o(.ARM.exidx.text.vTaskResume), (8 bytes).
    Removing tasks.o(.text.xTaskResumeFromISR), (216 bytes).
    Removing tasks.o(.ARM.exidx.text.xTaskResumeFromISR), (8 bytes).
    Removing tasks.o(.ARM.exidx.text.vTaskStartScheduler), (8 bytes).
    Removing tasks.o(.ARM.exidx.text.prvIdleTask), (8 bytes).
    Removing tasks.o(.text.vTaskEndScheduler), (32 bytes).
    Removing tasks.o(.ARM.exidx.text.vTaskEndScheduler), (8 bytes).
    Removing tasks.o(.ARM.exidx.text.xTaskIncrementTick), (8 bytes).
    Removing tasks.o(.ARM.exidx.text.xTaskGetTickCount), (8 bytes).
    Removing tasks.o(.text.xTaskGetTickCountFromISR), (18 bytes).
    Removing tasks.o(.ARM.exidx.text.xTaskGetTickCountFromISR), (8 bytes).
    Removing tasks.o(.text.uxTaskGetNumberOfTasks), (12 bytes).
    Removing tasks.o(.ARM.exidx.text.uxTaskGetNumberOfTasks), (8 bytes).
    Removing tasks.o(.text.pcTaskGetName), (38 bytes).
    Removing tasks.o(.ARM.exidx.text.pcTaskGetName), (8 bytes).
    Removing tasks.o(.text.uxTaskGetSystemState), (1132 bytes).
    Removing tasks.o(.ARM.exidx.text.uxTaskGetSystemState), (8 bytes).
    Removing tasks.o(.text.xTaskCatchUpTicks), (70 bytes).
    Removing tasks.o(.ARM.exidx.text.xTaskCatchUpTicks), (8 bytes).
    Removing tasks.o(.ARM.exidx.text.vTaskPlaceOnEventList), (8 bytes).
    Removing tasks.o(.text.vTaskPlaceOnUnorderedEventList), (142 bytes).
    Removing tasks.o(.ARM.exidx.text.vTaskPlaceOnUnorderedEventList), (8 bytes).
    Removing tasks.o(.ARM.exidx.text.vTaskPlaceOnEventListRestricted), (8 bytes).
    Removing tasks.o(.ARM.exidx.text.xTaskRemoveFromEventList), (8 bytes).
    Removing tasks.o(.text.vTaskRemoveFromUnorderedEventList), (238 bytes).
    Removing tasks.o(.ARM.exidx.text.vTaskRemoveFromUnorderedEventList), (8 bytes).
    Removing tasks.o(.text.vTaskSetTimeOutState), (62 bytes).
    Removing tasks.o(.ARM.exidx.text.vTaskSetTimeOutState), (8 bytes).
    Removing tasks.o(.ARM.exidx.text.vTaskInternalSetTimeOutState), (8 bytes).
    Removing tasks.o(.ARM.exidx.text.xTaskCheckForTimeOut), (8 bytes).
    Removing tasks.o(.ARM.exidx.text.vTaskMissedYield), (8 bytes).
    Removing tasks.o(.text.uxTaskGetTaskNumber), (10 bytes).
    Removing tasks.o(.ARM.exidx.text.uxTaskGetTaskNumber), (8 bytes).
    Removing tasks.o(.text.vTaskSetTaskNumber), (8 bytes).
    Removing tasks.o(.ARM.exidx.text.vTaskSetTaskNumber), (8 bytes).
    Removing tasks.o(.text.vTaskGetInfo), (296 bytes).
    Removing tasks.o(.ARM.exidx.text.vTaskGetInfo), (8 bytes).
    Removing tasks.o(.text.xTaskGetCurrentTaskHandle), (12 bytes).
    Removing tasks.o(.ARM.exidx.text.xTaskGetCurrentTaskHandle), (8 bytes).
    Removing tasks.o(.ARM.exidx.text.xTaskGetSchedulerState), (8 bytes).
    Removing tasks.o(.text.xTaskPriorityInherit), (190 bytes).
    Removing tasks.o(.ARM.exidx.text.xTaskPriorityInherit), (8 bytes).
    Removing tasks.o(.text.xTaskPriorityDisinherit), (194 bytes).
    Removing tasks.o(.ARM.exidx.text.xTaskPriorityDisinherit), (8 bytes).
    Removing tasks.o(.text.vTaskPriorityDisinheritAfterTimeout), (206 bytes).
    Removing tasks.o(.ARM.exidx.text.vTaskPriorityDisinheritAfterTimeout), (8 bytes).
    Removing tasks.o(.text.uxTaskResetEventItemValue), (26 bytes).
    Removing tasks.o(.ARM.exidx.text.uxTaskResetEventItemValue), (8 bytes).
    Removing tasks.o(.text.pvTaskIncrementMutexHeldCount), (24 bytes).
    Removing tasks.o(.ARM.exidx.text.pvTaskIncrementMutexHeldCount), (8 bytes).
    Removing tasks.o(.text.ulTaskGenericNotifyTake), (148 bytes).
    Removing tasks.o(.ARM.exidx.text.ulTaskGenericNotifyTake), (8 bytes).
    Removing tasks.o(.text.xTaskGenericNotifyWait), (194 bytes).
    Removing tasks.o(.ARM.exidx.text.xTaskGenericNotifyWait), (8 bytes).
    Removing tasks.o(.text.xTaskGenericNotify), (368 bytes).
    Removing tasks.o(.ARM.exidx.text.xTaskGenericNotify), (8 bytes).
    Removing tasks.o(.text.xTaskGenericNotifyFromISR), (402 bytes).
    Removing tasks.o(.ARM.exidx.text.xTaskGenericNotifyFromISR), (8 bytes).
    Removing tasks.o(.text.vTaskGenericNotifyGiveFromISR), (304 bytes).
    Removing tasks.o(.ARM.exidx.text.vTaskGenericNotifyGiveFromISR), (8 bytes).
    Removing tasks.o(.text.xTaskGenericNotifyStateClear), (68 bytes).
    Removing tasks.o(.ARM.exidx.text.xTaskGenericNotifyStateClear), (8 bytes).
    Removing tasks.o(.text.ulTaskGenericNotifyValueClear), (44 bytes).
    Removing tasks.o(.ARM.exidx.text.ulTaskGenericNotifyValueClear), (8 bytes).
    Removing timers.o(.text), (0 bytes).
    Removing timers.o(.ARM.exidx.text.xTimerCreateTimerTask), (8 bytes).
    Removing timers.o(.ARM.exidx.text.prvCheckForValidListAndQueue), (8 bytes).
    Removing timers.o(.ARM.exidx.text.prvTimerTask), (8 bytes).
    Removing timers.o(.text.xTimerCreate), (102 bytes).
    Removing timers.o(.ARM.exidx.text.xTimerCreate), (8 bytes).
    Removing timers.o(.text.xTimerGenericCommand), (104 bytes).
    Removing timers.o(.ARM.exidx.text.xTimerGenericCommand), (8 bytes).
    Removing timers.o(.text.xTimerGetTimerDaemonTaskHandle), (34 bytes).
    Removing timers.o(.ARM.exidx.text.xTimerGetTimerDaemonTaskHandle), (8 bytes).
    Removing timers.o(.text.xTimerGetPeriod), (26 bytes).
    Removing timers.o(.ARM.exidx.text.xTimerGetPeriod), (8 bytes).
    Removing timers.o(.text.vTimerSetReloadMode), (62 bytes).
    Removing timers.o(.ARM.exidx.text.vTimerSetReloadMode), (8 bytes).
    Removing timers.o(.text.xTimerGetReloadMode), (46 bytes).
    Removing timers.o(.ARM.exidx.text.xTimerGetReloadMode), (8 bytes).
    Removing timers.o(.text.uxTimerGetReloadMode), (46 bytes).
    Removing timers.o(.ARM.exidx.text.uxTimerGetReloadMode), (8 bytes).
    Removing timers.o(.text.xTimerGetExpiryTime), (26 bytes).
    Removing timers.o(.ARM.exidx.text.xTimerGetExpiryTime), (8 bytes).
    Removing timers.o(.text.pcTimerGetName), (26 bytes).
    Removing timers.o(.ARM.exidx.text.pcTimerGetName), (8 bytes).
    Removing timers.o(.text.xTimerIsTimerActive), (46 bytes).
    Removing timers.o(.ARM.exidx.text.xTimerIsTimerActive), (8 bytes).
    Removing timers.o(.text.pvTimerGetTimerID), (38 bytes).
    Removing timers.o(.ARM.exidx.text.pvTimerGetTimerID), (8 bytes).
    Removing timers.o(.text.vTimerSetTimerID), (42 bytes).
    Removing timers.o(.ARM.exidx.text.vTimerSetTimerID), (8 bytes).
    Removing timers.o(.text.uxTimerGetTimerNumber), (4 bytes).
    Removing timers.o(.ARM.exidx.text.uxTimerGetTimerNumber), (8 bytes).
    Removing timers.o(.text.vTimerSetTimerNumber), (4 bytes).
    Removing timers.o(.ARM.exidx.text.vTimerSetTimerNumber), (8 bytes).
    Removing timers.o(.ARM.exidx.text.prvProcessExpiredTimer), (8 bytes).
    Removing heap_4.o(.text), (0 bytes).
    Removing heap_4.o(.ARM.exidx.text.pvPortMalloc), (8 bytes).
    Removing heap_4.o(.ARM.exidx.text.vPortFree), (8 bytes).
    Removing heap_4.o(.text.xPortGetFreeHeapSize), (12 bytes).
    Removing heap_4.o(.ARM.exidx.text.xPortGetFreeHeapSize), (8 bytes).
    Removing heap_4.o(.text.xPortGetMinimumEverFreeHeapSize), (12 bytes).
    Removing heap_4.o(.ARM.exidx.text.xPortGetMinimumEverFreeHeapSize), (8 bytes).
    Removing heap_4.o(.text.vPortInitialiseBlocks), (2 bytes).
    Removing heap_4.o(.ARM.exidx.text.vPortInitialiseBlocks), (8 bytes).
    Removing heap_4.o(.text.pvPortCalloc), (36 bytes).
    Removing heap_4.o(.ARM.exidx.text.pvPortCalloc), (8 bytes).
    Removing heap_4.o(.text.vPortGetHeapStats), (148 bytes).
    Removing heap_4.o(.ARM.exidx.text.vPortGetHeapStats), (8 bytes).
    Removing port.o(.text), (0 bytes).
    Removing port.o(.ARM.exidx.text.pxPortInitialiseStack), (8 bytes).
    Removing port.o(.ARM.exidx.text.prvTaskExitError), (8 bytes).
    Removing port.o(.ARM.exidx.text.SVC_Handler), (8 bytes).
    Removing port.o(.ARM.exidx.text.xPortStartScheduler), (8 bytes).
    Removing port.o(.ARM.exidx.text.vPortSetupTimerInterrupt), (8 bytes).
    Removing port.o(.ARM.exidx.text.vPortEnableVFP), (8 bytes).
    Removing port.o(.ARM.exidx.text.prvPortStartFirstTask), (8 bytes).
    Removing port.o(.text.vPortEndScheduler), (38 bytes).
    Removing port.o(.ARM.exidx.text.vPortEndScheduler), (8 bytes).
    Removing port.o(.ARM.exidx.text.vPortEnterCritical), (8 bytes).
    Removing port.o(.ARM.exidx.text.vPortExitCritical), (8 bytes).
    Removing port.o(.ARM.exidx.text.PendSV_Handler), (8 bytes).
    Removing port.o(.ARM.exidx.text.SysTick_Handler), (8 bytes).
    Removing port.o(.text.vPortValidateInterruptPriority), (98 bytes).
    Removing port.o(.ARM.exidx.text.vPortValidateInterruptPriority), (8 bytes).

1046 unused section(s) (total 30683 bytes) removed from the image.

==============================================================================

Image Symbol Table

    Local Symbols

    Symbol Name                              Value     Ov Type        Size  Object(Section)

    ../Firmware/CMSIS/GD/GD32F4xx/Source/ARM/startup_gd32f450_470.s 0x00000000   Number         0  startup_gd32f450_470.o ABSOLUTE
    ../clib/microlib/init/entry.s            0x00000000   Number         0  entry.o ABSOLUTE
    ../clib/microlib/init/entry.s            0x00000000   Number         0  entry2.o ABSOLUTE
    ../clib/microlib/init/entry.s            0x00000000   Number         0  entry5.o ABSOLUTE
    ../clib/microlib/init/entry.s            0x00000000   Number         0  entry7a.o ABSOLUTE
    ../clib/microlib/init/entry.s            0x00000000   Number         0  entry7b.o ABSOLUTE
    ../clib/microlib/init/entry.s            0x00000000   Number         0  entry8a.o ABSOLUTE
    ../clib/microlib/init/entry.s            0x00000000   Number         0  entry8b.o ABSOLUTE
    ../clib/microlib/init/entry.s            0x00000000   Number         0  entry9a.o ABSOLUTE
    ../clib/microlib/init/entry.s            0x00000000   Number         0  entry9b.o ABSOLUTE
    ../clib/microlib/init/entry.s            0x00000000   Number         0  entry10a.o ABSOLUTE
    ../clib/microlib/init/entry.s            0x00000000   Number         0  entry10b.o ABSOLUTE
    ../clib/microlib/init/entry.s            0x00000000   Number         0  entry11a.o ABSOLUTE
    ../clib/microlib/init/entry.s            0x00000000   Number         0  entry11b.o ABSOLUTE
    ../clib/microlib/stdio/puts.c            0x00000000   Number         0  puts.o ABSOLUTE
    ../clib/microlib/stdio/puts.c            0x00000000   Number         0  puts_e.o ABSOLUTE
    ../clib/microlib/stdio/streams.c         0x00000000   Number         0  stdout.o ABSOLUTE
    ../clib/microlib/string/memcpy.c         0x00000000   Number         0  memcpya.o ABSOLUTE
    ../clib/microlib/string/memcpy.c         0x00000000   Number         0  memcpyb.o ABSOLUTE
    ../clib/microlib/string/memset.c         0x00000000   Number         0  memseta.o ABSOLUTE
    bsp_basic_timer.c                        0x00000000   Number         0  bsp_basic_timer.o ABSOLUTE
    bsp_dma.c                                0x00000000   Number         0  bsp_dma.o ABSOLUTE
    bsp_key.c                                0x00000000   Number         0  bsp_key.o ABSOLUTE
    bsp_led.c                                0x00000000   Number         0  bsp_led.o ABSOLUTE
    bsp_pwm.c                                0x00000000   Number         0  bsp_pwm.o ABSOLUTE
    bsp_usart.c                              0x00000000   Number         0  bsp_usart.o ABSOLUTE
    croutine.c                               0x00000000   Number         0  croutine.o ABSOLUTE
    dc.s                                     0x00000000   Number         0  dc.o ABSOLUTE
    event_groups.c                           0x00000000   Number         0  event_groups.o ABSOLUTE
    gd32f4xx_adc.c                           0x00000000   Number         0  gd32f4xx_adc.o ABSOLUTE
    gd32f4xx_dma.c                           0x00000000   Number         0  gd32f4xx_dma.o ABSOLUTE
    gd32f4xx_exti.c                          0x00000000   Number         0  gd32f4xx_exti.o ABSOLUTE
    gd32f4xx_gpio.c                          0x00000000   Number         0  gd32f4xx_gpio.o ABSOLUTE
    gd32f4xx_i2c.c                           0x00000000   Number         0  gd32f4xx_i2c.o ABSOLUTE
    gd32f4xx_it.c                            0x00000000   Number         0  gd32f4xx_it.o ABSOLUTE
    gd32f4xx_misc.c                          0x00000000   Number         0  gd32f4xx_misc.o ABSOLUTE
    gd32f4xx_rcu.c                           0x00000000   Number         0  gd32f4xx_rcu.o ABSOLUTE
    gd32f4xx_spi.c                           0x00000000   Number         0  gd32f4xx_spi.o ABSOLUTE
    gd32f4xx_syscfg.c                        0x00000000   Number         0  gd32f4xx_syscfg.o ABSOLUTE
    gd32f4xx_timer.c                         0x00000000   Number         0  gd32f4xx_timer.o ABSOLUTE
    gd32f4xx_usart.c                         0x00000000   Number         0  gd32f4xx_usart.o ABSOLUTE
    handlers.s                               0x00000000   Number         0  handlers.o ABSOLUTE
    heap_4.c                                 0x00000000   Number         0  heap_4.o ABSOLUTE
    init.s                                   0x00000000   Number         0  init.o ABSOLUTE
    list.c                                   0x00000000   Number         0  list.o ABSOLUTE
    main.c                                   0x00000000   Number         0  main.o ABSOLUTE
    port.c                                   0x00000000   Number         0  port.o ABSOLUTE
    queue.c                                  0x00000000   Number         0  queue.o ABSOLUTE
    stream_buffer.c                          0x00000000   Number         0  stream_buffer.o ABSOLUTE
    system.c                                 0x00000000   Number         0  system.o ABSOLUTE
    system_gd32f4xx.c                        0x00000000   Number         0  system_gd32f4xx.o ABSOLUTE
    systick.c                                0x00000000   Number         0  systick.o ABSOLUTE
    tasks.c                                  0x00000000   Number         0  tasks.o ABSOLUTE
    timers.c                                 0x00000000   Number         0  timers.o ABSOLUTE
    RESET                                    0x08000000   Section      428  startup_gd32f450_470.o(RESET)
    .ARM.Collect$$$$00000000                 0x080001ac   Section        0  entry.o(.ARM.Collect$$$$00000000)
    .ARM.Collect$$$$00000001                 0x080001ac   Section        4  entry2.o(.ARM.Collect$$$$00000001)
    .ARM.Collect$$$$00000004                 0x080001b0   Section        4  entry5.o(.ARM.Collect$$$$00000004)
    .ARM.Collect$$$$00000008                 0x080001b4   Section        0  entry7b.o(.ARM.Collect$$$$00000008)
    .ARM.Collect$$$$0000000A                 0x080001b4   Section        0  entry8b.o(.ARM.Collect$$$$0000000A)
    .ARM.Collect$$$$0000000B                 0x080001b4   Section        8  entry9a.o(.ARM.Collect$$$$0000000B)
    __lit__00000000                          0x080001bc   Data           4  entry2.o(.ARM.Collect$$$$00002712)
    .ARM.Collect$$$$0000000D                 0x080001bc   Section        0  entry10a.o(.ARM.Collect$$$$0000000D)
    .ARM.Collect$$$$0000000F                 0x080001bc   Section        0  entry11a.o(.ARM.Collect$$$$0000000F)
    .ARM.Collect$$$$00002712                 0x080001bc   Section        4  entry2.o(.ARM.Collect$$$$00002712)
    $v0                                      0x080001c0   Number         0  startup_gd32f450_470.o(.text)
    .text                                    0x080001c0   Section       36  startup_gd32f450_470.o(.text)
    .text                                    0x080001e4   Section        0  memcpya.o(.text)
    .text                                    0x08000208   Section        0  memseta.o(.text)
    .text                                    0x0800022c   Section       48  init.o(.text)
    [Anonymous Symbol]                       0x0800025c   Section        0  gd32f4xx_it.o(.text.BusFault_Handler)
    [Anonymous Symbol]                       0x08000260   Section        0  main.o(.text.CrateTask)
    [Anonymous Symbol]                       0x080002c0   Section        0  bsp_dma.o(.text.DMA1_Channel2_IRQHandler)
    [Anonymous Symbol]                       0x080002e8   Section        0  gd32f4xx_it.o(.text.DebugMon_Handler)
    [Anonymous Symbol]                       0x080002ec   Section        0  bsp_key.o(.text.EXTI0_IRQHandler)
    [Anonymous Symbol]                       0x08000338   Section        0  gd32f4xx_it.o(.text.HardFault_Handler)
    [Anonymous Symbol]                       0x0800033c   Section        0  gd32f4xx_it.o(.text.MemManage_Handler)
    [Anonymous Symbol]                       0x08000340   Section        0  gd32f4xx_it.o(.text.NMI_Handler)
    [Anonymous Symbol]                       0x08000350   Section        0  port.o(.text.PendSV_Handler)
    pxCurrentTCBConst                        0x080003b0   Number         0  port.o(.text.PendSV_Handler)
    [Anonymous Symbol]                       0x080003c0   Section        0  port.o(.text.SVC_Handler)
    pxCurrentTCBConst2                       0x080003e0   Number         0  port.o(.text.SVC_Handler)
    [Anonymous Symbol]                       0x080003e4   Section        0  port.o(.text.SysTick_Handler)
    [Anonymous Symbol]                       0x08000414   Section        0  system_gd32f4xx.o(.text.SystemInit)
    [Anonymous Symbol]                       0x08000574   Section        0  bsp_basic_timer.o(.text.TIMER5_DAC_IRQHandler)
    [Anonymous Symbol]                       0x080005a4   Section        0  bsp_usart.o(.text.USART0_IRQHandler)
    [Anonymous Symbol]                       0x0800060c   Section        0  gd32f4xx_it.o(.text.UsageFault_Handler)
    [Anonymous Symbol]                       0x08000610   Section        0  gd32f4xx_dma.o(.text.dma_channel_disable)
    [Anonymous Symbol]                       0x08000624   Section        0  gd32f4xx_dma.o(.text.dma_channel_enable)
    [Anonymous Symbol]                       0x08000638   Section        0  gd32f4xx_dma.o(.text.dma_channel_subperipheral_select)
    [Anonymous Symbol]                       0x08000650   Section        0  bsp_dma.o(.text.dma_config)
    [Anonymous Symbol]                       0x080006d8   Section        0  gd32f4xx_dma.o(.text.dma_deinit)
    [Anonymous Symbol]                       0x08000728   Section        0  gd32f4xx_dma.o(.text.dma_interrupt_enable)
    [Anonymous Symbol]                       0x08000744   Section        0  gd32f4xx_dma.o(.text.dma_interrupt_flag_clear)
    [Anonymous Symbol]                       0x0800077c   Section        0  gd32f4xx_dma.o(.text.dma_interrupt_flag_get)
    [Anonymous Symbol]                       0x080008ac   Section        0  gd32f4xx_dma.o(.text.dma_single_data_mode_init)
    [Anonymous Symbol]                       0x08000934   Section        0  gd32f4xx_dma.o(.text.dma_transfer_number_get)
    [Anonymous Symbol]                       0x08000940   Section        0  gd32f4xx_exti.o(.text.exti_interrupt_flag_clear)
    [Anonymous Symbol]                       0x0800094c   Section        0  gd32f4xx_exti.o(.text.exti_interrupt_flag_get)
    [Anonymous Symbol]                       0x08000960   Section        0  bsp_usart.o(.text.fputc)
    [Anonymous Symbol]                       0x08000984   Section        0  gd32f4xx_gpio.o(.text.gpio_af_set)
    [Anonymous Symbol]                       0x080009f4   Section        0  gd32f4xx_gpio.o(.text.gpio_bit_toggle)
    [Anonymous Symbol]                       0x080009f8   Section        0  gd32f4xx_gpio.o(.text.gpio_input_bit_get)
    [Anonymous Symbol]                       0x08000a04   Section        0  gd32f4xx_gpio.o(.text.gpio_mode_set)
    [Anonymous Symbol]                       0x08000a58   Section        0  gd32f4xx_gpio.o(.text.gpio_output_options_set)
    [Anonymous Symbol]                       0x08000aa0   Section        0  bsp_led.o(.text.led_gpio_config)
    [Anonymous Symbol]                       0x08000ad0   Section        0  main.o(.text.main)
    [Anonymous Symbol]                       0x08000b18   Section        0  gd32f4xx_misc.o(.text.nvic_irq_enable)
    prvAddCurrentTaskToDelayedList           0x08000bbd   Thumb Code   192  tasks.o(.text.prvAddCurrentTaskToDelayedList)
    [Anonymous Symbol]                       0x08000bbc   Section        0  tasks.o(.text.prvAddCurrentTaskToDelayedList)
    prvCheckForValidListAndQueue             0x08000c7d   Thumb Code   104  timers.o(.text.prvCheckForValidListAndQueue)
    [Anonymous Symbol]                       0x08000c7c   Section        0  timers.o(.text.prvCheckForValidListAndQueue)
    prvIdleTask                              0x08000ced   Thumb Code   118  tasks.o(.text.prvIdleTask)
    [Anonymous Symbol]                       0x08000cec   Section        0  tasks.o(.text.prvIdleTask)
    prvPortStartFirstTask                    0x08000d65   Thumb Code    40  port.o(.text.prvPortStartFirstTask)
    [Anonymous Symbol]                       0x08000d64   Section        0  port.o(.text.prvPortStartFirstTask)
    prvProcessExpiredTimer                   0x08000d8d   Thumb Code   124  timers.o(.text.prvProcessExpiredTimer)
    [Anonymous Symbol]                       0x08000d8c   Section        0  timers.o(.text.prvProcessExpiredTimer)
    prvTaskExitError                         0x08000e09   Thumb Code    50  port.o(.text.prvTaskExitError)
    [Anonymous Symbol]                       0x08000e08   Section        0  port.o(.text.prvTaskExitError)
    prvTimerTask                             0x08000e3d   Thumb Code   570  timers.o(.text.prvTimerTask)
    [Anonymous Symbol]                       0x08000e3c   Section        0  timers.o(.text.prvTimerTask)
    prvUnlockQueue                           0x08001079   Thumb Code   116  queue.o(.text.prvUnlockQueue)
    [Anonymous Symbol]                       0x08001078   Section        0  queue.o(.text.prvUnlockQueue)
    [Anonymous Symbol]                       0x080010ec   Section        0  heap_4.o(.text.pvPortMalloc)
    [Anonymous Symbol]                       0x08001270   Section        0  port.o(.text.pxPortInitialiseStack)
    [Anonymous Symbol]                       0x08001294   Section        0  gd32f4xx_rcu.o(.text.rcu_clock_freq_get)
    [Anonymous Symbol]                       0x08001350   Section        0  gd32f4xx_rcu.o(.text.rcu_periph_clock_enable)
    [Anonymous Symbol]                       0x08001370   Section        0  gd32f4xx_rcu.o(.text.rcu_periph_reset_disable)
    [Anonymous Symbol]                       0x08001390   Section        0  gd32f4xx_rcu.o(.text.rcu_periph_reset_enable)
    [Anonymous Symbol]                       0x080013b0   Section        0  systick.o(.text.systick_config)
    [Anonymous Symbol]                       0x080013fc   Section        0  main.o(.text.task_a)
    [Anonymous Symbol]                       0x08001420   Section        0  main.o(.text.task_b)
    [Anonymous Symbol]                       0x08001440   Section        0  gd32f4xx_timer.o(.text.timer_interrupt_flag_clear)
    [Anonymous Symbol]                       0x08001448   Section        0  gd32f4xx_timer.o(.text.timer_interrupt_flag_get)
    [Anonymous Symbol]                       0x08001460   Section        0  gd32f4xx_usart.o(.text.usart_baudrate_set)
    [Anonymous Symbol]                       0x08001520   Section        0  gd32f4xx_usart.o(.text.usart_data_receive)
    [Anonymous Symbol]                       0x08001528   Section        0  gd32f4xx_usart.o(.text.usart_data_transmit)
    [Anonymous Symbol]                       0x08001530   Section        0  gd32f4xx_usart.o(.text.usart_deinit)
    [Anonymous Symbol]                       0x080015f8   Section        0  gd32f4xx_usart.o(.text.usart_dma_receive_config)
    [Anonymous Symbol]                       0x0800160c   Section        0  gd32f4xx_usart.o(.text.usart_enable)
    [Anonymous Symbol]                       0x08001618   Section        0  gd32f4xx_usart.o(.text.usart_flag_get)
    [Anonymous Symbol]                       0x08001628   Section        0  bsp_usart.o(.text.usart_gpio_config)
    [Anonymous Symbol]                       0x080016f4   Section        0  gd32f4xx_usart.o(.text.usart_interrupt_enable)
    [Anonymous Symbol]                       0x0800170c   Section        0  gd32f4xx_usart.o(.text.usart_interrupt_flag_get)
    [Anonymous Symbol]                       0x08001730   Section        0  gd32f4xx_usart.o(.text.usart_parity_config)
    [Anonymous Symbol]                       0x08001740   Section        0  gd32f4xx_usart.o(.text.usart_receive_config)
    [Anonymous Symbol]                       0x0800174c   Section        0  gd32f4xx_usart.o(.text.usart_stop_bit_set)
    [Anonymous Symbol]                       0x0800175c   Section        0  gd32f4xx_usart.o(.text.usart_transmit_config)
    [Anonymous Symbol]                       0x08001768   Section        0  gd32f4xx_usart.o(.text.usart_word_length_set)
    [Anonymous Symbol]                       0x08001778   Section        0  list.o(.text.uxListRemove)
    [Anonymous Symbol]                       0x0800179c   Section        0  list.o(.text.vListInitialise)
    [Anonymous Symbol]                       0x080017b4   Section        0  list.o(.text.vListInitialiseItem)
    [Anonymous Symbol]                       0x080017bc   Section        0  list.o(.text.vListInsert)
    [Anonymous Symbol]                       0x080017f8   Section        0  list.o(.text.vListInsertEnd)
    vPortEnableVFP                           0x08001815   Thumb Code    20  port.o(.text.vPortEnableVFP)
    [Anonymous Symbol]                       0x08001814   Section        0  port.o(.text.vPortEnableVFP)
    [Anonymous Symbol]                       0x08001828   Section        0  port.o(.text.vPortEnterCritical)
    [Anonymous Symbol]                       0x08001870   Section        0  port.o(.text.vPortExitCritical)
    [Anonymous Symbol]                       0x080018a0   Section        0  heap_4.o(.text.vPortFree)
    [Anonymous Symbol]                       0x08001964   Section        0  port.o(.text.vPortSetupTimerInterrupt)
    [Anonymous Symbol]                       0x08001998   Section        0  queue.o(.text.vQueueAddToRegistry)
    [Anonymous Symbol]                       0x080019f4   Section        0  queue.o(.text.vQueueWaitForMessageRestricted)
    [Anonymous Symbol]                       0x08001a3c   Section        0  tasks.o(.text.vTaskDelay)
    [Anonymous Symbol]                       0x08001b00   Section        0  tasks.o(.text.vTaskDelete)
    [Anonymous Symbol]                       0x08001c24   Section        0  tasks.o(.text.vTaskInternalSetTimeOutState)
    [Anonymous Symbol]                       0x08001c40   Section        0  tasks.o(.text.vTaskMissedYield)
    [Anonymous Symbol]                       0x08001c50   Section        0  tasks.o(.text.vTaskPlaceOnEventList)
    [Anonymous Symbol]                       0x08001c88   Section        0  tasks.o(.text.vTaskPlaceOnEventListRestricted)
    [Anonymous Symbol]                       0x08001cfc   Section        0  tasks.o(.text.vTaskStartScheduler)
    [Anonymous Symbol]                       0x08001d98   Section        0  tasks.o(.text.vTaskSuspendAll)
    __tagsym$$used.0                         0x08001da8   Number         0  tasks.o(.text.vTaskSwitchContext)
    [Anonymous Symbol]                       0x08001da8   Section        0  tasks.o(.text.vTaskSwitchContext)
    [Anonymous Symbol]                       0x08001e30   Section        0  port.o(.text.xPortStartScheduler)
    [Anonymous Symbol]                       0x08001f64   Section        0  queue.o(.text.xQueueGenericCreate)
    [Anonymous Symbol]                       0x08001ff8   Section        0  queue.o(.text.xQueueReceive)
    [Anonymous Symbol]                       0x080021a0   Section        0  tasks.o(.text.xTaskCheckForTimeOut)
    [Anonymous Symbol]                       0x08002228   Section        0  tasks.o(.text.xTaskCreate)
    [Anonymous Symbol]                       0x08002428   Section        0  tasks.o(.text.xTaskGetSchedulerState)
    [Anonymous Symbol]                       0x08002450   Section        0  tasks.o(.text.xTaskGetTickCount)
    [Anonymous Symbol]                       0x0800245c   Section        0  tasks.o(.text.xTaskIncrementTick)
    [Anonymous Symbol]                       0x08002618   Section        0  tasks.o(.text.xTaskRemoveFromEventList)
    [Anonymous Symbol]                       0x08002700   Section        0  tasks.o(.text.xTaskResumeAll)
    [Anonymous Symbol]                       0x08002880   Section        0  timers.o(.text.xTimerCreateTimerTask)
    i.__scatterload_copy                     0x080028e0   Section       14  handlers.o(i.__scatterload_copy)
    i.__scatterload_null                     0x080028ee   Section        2  handlers.o(i.__scatterload_null)
    i.__scatterload_zeroinit                 0x080028f0   Section       14  handlers.o(i.__scatterload_zeroinit)
    i.puts                                   0x08002900   Section        0  puts.o(i.puts)
    .L__const.rcu_clock_freq_get.apb2_exp    0x08002924   Data           8  gd32f4xx_rcu.o(.rodata.cst8)
    .Lstr.4                                  0x0800292c   Data          14  bsp_key.o(.rodata.str1.1)
    [Anonymous Symbol]                       0x0800292c   Section        0  bsp_key.o(.rodata.str1.1)
    .Lstr.3                                  0x0800293a   Data          12  bsp_key.o(.rodata.str1.1)
    .data                                    0x20000000   Section        4  stdout.o(.data)
    uxCriticalNesting                        0x20000008   Data           4  port.o(.data.uxCriticalNesting)
    [Anonymous Symbol]                       0x20000008   Section        0  port.o(.data.uxCriticalNesting)
    prvSampleTimeNow.xLastTime               0x20001018   Data           4  timers.o(.bss.prvSampleTimeNow.xLastTime)
    [Anonymous Symbol]                       0x20001018   Section        0  timers.o(.bss.prvSampleTimeNow.xLastTime)
    __tagsym$$used.1                         0x2000101c   Number         0  tasks.o(.bss.pxCurrentTCB)
    pxCurrentTimerList                       0x20001020   Data           4  timers.o(.bss.pxCurrentTimerList)
    [Anonymous Symbol]                       0x20001020   Section        0  timers.o(.bss.pxCurrentTimerList)
    pxDelayedTaskList                        0x20001024   Data           4  tasks.o(.bss.pxDelayedTaskList)
    [Anonymous Symbol]                       0x20001024   Section        0  tasks.o(.bss.pxDelayedTaskList)
    pxEnd                                    0x20001028   Data           4  heap_4.o(.bss.pxEnd)
    [Anonymous Symbol]                       0x20001028   Section        0  heap_4.o(.bss.pxEnd)
    pxOverflowDelayedTaskList                0x2000102c   Data           4  tasks.o(.bss.pxOverflowDelayedTaskList)
    [Anonymous Symbol]                       0x2000102c   Section        0  tasks.o(.bss.pxOverflowDelayedTaskList)
    pxOverflowTimerList                      0x20001030   Data           4  timers.o(.bss.pxOverflowTimerList)
    [Anonymous Symbol]                       0x20001030   Section        0  timers.o(.bss.pxOverflowTimerList)
    pxReadyTasksLists                        0x20001034   Data         100  tasks.o(.bss.pxReadyTasksLists)
    [Anonymous Symbol]                       0x20001034   Section        0  tasks.o(.bss.pxReadyTasksLists)
    ucHeap                                   0x20001098   Data       76800  heap_4.o(.bss.ucHeap)
    [Anonymous Symbol]                       0x20001098   Section        0  heap_4.o(.bss.ucHeap)
    ucMaxSysCallPriority                     0x20013c98   Data           1  port.o(.bss.ucMaxSysCallPriority)
    [Anonymous Symbol]                       0x20013c98   Section        0  port.o(.bss.ucMaxSysCallPriority)
    ulMaxPRIGROUPValue                       0x20013c9c   Data           4  port.o(.bss.ulMaxPRIGROUPValue)
    [Anonymous Symbol]                       0x20013c9c   Section        0  port.o(.bss.ulMaxPRIGROUPValue)
    uxCurrentNumberOfTasks                   0x20013ca0   Data           4  tasks.o(.bss.uxCurrentNumberOfTasks)
    [Anonymous Symbol]                       0x20013ca0   Section        0  tasks.o(.bss.uxCurrentNumberOfTasks)
    uxDeletedTasksWaitingCleanUp             0x20013ca4   Data           4  tasks.o(.bss.uxDeletedTasksWaitingCleanUp)
    [Anonymous Symbol]                       0x20013ca4   Section        0  tasks.o(.bss.uxDeletedTasksWaitingCleanUp)
    uxSchedulerSuspended                     0x20013ca8   Data           4  tasks.o(.bss.uxSchedulerSuspended)
    [Anonymous Symbol]                       0x20013ca8   Section        0  tasks.o(.bss.uxSchedulerSuspended)
    uxTaskNumber                             0x20013cac   Data           4  tasks.o(.bss.uxTaskNumber)
    [Anonymous Symbol]                       0x20013cac   Section        0  tasks.o(.bss.uxTaskNumber)
    uxTopReadyPriority                       0x20013cb0   Data           4  tasks.o(.bss.uxTopReadyPriority)
    [Anonymous Symbol]                       0x20013cb0   Section        0  tasks.o(.bss.uxTopReadyPriority)
    xActiveTimerList1                        0x20013cb4   Data          20  timers.o(.bss.xActiveTimerList1)
    [Anonymous Symbol]                       0x20013cb4   Section        0  timers.o(.bss.xActiveTimerList1)
    xActiveTimerList2                        0x20013cc8   Data          20  timers.o(.bss.xActiveTimerList2)
    [Anonymous Symbol]                       0x20013cc8   Section        0  timers.o(.bss.xActiveTimerList2)
    xDelayedTaskList1                        0x20013cdc   Data          20  tasks.o(.bss.xDelayedTaskList1)
    [Anonymous Symbol]                       0x20013cdc   Section        0  tasks.o(.bss.xDelayedTaskList1)
    xDelayedTaskList2                        0x20013cf0   Data          20  tasks.o(.bss.xDelayedTaskList2)
    [Anonymous Symbol]                       0x20013cf0   Section        0  tasks.o(.bss.xDelayedTaskList2)
    xFreeBytesRemaining                      0x20013d04   Data           4  heap_4.o(.bss.xFreeBytesRemaining)
    [Anonymous Symbol]                       0x20013d04   Section        0  heap_4.o(.bss.xFreeBytesRemaining)
    xIdleTaskHandle                          0x20013d08   Data           4  tasks.o(.bss.xIdleTaskHandle)
    [Anonymous Symbol]                       0x20013d08   Section        0  tasks.o(.bss.xIdleTaskHandle)
    xMinimumEverFreeBytesRemaining           0x20013d0c   Data           4  heap_4.o(.bss.xMinimumEverFreeBytesRemaining)
    [Anonymous Symbol]                       0x20013d0c   Section        0  heap_4.o(.bss.xMinimumEverFreeBytesRemaining)
    xNextTaskUnblockTime                     0x20013d10   Data           4  tasks.o(.bss.xNextTaskUnblockTime)
    [Anonymous Symbol]                       0x20013d10   Section        0  tasks.o(.bss.xNextTaskUnblockTime)
    xNumOfOverflows                          0x20013d14   Data           4  tasks.o(.bss.xNumOfOverflows)
    [Anonymous Symbol]                       0x20013d14   Section        0  tasks.o(.bss.xNumOfOverflows)
    xNumberOfSuccessfulAllocations           0x20013d18   Data           4  heap_4.o(.bss.xNumberOfSuccessfulAllocations)
    [Anonymous Symbol]                       0x20013d18   Section        0  heap_4.o(.bss.xNumberOfSuccessfulAllocations)
    xNumberOfSuccessfulFrees                 0x20013d1c   Data           4  heap_4.o(.bss.xNumberOfSuccessfulFrees)
    [Anonymous Symbol]                       0x20013d1c   Section        0  heap_4.o(.bss.xNumberOfSuccessfulFrees)
    xPendedTicks                             0x20013d20   Data           4  tasks.o(.bss.xPendedTicks)
    [Anonymous Symbol]                       0x20013d20   Section        0  tasks.o(.bss.xPendedTicks)
    xPendingReadyList                        0x20013d24   Data          20  tasks.o(.bss.xPendingReadyList)
    [Anonymous Symbol]                       0x20013d24   Section        0  tasks.o(.bss.xPendingReadyList)
    xSchedulerRunning                        0x20013d78   Data           4  tasks.o(.bss.xSchedulerRunning)
    [Anonymous Symbol]                       0x20013d78   Section        0  tasks.o(.bss.xSchedulerRunning)
    xStart                                   0x20013d7c   Data           8  heap_4.o(.bss.xStart)
    [Anonymous Symbol]                       0x20013d7c   Section        0  heap_4.o(.bss.xStart)
    xSuspendedTaskList                       0x20013d84   Data          20  tasks.o(.bss.xSuspendedTaskList)
    [Anonymous Symbol]                       0x20013d84   Section        0  tasks.o(.bss.xSuspendedTaskList)
    xTasksWaitingTermination                 0x20013d98   Data          20  tasks.o(.bss.xTasksWaitingTermination)
    [Anonymous Symbol]                       0x20013d98   Section        0  tasks.o(.bss.xTasksWaitingTermination)
    xTickCount                               0x20013dac   Data           4  tasks.o(.bss.xTickCount)
    [Anonymous Symbol]                       0x20013dac   Section        0  tasks.o(.bss.xTickCount)
    xTimerQueue                              0x20013db0   Data           4  timers.o(.bss.xTimerQueue)
    [Anonymous Symbol]                       0x20013db0   Section        0  timers.o(.bss.xTimerQueue)
    xTimerTaskHandle                         0x20013db4   Data           4  timers.o(.bss.xTimerTaskHandle)
    [Anonymous Symbol]                       0x20013db4   Section        0  timers.o(.bss.xTimerTaskHandle)
    xYieldPending                            0x20013db8   Data           4  tasks.o(.bss.xYieldPending)
    [Anonymous Symbol]                       0x20013db8   Section        0  tasks.o(.bss.xYieldPending)
    STACK                                    0x20013dc0   Section     1024  startup_gd32f450_470.o(STACK)

    Global Symbols

    Symbol Name                              Value     Ov Type        Size  Object(Section)

    BuildAttributes$$THM_ISAv4$E$P$D$K$B$S$7EM$VFPi3$EXTD16$VFPS$VFMA$PE$A:L22UL41UL21$X:L11$S22US41US21$IEEE1$IW$~IW$USESV6$~STKCKD$USESV7$~SHL$OTIME$EBA8$MICROLIB$REQ8$PRES8$EABIv2 0x00000000   Number         0  anon$$obj.o ABSOLUTE
    __cpp_initialize__aeabi_                  - Undefined Weak Reference
    __cxa_finalize                            - Undefined Weak Reference
    __decompress                              - Undefined Weak Reference
    _clock_init                               - Undefined Weak Reference
    _microlib_exit                            - Undefined Weak Reference
    __Vectors_Size                           0x000001ac   Number         0  startup_gd32f450_470.o ABSOLUTE
    __Vectors                                0x08000000   Data           4  startup_gd32f450_470.o(RESET)
    __Vectors_End                            0x080001ac   Data           0  startup_gd32f450_470.o(RESET)
    __main                                   0x080001ad   Thumb Code     0  entry.o(.ARM.Collect$$$$00000000)
    _main_stk                                0x080001ad   Thumb Code     0  entry2.o(.ARM.Collect$$$$00000001)
    _main_scatterload                        0x080001b1   Thumb Code     0  entry5.o(.ARM.Collect$$$$00000004)
    __main_after_scatterload                 0x080001b5   Thumb Code     0  entry5.o(.ARM.Collect$$$$00000004)
    _main_clock                              0x080001b5   Thumb Code     0  entry7b.o(.ARM.Collect$$$$00000008)
    _main_cpp_init                           0x080001b5   Thumb Code     0  entry8b.o(.ARM.Collect$$$$0000000A)
    _main_init                               0x080001b5   Thumb Code     0  entry9a.o(.ARM.Collect$$$$0000000B)
    __rt_final_cpp                           0x080001bd   Thumb Code     0  entry10a.o(.ARM.Collect$$$$0000000D)
    __rt_final_exit                          0x080001bd   Thumb Code     0  entry11a.o(.ARM.Collect$$$$0000000F)
    Reset_Handler                            0x080001c1   Thumb Code     8  startup_gd32f450_470.o(.text)
    ADC_IRQHandler                           0x080001db   Thumb Code     0  startup_gd32f450_470.o(.text)
    CAN0_EWMC_IRQHandler                     0x080001db   Thumb Code     0  startup_gd32f450_470.o(.text)
    CAN0_RX0_IRQHandler                      0x080001db   Thumb Code     0  startup_gd32f450_470.o(.text)
    CAN0_RX1_IRQHandler                      0x080001db   Thumb Code     0  startup_gd32f450_470.o(.text)
    CAN0_TX_IRQHandler                       0x080001db   Thumb Code     0  startup_gd32f450_470.o(.text)
    CAN1_EWMC_IRQHandler                     0x080001db   Thumb Code     0  startup_gd32f450_470.o(.text)
    CAN1_RX0_IRQHandler                      0x080001db   Thumb Code     0  startup_gd32f450_470.o(.text)
    CAN1_RX1_IRQHandler                      0x080001db   Thumb Code     0  startup_gd32f450_470.o(.text)
    CAN1_TX_IRQHandler                       0x080001db   Thumb Code     0  startup_gd32f450_470.o(.text)
    DCI_IRQHandler                           0x080001db   Thumb Code     0  startup_gd32f450_470.o(.text)
    DMA0_Channel0_IRQHandler                 0x080001db   Thumb Code     0  startup_gd32f450_470.o(.text)
    DMA0_Channel1_IRQHandler                 0x080001db   Thumb Code     0  startup_gd32f450_470.o(.text)
    DMA0_Channel2_IRQHandler                 0x080001db   Thumb Code     0  startup_gd32f450_470.o(.text)
    DMA0_Channel3_IRQHandler                 0x080001db   Thumb Code     0  startup_gd32f450_470.o(.text)
    DMA0_Channel4_IRQHandler                 0x080001db   Thumb Code     0  startup_gd32f450_470.o(.text)
    DMA0_Channel5_IRQHandler                 0x080001db   Thumb Code     0  startup_gd32f450_470.o(.text)
    DMA0_Channel6_IRQHandler                 0x080001db   Thumb Code     0  startup_gd32f450_470.o(.text)
    DMA0_Channel7_IRQHandler                 0x080001db   Thumb Code     0  startup_gd32f450_470.o(.text)
    DMA1_Channel0_IRQHandler                 0x080001db   Thumb Code     0  startup_gd32f450_470.o(.text)
    DMA1_Channel1_IRQHandler                 0x080001db   Thumb Code     0  startup_gd32f450_470.o(.text)
    DMA1_Channel3_IRQHandler                 0x080001db   Thumb Code     0  startup_gd32f450_470.o(.text)
    DMA1_Channel4_IRQHandler                 0x080001db   Thumb Code     0  startup_gd32f450_470.o(.text)
    DMA1_Channel5_IRQHandler                 0x080001db   Thumb Code     0  startup_gd32f450_470.o(.text)
    DMA1_Channel6_IRQHandler                 0x080001db   Thumb Code     0  startup_gd32f450_470.o(.text)
    DMA1_Channel7_IRQHandler                 0x080001db   Thumb Code     0  startup_gd32f450_470.o(.text)
    ENET_IRQHandler                          0x080001db   Thumb Code     0  startup_gd32f450_470.o(.text)
    ENET_WKUP_IRQHandler                     0x080001db   Thumb Code     0  startup_gd32f450_470.o(.text)
    EXMC_IRQHandler                          0x080001db   Thumb Code     0  startup_gd32f450_470.o(.text)
    EXTI10_15_IRQHandler                     0x080001db   Thumb Code     0  startup_gd32f450_470.o(.text)
    EXTI1_IRQHandler                         0x080001db   Thumb Code     0  startup_gd32f450_470.o(.text)
    EXTI2_IRQHandler                         0x080001db   Thumb Code     0  startup_gd32f450_470.o(.text)
    EXTI3_IRQHandler                         0x080001db   Thumb Code     0  startup_gd32f450_470.o(.text)
    EXTI4_IRQHandler                         0x080001db   Thumb Code     0  startup_gd32f450_470.o(.text)
    EXTI5_9_IRQHandler                       0x080001db   Thumb Code     0  startup_gd32f450_470.o(.text)
    FMC_IRQHandler                           0x080001db   Thumb Code     0  startup_gd32f450_470.o(.text)
    FPU_IRQHandler                           0x080001db   Thumb Code     0  startup_gd32f450_470.o(.text)
    I2C0_ER_IRQHandler                       0x080001db   Thumb Code     0  startup_gd32f450_470.o(.text)
    I2C0_EV_IRQHandler                       0x080001db   Thumb Code     0  startup_gd32f450_470.o(.text)
    I2C1_ER_IRQHandler                       0x080001db   Thumb Code     0  startup_gd32f450_470.o(.text)
    I2C1_EV_IRQHandler                       0x080001db   Thumb Code     0  startup_gd32f450_470.o(.text)
    I2C2_ER_IRQHandler                       0x080001db   Thumb Code     0  startup_gd32f450_470.o(.text)
    I2C2_EV_IRQHandler                       0x080001db   Thumb Code     0  startup_gd32f450_470.o(.text)
    IPA_IRQHandler                           0x080001db   Thumb Code     0  startup_gd32f450_470.o(.text)
    LVD_IRQHandler                           0x080001db   Thumb Code     0  startup_gd32f450_470.o(.text)
    RCU_CTC_IRQHandler                       0x080001db   Thumb Code     0  startup_gd32f450_470.o(.text)
    RTC_Alarm_IRQHandler                     0x080001db   Thumb Code     0  startup_gd32f450_470.o(.text)
    RTC_WKUP_IRQHandler                      0x080001db   Thumb Code     0  startup_gd32f450_470.o(.text)
    SDIO_IRQHandler                          0x080001db   Thumb Code     0  startup_gd32f450_470.o(.text)
    SPI0_IRQHandler                          0x080001db   Thumb Code     0  startup_gd32f450_470.o(.text)
    SPI1_IRQHandler                          0x080001db   Thumb Code     0  startup_gd32f450_470.o(.text)
    SPI2_IRQHandler                          0x080001db   Thumb Code     0  startup_gd32f450_470.o(.text)
    SPI3_IRQHandler                          0x080001db   Thumb Code     0  startup_gd32f450_470.o(.text)
    SPI4_IRQHandler                          0x080001db   Thumb Code     0  startup_gd32f450_470.o(.text)
    SPI5_IRQHandler                          0x080001db   Thumb Code     0  startup_gd32f450_470.o(.text)
    TAMPER_STAMP_IRQHandler                  0x080001db   Thumb Code     0  startup_gd32f450_470.o(.text)
    TIMER0_BRK_TIMER8_IRQHandler             0x080001db   Thumb Code     0  startup_gd32f450_470.o(.text)
    TIMER0_Channel_IRQHandler                0x080001db   Thumb Code     0  startup_gd32f450_470.o(.text)
    TIMER0_TRG_CMT_TIMER10_IRQHandler        0x080001db   Thumb Code     0  startup_gd32f450_470.o(.text)
    TIMER0_UP_TIMER9_IRQHandler              0x080001db   Thumb Code     0  startup_gd32f450_470.o(.text)
    TIMER1_IRQHandler                        0x080001db   Thumb Code     0  startup_gd32f450_470.o(.text)
    TIMER2_IRQHandler                        0x080001db   Thumb Code     0  startup_gd32f450_470.o(.text)
    TIMER3_IRQHandler                        0x080001db   Thumb Code     0  startup_gd32f450_470.o(.text)
    TIMER4_IRQHandler                        0x080001db   Thumb Code     0  startup_gd32f450_470.o(.text)
    TIMER6_IRQHandler                        0x080001db   Thumb Code     0  startup_gd32f450_470.o(.text)
    TIMER7_BRK_TIMER11_IRQHandler            0x080001db   Thumb Code     0  startup_gd32f450_470.o(.text)
    TIMER7_Channel_IRQHandler                0x080001db   Thumb Code     0  startup_gd32f450_470.o(.text)
    TIMER7_TRG_CMT_TIMER13_IRQHandler        0x080001db   Thumb Code     0  startup_gd32f450_470.o(.text)
    TIMER7_UP_TIMER12_IRQHandler             0x080001db   Thumb Code     0  startup_gd32f450_470.o(.text)
    TLI_ER_IRQHandler                        0x080001db   Thumb Code     0  startup_gd32f450_470.o(.text)
    TLI_IRQHandler                           0x080001db   Thumb Code     0  startup_gd32f450_470.o(.text)
    TRNG_IRQHandler                          0x080001db   Thumb Code     0  startup_gd32f450_470.o(.text)
    UART3_IRQHandler                         0x080001db   Thumb Code     0  startup_gd32f450_470.o(.text)
    UART4_IRQHandler                         0x080001db   Thumb Code     0  startup_gd32f450_470.o(.text)
    UART6_IRQHandler                         0x080001db   Thumb Code     0  startup_gd32f450_470.o(.text)
    UART7_IRQHandler                         0x080001db   Thumb Code     0  startup_gd32f450_470.o(.text)
    USART1_IRQHandler                        0x080001db   Thumb Code     0  startup_gd32f450_470.o(.text)
    USART2_IRQHandler                        0x080001db   Thumb Code     0  startup_gd32f450_470.o(.text)
    USART5_IRQHandler                        0x080001db   Thumb Code     0  startup_gd32f450_470.o(.text)
    USBFS_IRQHandler                         0x080001db   Thumb Code     0  startup_gd32f450_470.o(.text)
    USBFS_WKUP_IRQHandler                    0x080001db   Thumb Code     0  startup_gd32f450_470.o(.text)
    USBHS_EP1_In_IRQHandler                  0x080001db   Thumb Code     0  startup_gd32f450_470.o(.text)
    USBHS_EP1_Out_IRQHandler                 0x080001db   Thumb Code     0  startup_gd32f450_470.o(.text)
    USBHS_IRQHandler                         0x080001db   Thumb Code     0  startup_gd32f450_470.o(.text)
    USBHS_WKUP_IRQHandler                    0x080001db   Thumb Code     0  startup_gd32f450_470.o(.text)
    WWDGT_IRQHandler                         0x080001db   Thumb Code     0  startup_gd32f450_470.o(.text)
    __aeabi_memcpy                           0x080001e5   Thumb Code    36  memcpya.o(.text)
    __aeabi_memcpy4                          0x080001e5   Thumb Code     0  memcpya.o(.text)
    __aeabi_memcpy8                          0x080001e5   Thumb Code     0  memcpya.o(.text)
    __aeabi_memset                           0x08000209   Thumb Code    14  memseta.o(.text)
    __aeabi_memset4                          0x08000209   Thumb Code     0  memseta.o(.text)
    __aeabi_memset8                          0x08000209   Thumb Code     0  memseta.o(.text)
    __aeabi_memclr                           0x08000217   Thumb Code     4  memseta.o(.text)
    __aeabi_memclr4                          0x08000217   Thumb Code     0  memseta.o(.text)
    __aeabi_memclr8                          0x08000217   Thumb Code     0  memseta.o(.text)
    _memset$wrapper                          0x0800021b   Thumb Code    18  memseta.o(.text)
    __scatterload                            0x0800022d   Thumb Code    38  init.o(.text)
    __scatterload_rt2                        0x0800022d   Thumb Code     0  init.o(.text)
    BusFault_Handler                         0x0800025d   Thumb Code     2  gd32f4xx_it.o(.text.BusFault_Handler)
    CrateTask                                0x08000261   Thumb Code    80  main.o(.text.CrateTask)
    DMA1_Channel2_IRQHandler                 0x080002c1   Thumb Code    40  bsp_dma.o(.text.DMA1_Channel2_IRQHandler)
    DebugMon_Handler                         0x080002e9   Thumb Code     2  gd32f4xx_it.o(.text.DebugMon_Handler)
    EXTI0_IRQHandler                         0x080002ed   Thumb Code    74  bsp_key.o(.text.EXTI0_IRQHandler)
    HardFault_Handler                        0x08000339   Thumb Code     2  gd32f4xx_it.o(.text.HardFault_Handler)
    MemManage_Handler                        0x0800033d   Thumb Code     2  gd32f4xx_it.o(.text.MemManage_Handler)
    NMI_Handler                              0x08000341   Thumb Code     2  gd32f4xx_it.o(.text.NMI_Handler)
    PendSV_Handler                           0x08000351   Thumb Code   100  port.o(.text.PendSV_Handler)
    SVC_Handler                              0x080003c1   Thumb Code    36  port.o(.text.SVC_Handler)
    SysTick_Handler                          0x080003e5   Thumb Code    46  port.o(.text.SysTick_Handler)
    SystemInit                               0x08000415   Thumb Code   350  system_gd32f4xx.o(.text.SystemInit)
    TIMER5_DAC_IRQHandler                    0x08000575   Thumb Code    46  bsp_basic_timer.o(.text.TIMER5_DAC_IRQHandler)
    USART0_IRQHandler                        0x080005a5   Thumb Code   102  bsp_usart.o(.text.USART0_IRQHandler)
    UsageFault_Handler                       0x0800060d   Thumb Code     2  gd32f4xx_it.o(.text.UsageFault_Handler)
    dma_channel_disable                      0x08000611   Thumb Code    18  gd32f4xx_dma.o(.text.dma_channel_disable)
    dma_channel_enable                       0x08000625   Thumb Code    18  gd32f4xx_dma.o(.text.dma_channel_enable)
    dma_channel_subperipheral_select         0x08000639   Thumb Code    22  gd32f4xx_dma.o(.text.dma_channel_subperipheral_select)
    dma_config                               0x08000651   Thumb Code   136  bsp_dma.o(.text.dma_config)
    dma_deinit                               0x080006d9   Thumb Code    78  gd32f4xx_dma.o(.text.dma_deinit)
    dma_interrupt_enable                     0x08000729   Thumb Code    26  gd32f4xx_dma.o(.text.dma_interrupt_enable)
    dma_interrupt_flag_clear                 0x08000745   Thumb Code    54  gd32f4xx_dma.o(.text.dma_interrupt_flag_clear)
    dma_interrupt_flag_get                   0x0800077d   Thumb Code   302  gd32f4xx_dma.o(.text.dma_interrupt_flag_get)
    dma_single_data_mode_init                0x080008ad   Thumb Code   136  gd32f4xx_dma.o(.text.dma_single_data_mode_init)
    dma_transfer_number_get                  0x08000935   Thumb Code    12  gd32f4xx_dma.o(.text.dma_transfer_number_get)
    exti_interrupt_flag_clear                0x08000941   Thumb Code    12  gd32f4xx_exti.o(.text.exti_interrupt_flag_clear)
    exti_interrupt_flag_get                  0x0800094d   Thumb Code    18  gd32f4xx_exti.o(.text.exti_interrupt_flag_get)
    fputc                                    0x08000961   Thumb Code    36  bsp_usart.o(.text.fputc)
    gpio_af_set                              0x08000985   Thumb Code   110  gd32f4xx_gpio.o(.text.gpio_af_set)
    gpio_bit_toggle                          0x080009f5   Thumb Code     4  gd32f4xx_gpio.o(.text.gpio_bit_toggle)
    gpio_input_bit_get                       0x080009f9   Thumb Code    10  gd32f4xx_gpio.o(.text.gpio_input_bit_get)
    gpio_mode_set                            0x08000a05   Thumb Code    84  gd32f4xx_gpio.o(.text.gpio_mode_set)
    gpio_output_options_set                  0x08000a59   Thumb Code    70  gd32f4xx_gpio.o(.text.gpio_output_options_set)
    led_gpio_config                          0x08000aa1   Thumb Code    46  bsp_led.o(.text.led_gpio_config)
    main                                     0x08000ad1   Thumb Code    60  main.o(.text.main)
    nvic_irq_enable                          0x08000b19   Thumb Code   164  gd32f4xx_misc.o(.text.nvic_irq_enable)
    pvPortMalloc                             0x080010ed   Thumb Code   386  heap_4.o(.text.pvPortMalloc)
    pxPortInitialiseStack                    0x08001271   Thumb Code    36  port.o(.text.pxPortInitialiseStack)
    rcu_clock_freq_get                       0x08001295   Thumb Code   172  gd32f4xx_rcu.o(.text.rcu_clock_freq_get)
    rcu_periph_clock_enable                  0x08001351   Thumb Code    30  gd32f4xx_rcu.o(.text.rcu_periph_clock_enable)
    rcu_periph_reset_disable                 0x08001371   Thumb Code    32  gd32f4xx_rcu.o(.text.rcu_periph_reset_disable)
    rcu_periph_reset_enable                  0x08001391   Thumb Code    30  gd32f4xx_rcu.o(.text.rcu_periph_reset_enable)
    systick_config                           0x080013b1   Thumb Code    74  systick.o(.text.systick_config)
    task_a                                   0x080013fd   Thumb Code    34  main.o(.text.task_a)
    task_b                                   0x08001421   Thumb Code    30  main.o(.text.task_b)
    timer_interrupt_flag_clear               0x08001441   Thumb Code     6  gd32f4xx_timer.o(.text.timer_interrupt_flag_clear)
    timer_interrupt_flag_get                 0x08001449   Thumb Code    22  gd32f4xx_timer.o(.text.timer_interrupt_flag_get)
    usart_baudrate_set                       0x08001461   Thumb Code   190  gd32f4xx_usart.o(.text.usart_baudrate_set)
    usart_data_receive                       0x08001521   Thumb Code     8  gd32f4xx_usart.o(.text.usart_data_receive)
    usart_data_transmit                      0x08001529   Thumb Code     8  gd32f4xx_usart.o(.text.usart_data_transmit)
    usart_deinit                             0x08001531   Thumb Code   200  gd32f4xx_usart.o(.text.usart_deinit)
    usart_dma_receive_config                 0x080015f9   Thumb Code    20  gd32f4xx_usart.o(.text.usart_dma_receive_config)
    usart_enable                             0x0800160d   Thumb Code    10  gd32f4xx_usart.o(.text.usart_enable)
    usart_flag_get                           0x08001619   Thumb Code    16  gd32f4xx_usart.o(.text.usart_flag_get)
    usart_gpio_config                        0x08001629   Thumb Code   204  bsp_usart.o(.text.usart_gpio_config)
    usart_interrupt_enable                   0x080016f5   Thumb Code    22  gd32f4xx_usart.o(.text.usart_interrupt_enable)
    usart_interrupt_flag_get                 0x0800170d   Thumb Code    34  gd32f4xx_usart.o(.text.usart_interrupt_flag_get)
    usart_parity_config                      0x08001731   Thumb Code    16  gd32f4xx_usart.o(.text.usart_parity_config)
    usart_receive_config                     0x08001741   Thumb Code    12  gd32f4xx_usart.o(.text.usart_receive_config)
    usart_stop_bit_set                       0x0800174d   Thumb Code    16  gd32f4xx_usart.o(.text.usart_stop_bit_set)
    usart_transmit_config                    0x0800175d   Thumb Code    12  gd32f4xx_usart.o(.text.usart_transmit_config)
    usart_word_length_set                    0x08001769   Thumb Code    16  gd32f4xx_usart.o(.text.usart_word_length_set)
    uxListRemove                             0x08001779   Thumb Code    36  list.o(.text.uxListRemove)
    vListInitialise                          0x0800179d   Thumb Code    22  list.o(.text.vListInitialise)
    vListInitialiseItem                      0x080017b5   Thumb Code     6  list.o(.text.vListInitialiseItem)
    vListInsert                              0x080017bd   Thumb Code    58  list.o(.text.vListInsert)
    vListInsertEnd                           0x080017f9   Thumb Code    28  list.o(.text.vListInsertEnd)
    vPortEnterCritical                       0x08001829   Thumb Code    70  port.o(.text.vPortEnterCritical)
    vPortExitCritical                        0x08001871   Thumb Code    46  port.o(.text.vPortExitCritical)
    vPortFree                                0x080018a1   Thumb Code   194  heap_4.o(.text.vPortFree)
    vPortSetupTimerInterrupt                 0x08001965   Thumb Code    52  port.o(.text.vPortSetupTimerInterrupt)
    vQueueAddToRegistry                      0x08001999   Thumb Code    90  queue.o(.text.vQueueAddToRegistry)
    vQueueWaitForMessageRestricted           0x080019f5   Thumb Code    70  queue.o(.text.vQueueWaitForMessageRestricted)
    vTaskDelay                               0x08001a3d   Thumb Code   194  tasks.o(.text.vTaskDelay)
    vTaskDelete                              0x08001b01   Thumb Code   290  tasks.o(.text.vTaskDelete)
    vTaskInternalSetTimeOutState             0x08001c25   Thumb Code    26  tasks.o(.text.vTaskInternalSetTimeOutState)
    vTaskMissedYield                         0x08001c41   Thumb Code    14  tasks.o(.text.vTaskMissedYield)
    vTaskPlaceOnEventList                    0x08001c51   Thumb Code    54  tasks.o(.text.vTaskPlaceOnEventList)
    vTaskPlaceOnEventListRestricted          0x08001c89   Thumb Code   114  tasks.o(.text.vTaskPlaceOnEventListRestricted)
    vTaskStartScheduler                      0x08001cfd   Thumb Code   148  tasks.o(.text.vTaskStartScheduler)
    vTaskSuspendAll                          0x08001d99   Thumb Code    16  tasks.o(.text.vTaskSuspendAll)
    vTaskSwitchContext                       0x08001da9   Thumb Code   134  tasks.o(.text.vTaskSwitchContext)
    xPortStartScheduler                      0x08001e31   Thumb Code   306  port.o(.text.xPortStartScheduler)
    xQueueGenericCreate                      0x08001f65   Thumb Code   146  queue.o(.text.xQueueGenericCreate)
    xQueueReceive                            0x08001ff9   Thumb Code   424  queue.o(.text.xQueueReceive)
    xTaskCheckForTimeOut                     0x080021a1   Thumb Code   136  tasks.o(.text.xTaskCheckForTimeOut)
    xTaskCreate                              0x08002229   Thumb Code   512  tasks.o(.text.xTaskCreate)
    xTaskGetSchedulerState                   0x08002429   Thumb Code    38  tasks.o(.text.xTaskGetSchedulerState)
    xTaskGetTickCount                        0x08002451   Thumb Code    12  tasks.o(.text.xTaskGetTickCount)
    xTaskIncrementTick                       0x0800245d   Thumb Code   442  tasks.o(.text.xTaskIncrementTick)
    xTaskRemoveFromEventList                 0x08002619   Thumb Code   232  tasks.o(.text.xTaskRemoveFromEventList)
    xTaskResumeAll                           0x08002701   Thumb Code   384  tasks.o(.text.xTaskResumeAll)
    xTimerCreateTimerTask                    0x08002881   Thumb Code    88  timers.o(.text.xTimerCreateTimerTask)
    __scatterload_copy                       0x080028e1   Thumb Code    14  handlers.o(i.__scatterload_copy)
    __scatterload_null                       0x080028ef   Thumb Code     2  handlers.o(i.__scatterload_null)
    __scatterload_zeroinit                   0x080028f1   Thumb Code    14  handlers.o(i.__scatterload_zeroinit)
    puts                                     0x08002901   Thumb Code    30  puts.o(i.puts)
    uxTopUsedPriority                        0x08002948   Data           4  tasks.o(.rodata.uxTopUsedPriority)
    Region$$Table$$Base                      0x0800294c   Number         0  anon$$obj.o(Region$$Table)
    Region$$Table$$Limit                     0x0800296c   Number         0  anon$$obj.o(Region$$Table)
    __stdout                                 0x20000000   Data           4  stdout.o(.data)
    SystemCoreClock                          0x20000004   Data           4  system_gd32f4xx.o(.data.SystemCoreClock)
    StartTask_Handler                        0x20000010   Data           4  main.o(.bss.StartTask_Handler)
    g_recv_buff                              0x20000014   Data        4096  bsp_usart.o(.bss.g_recv_buff)
    g_recv_complete_flag                     0x20001014   Data           1  bsp_usart.o(.bss.g_recv_complete_flag)
    g_recv_length                            0x20001016   Data           2  bsp_usart.o(.bss.g_recv_length)
    pxCurrentTCB                             0x2000101c   Data           4  tasks.o(.bss.pxCurrentTCB)
    xQueueRegistry                           0x20013d38   Data          64  queue.o(.bss.xQueueRegistry)
    __initial_sp                             0x200141c0   Data           0  startup_gd32f450_470.o(STACK)



==============================================================================

Memory Map of the image

  Image Entry point : 0x080001ad

  Load Region LR_IROM1 (Base: 0x08000000, Size: 0x00002980, Max: 0x00100000, ABSOLUTE)

    Execution Region ER_IROM1 (Exec base: 0x08000000, Load base: 0x08000000, Size: 0x0000296c, Max: 0x00100000, ABSOLUTE)

    Exec Addr    Load Addr    Size         Type   Attr      Idx    E Section Name        Object

    0x08000000   0x08000000   0x000001ac   Data   RO          977    RESET               startup_gd32f450_470.o
    0x080001ac   0x080001ac   0x00000000   Code   RO         1406  * .ARM.Collect$$$$00000000  mc_w.l(entry.o)
    0x080001ac   0x080001ac   0x00000004   Code   RO         1419    .ARM.Collect$$$$00000001  mc_w.l(entry2.o)
    0x080001b0   0x080001b0   0x00000004   Code   RO         1422    .ARM.Collect$$$$00000004  mc_w.l(entry5.o)
    0x080001b4   0x080001b4   0x00000000   Code   RO         1424    .ARM.Collect$$$$00000008  mc_w.l(entry7b.o)
    0x080001b4   0x080001b4   0x00000000   Code   RO         1426    .ARM.Collect$$$$0000000A  mc_w.l(entry8b.o)
    0x080001b4   0x080001b4   0x00000008   Code   RO         1427    .ARM.Collect$$$$0000000B  mc_w.l(entry9a.o)
    0x080001bc   0x080001bc   0x00000000   Code   RO         1429    .ARM.Collect$$$$0000000D  mc_w.l(entry10a.o)
    0x080001bc   0x080001bc   0x00000000   Code   RO         1431    .ARM.Collect$$$$0000000F  mc_w.l(entry11a.o)
    0x080001bc   0x080001bc   0x00000004   Code   RO         1420    .ARM.Collect$$$$00002712  mc_w.l(entry2.o)
    0x080001c0   0x080001c0   0x00000024   Code   RO          978    .text               startup_gd32f450_470.o
    0x080001e4   0x080001e4   0x00000024   Code   RO         1413    .text               mc_w.l(memcpya.o)
    0x08000208   0x08000208   0x00000024   Code   RO         1415    .text               mc_w.l(memseta.o)
    0x0800022c   0x0800022c   0x00000030   Code   RO         1434    .text               mc_w.l(init.o)
    0x0800025c   0x0800025c   0x00000002   Code   RO            8    .text.BusFault_Handler  gd32f4xx_it.o
    0x0800025e   0x0800025e   0x00000002   PAD
    0x08000260   0x08000260   0x00000060   Code   RO           23    .text.CrateTask     main.o
    0x080002c0   0x080002c0   0x00000028   Code   RO          132    .text.DMA1_Channel2_IRQHandler  bsp_dma.o
    0x080002e8   0x080002e8   0x00000002   Code   RO           12    .text.DebugMon_Handler  gd32f4xx_it.o
    0x080002ea   0x080002ea   0x00000002   PAD
    0x080002ec   0x080002ec   0x0000004a   Code   RO           92    .text.EXTI0_IRQHandler  bsp_key.o
    0x08000336   0x08000336   0x00000002   PAD
    0x08000338   0x08000338   0x00000002   Code   RO            4    .text.HardFault_Handler  gd32f4xx_it.o
    0x0800033a   0x0800033a   0x00000002   PAD
    0x0800033c   0x0800033c   0x00000002   Code   RO            6    .text.MemManage_Handler  gd32f4xx_it.o
    0x0800033e   0x0800033e   0x00000002   PAD
    0x08000340   0x08000340   0x00000002   Code   RO            2    .text.NMI_Handler   gd32f4xx_it.o
    0x08000342   0x08000342   0x0000000e   PAD
    0x08000350   0x08000350   0x00000064   Code   RO         1390    .text.PendSV_Handler  port.o
    0x080003b4   0x080003b4   0x0000000c   PAD
    0x080003c0   0x080003c0   0x00000024   Code   RO         1374    .text.SVC_Handler   port.o
    0x080003e4   0x080003e4   0x0000002e   Code   RO         1392    .text.SysTick_Handler  port.o
    0x08000412   0x08000412   0x00000002   PAD
    0x08000414   0x08000414   0x0000015e   Code   RO          985    .text.SystemInit    system_gd32f4xx.o
    0x08000572   0x08000572   0x00000002   PAD
    0x08000574   0x08000574   0x0000002e   Code   RO          120    .text.TIMER5_DAC_IRQHandler  bsp_basic_timer.o
    0x080005a2   0x080005a2   0x00000002   PAD
    0x080005a4   0x080005a4   0x00000066   Code   RO           69    .text.USART0_IRQHandler  bsp_usart.o
    0x0800060a   0x0800060a   0x00000002   PAD
    0x0800060c   0x0800060c   0x00000002   Code   RO           10    .text.UsageFault_Handler  gd32f4xx_it.o
    0x0800060e   0x0800060e   0x00000002   PAD
    0x08000610   0x08000610   0x00000012   Code   RO          442    .text.dma_channel_disable  gd32f4xx_dma.o
    0x08000622   0x08000622   0x00000002   PAD
    0x08000624   0x08000624   0x00000012   Code   RO          440    .text.dma_channel_enable  gd32f4xx_dma.o
    0x08000636   0x08000636   0x00000002   PAD
    0x08000638   0x08000638   0x00000016   Code   RO          450    .text.dma_channel_subperipheral_select  gd32f4xx_dma.o
    0x0800064e   0x0800064e   0x00000002   PAD
    0x08000650   0x08000650   0x00000088   Code   RO          130    .text.dma_config    bsp_dma.o
    0x080006d8   0x080006d8   0x0000004e   Code   RO          404    .text.dma_deinit    gd32f4xx_dma.o
    0x08000726   0x08000726   0x00000002   PAD
    0x08000728   0x08000728   0x0000001a   Code   RO          462    .text.dma_interrupt_enable  gd32f4xx_dma.o
    0x08000742   0x08000742   0x00000002   PAD
    0x08000744   0x08000744   0x00000036   Code   RO          468    .text.dma_interrupt_flag_clear  gd32f4xx_dma.o
    0x0800077a   0x0800077a   0x00000002   PAD
    0x0800077c   0x0800077c   0x0000012e   Code   RO          466    .text.dma_interrupt_flag_get  gd32f4xx_dma.o
    0x080008aa   0x080008aa   0x00000002   PAD
    0x080008ac   0x080008ac   0x00000088   Code   RO          410    .text.dma_single_data_mode_init  gd32f4xx_dma.o
    0x08000934   0x08000934   0x0000000c   Code   RO          420    .text.dma_transfer_number_get  gd32f4xx_dma.o
    0x08000940   0x08000940   0x0000000c   Code   RO          500    .text.exti_interrupt_flag_clear  gd32f4xx_exti.o
    0x0800094c   0x0800094c   0x00000012   Code   RO          498    .text.exti_interrupt_flag_get  gd32f4xx_exti.o
    0x0800095e   0x0800095e   0x00000002   PAD
    0x08000960   0x08000960   0x00000024   Code   RO           67    .text.fputc         bsp_usart.o
    0x08000984   0x08000984   0x0000006e   Code   RO          163    .text.gpio_af_set   gd32f4xx_gpio.o
    0x080009f2   0x080009f2   0x00000002   PAD
    0x080009f4   0x080009f4   0x00000004   Code   RO          167    .text.gpio_bit_toggle  gd32f4xx_gpio.o
    0x080009f8   0x080009f8   0x0000000a   Code   RO          155    .text.gpio_input_bit_get  gd32f4xx_gpio.o
    0x08000a02   0x08000a02   0x00000002   PAD
    0x08000a04   0x08000a04   0x00000054   Code   RO          143    .text.gpio_mode_set  gd32f4xx_gpio.o
    0x08000a58   0x08000a58   0x00000046   Code   RO          145    .text.gpio_output_options_set  gd32f4xx_gpio.o
    0x08000a9e   0x08000a9e   0x00000002   PAD
    0x08000aa0   0x08000aa0   0x0000002e   Code   RO           82    .text.led_gpio_config  bsp_led.o
    0x08000ace   0x08000ace   0x00000002   PAD
    0x08000ad0   0x08000ad0   0x00000048   Code   RO           21    .text.main          main.o
    0x08000b18   0x08000b18   0x000000a4   Code   RO          284    .text.nvic_irq_enable  gd32f4xx_misc.o
    0x08000bbc   0x08000bbc   0x000000c0   Code   RO         1166    .text.prvAddCurrentTaskToDelayedList  tasks.o
    0x08000c7c   0x08000c7c   0x00000070   Code   RO         1292    .text.prvCheckForValidListAndQueue  timers.o
    0x08000cec   0x08000cec   0x00000076   Code   RO         1190    .text.prvIdleTask   tasks.o
    0x08000d62   0x08000d62   0x00000002   PAD
    0x08000d64   0x08000d64   0x00000028   Code   RO         1382    .text.prvPortStartFirstTask  port.o
    0x08000d8c   0x08000d8c   0x0000007c   Code   RO         1324    .text.prvProcessExpiredTimer  timers.o
    0x08000e08   0x08000e08   0x00000032   Code   RO         1372    .text.prvTaskExitError  port.o
    0x08000e3a   0x08000e3a   0x00000002   PAD
    0x08000e3c   0x08000e3c   0x0000023a   Code   RO         1294    .text.prvTimerTask  timers.o
    0x08001076   0x08001076   0x00000002   PAD
    0x08001078   0x08001078   0x00000074   Code   RO         1063    .text.prvUnlockQueue  queue.o
    0x080010ec   0x080010ec   0x00000182   Code   RO         1341    .text.pvPortMalloc  heap_4.o
    0x0800126e   0x0800126e   0x00000002   PAD
    0x08001270   0x08001270   0x00000024   Code   RO         1370    .text.pxPortInitialiseStack  port.o
    0x08001294   0x08001294   0x000000bc   Code   RO          261    .text.rcu_clock_freq_get  gd32f4xx_rcu.o
    0x08001350   0x08001350   0x0000001e   Code   RO          183    .text.rcu_periph_clock_enable  gd32f4xx_rcu.o
    0x0800136e   0x0800136e   0x00000002   PAD
    0x08001370   0x08001370   0x00000020   Code   RO          193    .text.rcu_periph_reset_disable  gd32f4xx_rcu.o
    0x08001390   0x08001390   0x0000001e   Code   RO          191    .text.rcu_periph_reset_enable  gd32f4xx_rcu.o
    0x080013ae   0x080013ae   0x00000002   PAD
    0x080013b0   0x080013b0   0x0000004a   Code   RO           38    .text.systick_config  systick.o
    0x080013fa   0x080013fa   0x00000002   PAD
    0x080013fc   0x080013fc   0x00000022   Code   RO           25    .text.task_a        main.o
    0x0800141e   0x0800141e   0x00000002   PAD
    0x08001420   0x08001420   0x0000001e   Code   RO           27    .text.task_b        main.o
    0x0800143e   0x0800143e   0x00000002   PAD
    0x08001440   0x08001440   0x00000006   Code   RO          824    .text.timer_interrupt_flag_clear  gd32f4xx_timer.o
    0x08001446   0x08001446   0x00000002   PAD
    0x08001448   0x08001448   0x00000016   Code   RO          822    .text.timer_interrupt_flag_get  gd32f4xx_timer.o
    0x0800145e   0x0800145e   0x00000002   PAD
    0x08001460   0x08001460   0x000000be   Code   RO          836    .text.usart_baudrate_set  gd32f4xx_usart.o
    0x0800151e   0x0800151e   0x00000002   PAD
    0x08001520   0x08001520   0x00000008   Code   RO          868    .text.usart_data_receive  gd32f4xx_usart.o
    0x08001528   0x08001528   0x00000008   Code   RO          866    .text.usart_data_transmit  gd32f4xx_usart.o
    0x08001530   0x08001530   0x000000c8   Code   RO          834    .text.usart_deinit  gd32f4xx_usart.o
    0x080015f8   0x080015f8   0x00000014   Code   RO          928    .text.usart_dma_receive_config  gd32f4xx_usart.o
    0x0800160c   0x0800160c   0x0000000a   Code   RO          844    .text.usart_enable  gd32f4xx_usart.o
    0x08001616   0x08001616   0x00000002   PAD
    0x08001618   0x08001618   0x00000010   Code   RO          932    .text.usart_flag_get  gd32f4xx_usart.o
    0x08001628   0x08001628   0x000000cc   Code   RO           61    .text.usart_gpio_config  bsp_usart.o
    0x080016f4   0x080016f4   0x00000016   Code   RO          936    .text.usart_interrupt_enable  gd32f4xx_usart.o
    0x0800170a   0x0800170a   0x00000002   PAD
    0x0800170c   0x0800170c   0x00000022   Code   RO          940    .text.usart_interrupt_flag_get  gd32f4xx_usart.o
    0x0800172e   0x0800172e   0x00000002   PAD
    0x08001730   0x08001730   0x00000010   Code   RO          838    .text.usart_parity_config  gd32f4xx_usart.o
    0x08001740   0x08001740   0x0000000c   Code   RO          850    .text.usart_receive_config  gd32f4xx_usart.o
    0x0800174c   0x0800174c   0x00000010   Code   RO          842    .text.usart_stop_bit_set  gd32f4xx_usart.o
    0x0800175c   0x0800175c   0x0000000c   Code   RO          848    .text.usart_transmit_config  gd32f4xx_usart.o
    0x08001768   0x08001768   0x00000010   Code   RO          840    .text.usart_word_length_set  gd32f4xx_usart.o
    0x08001778   0x08001778   0x00000024   Code   RO         1037    .text.uxListRemove  list.o
    0x0800179c   0x0800179c   0x00000016   Code   RO         1029    .text.vListInitialise  list.o
    0x080017b2   0x080017b2   0x00000002   PAD
    0x080017b4   0x080017b4   0x00000006   Code   RO         1031    .text.vListInitialiseItem  list.o
    0x080017ba   0x080017ba   0x00000002   PAD
    0x080017bc   0x080017bc   0x0000003a   Code   RO         1035    .text.vListInsert   list.o
    0x080017f6   0x080017f6   0x00000002   PAD
    0x080017f8   0x080017f8   0x0000001c   Code   RO         1033    .text.vListInsertEnd  list.o
    0x08001814   0x08001814   0x00000014   Code   RO         1380    .text.vPortEnableVFP  port.o
    0x08001828   0x08001828   0x00000046   Code   RO         1386    .text.vPortEnterCritical  port.o
    0x0800186e   0x0800186e   0x00000002   PAD
    0x08001870   0x08001870   0x0000002e   Code   RO         1388    .text.vPortExitCritical  port.o
    0x0800189e   0x0800189e   0x00000002   PAD
    0x080018a0   0x080018a0   0x000000c2   Code   RO         1343    .text.vPortFree     heap_4.o
    0x08001962   0x08001962   0x00000002   PAD
    0x08001964   0x08001964   0x00000034   Code   RO         1378    .text.vPortSetupTimerInterrupt  port.o
    0x08001998   0x08001998   0x0000005a   Code   RO         1097    .text.vQueueAddToRegistry  queue.o
    0x080019f2   0x080019f2   0x00000002   PAD
    0x080019f4   0x080019f4   0x00000046   Code   RO         1101    .text.vQueueWaitForMessageRestricted  queue.o
    0x08001a3a   0x08001a3a   0x00000002   PAD
    0x08001a3c   0x08001a3c   0x000000c2   Code   RO         1170    .text.vTaskDelay    tasks.o
    0x08001afe   0x08001afe   0x00000002   PAD
    0x08001b00   0x08001b00   0x00000122   Code   RO         1160    .text.vTaskDelete   tasks.o
    0x08001c22   0x08001c22   0x00000002   PAD
    0x08001c24   0x08001c24   0x0000001a   Code   RO         1220    .text.vTaskInternalSetTimeOutState  tasks.o
    0x08001c3e   0x08001c3e   0x00000002   PAD
    0x08001c40   0x08001c40   0x0000000e   Code   RO         1224    .text.vTaskMissedYield  tasks.o
    0x08001c4e   0x08001c4e   0x00000002   PAD
    0x08001c50   0x08001c50   0x00000036   Code   RO         1208    .text.vTaskPlaceOnEventList  tasks.o
    0x08001c86   0x08001c86   0x00000002   PAD
    0x08001c88   0x08001c88   0x00000072   Code   RO         1212    .text.vTaskPlaceOnEventListRestricted  tasks.o
    0x08001cfa   0x08001cfa   0x00000002   PAD
    0x08001cfc   0x08001cfc   0x0000009c   Code   RO         1188    .text.vTaskStartScheduler  tasks.o
    0x08001d98   0x08001d98   0x00000010   Code   RO         1164    .text.vTaskSuspendAll  tasks.o
    0x08001da8   0x08001da8   0x00000086   Code   RO         1182    .text.vTaskSwitchContext  tasks.o
    0x08001e2e   0x08001e2e   0x00000002   PAD
    0x08001e30   0x08001e30   0x00000132   Code   RO         1376    .text.xPortStartScheduler  port.o
    0x08001f62   0x08001f62   0x00000002   PAD
    0x08001f64   0x08001f64   0x00000092   Code   RO         1049    .text.xQueueGenericCreate  queue.o
    0x08001ff6   0x08001ff6   0x00000002   PAD
    0x08001ff8   0x08001ff8   0x000001a8   Code   RO         1069    .text.xQueueReceive  queue.o
    0x080021a0   0x080021a0   0x00000088   Code   RO         1222    .text.xTaskCheckForTimeOut  tasks.o
    0x08002228   0x08002228   0x00000200   Code   RO         1158    .text.xTaskCreate   tasks.o
    0x08002428   0x08002428   0x00000026   Code   RO         1234    .text.xTaskGetSchedulerState  tasks.o
    0x0800244e   0x0800244e   0x00000002   PAD
    0x08002450   0x08002450   0x0000000c   Code   RO         1196    .text.xTaskGetTickCount  tasks.o
    0x0800245c   0x0800245c   0x000001ba   Code   RO         1194    .text.xTaskIncrementTick  tasks.o
    0x08002616   0x08002616   0x00000002   PAD
    0x08002618   0x08002618   0x000000e8   Code   RO         1214    .text.xTaskRemoveFromEventList  tasks.o
    0x08002700   0x08002700   0x00000180   Code   RO         1168    .text.xTaskResumeAll  tasks.o
    0x08002880   0x08002880   0x00000060   Code   RO         1290    .text.xTimerCreateTimerTask  timers.o
    0x080028e0   0x080028e0   0x0000000e   Code   RO         1438    i.__scatterload_copy  mc_w.l(handlers.o)
    0x080028ee   0x080028ee   0x00000002   Code   RO         1439    i.__scatterload_null  mc_w.l(handlers.o)
    0x080028f0   0x080028f0   0x0000000e   Code   RO         1440    i.__scatterload_zeroinit  mc_w.l(handlers.o)
    0x080028fe   0x080028fe   0x00000002   PAD
    0x08002900   0x08002900   0x00000024   Code   RO         1409    i.puts              mc_w.l(puts.o)
    0x08002924   0x08002924   0x00000008   Data   RO          273    .rodata.cst8        gd32f4xx_rcu.o
    0x0800292c   0x0800292c   0x0000001a   Data   RO           96    .rodata.str1.1      bsp_key.o
    0x08002946   0x08002946   0x00000002   PAD
    0x08002948   0x08002948   0x00000004   Data   RO         1261    .rodata.uxTopUsedPriority  tasks.o
    0x0800294c   0x0800294c   0x00000020   Data   RO         1437    Region$$Table       anon$$obj.o


    Execution Region RW_IRAM1 (Exec base: 0x20000000, Load base: 0x08002970, Size: 0x000141c0, Max: 0x00070000, ABSOLUTE)

    Exec Addr    Load Addr    Size         Type   Attr      Idx    E Section Name        Object

    0x20000000   0x08002970   0x00000004   Data   RW         1433    .data               mc_w.l(stdout.o)
    0x20000004   0x08002974   0x00000004   Data   RW          989    .data.SystemCoreClock  system_gd32f4xx.o
    0x20000008   0x08002978   0x00000004   Data   RW         1398    .data.uxCriticalNesting  port.o
    0x2000000c   0x0800297c   0x00000004   PAD
    0x20000010        -       0x00000004   Zero   RW           29    .bss.StartTask_Handler  main.o
    0x20000014        -       0x00001000   Zero   RW           73    .bss.g_recv_buff    bsp_usart.o
    0x20001014        -       0x00000001   Zero   RW           72    .bss.g_recv_complete_flag  bsp_usart.o
    0x20001015   0x0800297c   0x00000001   PAD
    0x20001016        -       0x00000002   Zero   RW           71    .bss.g_recv_length  bsp_usart.o
    0x20001018        -       0x00000004   Zero   RW         1330    .bss.prvSampleTimeNow.xLastTime  timers.o
    0x2000101c        -       0x00000004   Zero   RW         1260    .bss.pxCurrentTCB   tasks.o
    0x20001020        -       0x00000004   Zero   RW         1328    .bss.pxCurrentTimerList  timers.o
    0x20001024        -       0x00000004   Zero   RW         1271    .bss.pxDelayedTaskList  tasks.o
    0x20001028        -       0x00000004   Zero   RW         1355    .bss.pxEnd          heap_4.o
    0x2000102c        -       0x00000004   Zero   RW         1272    .bss.pxOverflowDelayedTaskList  tasks.o
    0x20001030        -       0x00000004   Zero   RW         1329    .bss.pxOverflowTimerList  timers.o
    0x20001034        -       0x00000064   Zero   RW         1262    .bss.pxReadyTasksLists  tasks.o
    0x20001098        -       0x00012c00   Zero   RW         1361    .bss.ucHeap         heap_4.o
    0x20013c98        -       0x00000001   Zero   RW         1396    .bss.ucMaxSysCallPriority  port.o
    0x20013c99   0x0800297c   0x00000003   PAD
    0x20013c9c        -       0x00000004   Zero   RW         1397    .bss.ulMaxPRIGROUPValue  port.o
    0x20013ca0        -       0x00000004   Zero   RW         1267    .bss.uxCurrentNumberOfTasks  tasks.o
    0x20013ca4        -       0x00000004   Zero   RW         1266    .bss.uxDeletedTasksWaitingCleanUp  tasks.o
    0x20013ca8        -       0x00000004   Zero   RW         1269    .bss.uxSchedulerSuspended  tasks.o
    0x20013cac        -       0x00000004   Zero   RW         1264    .bss.uxTaskNumber   tasks.o
    0x20013cb0        -       0x00000004   Zero   RW         1263    .bss.uxTopReadyPriority  tasks.o
    0x20013cb4        -       0x00000014   Zero   RW         1331    .bss.xActiveTimerList1  timers.o
    0x20013cc8        -       0x00000014   Zero   RW         1332    .bss.xActiveTimerList2  timers.o
    0x20013cdc        -       0x00000014   Zero   RW         1280    .bss.xDelayedTaskList1  tasks.o
    0x20013cf0        -       0x00000014   Zero   RW         1281    .bss.xDelayedTaskList2  tasks.o
    0x20013d04        -       0x00000004   Zero   RW         1356    .bss.xFreeBytesRemaining  heap_4.o
    0x20013d08        -       0x00000004   Zero   RW         1276    .bss.xIdleTaskHandle  tasks.o
    0x20013d0c        -       0x00000004   Zero   RW         1358    .bss.xMinimumEverFreeBytesRemaining  heap_4.o
    0x20013d10        -       0x00000004   Zero   RW         1277    .bss.xNextTaskUnblockTime  tasks.o
    0x20013d14        -       0x00000004   Zero   RW         1279    .bss.xNumOfOverflows  tasks.o
    0x20013d18        -       0x00000004   Zero   RW         1359    .bss.xNumberOfSuccessfulAllocations  heap_4.o
    0x20013d1c        -       0x00000004   Zero   RW         1360    .bss.xNumberOfSuccessfulFrees  heap_4.o
    0x20013d20        -       0x00000004   Zero   RW         1278    .bss.xPendedTicks   tasks.o
    0x20013d24        -       0x00000014   Zero   RW         1275    .bss.xPendingReadyList  tasks.o
    0x20013d38        -       0x00000040   Zero   RW         1103    .bss.xQueueRegistry  queue.o
    0x20013d78        -       0x00000004   Zero   RW         1268    .bss.xSchedulerRunning  tasks.o
    0x20013d7c        -       0x00000008   Zero   RW         1357    .bss.xStart         heap_4.o
    0x20013d84        -       0x00000014   Zero   RW         1273    .bss.xSuspendedTaskList  tasks.o
    0x20013d98        -       0x00000014   Zero   RW         1265    .bss.xTasksWaitingTermination  tasks.o
    0x20013dac        -       0x00000004   Zero   RW         1270    .bss.xTickCount     tasks.o
    0x20013db0        -       0x00000004   Zero   RW         1326    .bss.xTimerQueue    timers.o
    0x20013db4        -       0x00000004   Zero   RW         1327    .bss.xTimerTaskHandle  timers.o
    0x20013db8        -       0x00000004   Zero   RW         1274    .bss.xYieldPending  tasks.o
    0x20013dbc   0x0800297c   0x00000004   PAD
    0x20013dc0        -       0x00000400   Zero   RW          975    STACK               startup_gd32f450_470.o


==============================================================================

Image component sizes


      Code (inc. data)   RO Data    RW Data    ZI Data      Debug   Object Name

        46          0          0          0          0       4770   bsp_basic_timer.o
       176          0          0          0          0       4961   bsp_dma.o
        74          0         26          0          0       5086   bsp_key.o
        46          0          0          0          0       1989   bsp_led.o
       342          0          0          0       4099       6776   bsp_usart.o
       666         64          0          0          0      10877   gd32f4xx_dma.o
        30          0          0          0          0       3322   gd32f4xx_exti.o
       278          0          0          0          0       5359   gd32f4xx_gpio.o
        12          0          0          0          0        771   gd32f4xx_it.o
       164          0          0          0          0       3594   gd32f4xx_misc.o
       280         20          8          0          0      18906   gd32f4xx_rcu.o
        28          0          0          0          0      21223   gd32f4xx_timer.o
       580          0          0          0          0      13458   gd32f4xx_usart.o
       580          0          0          0      76828       5238   heap_4.o
       150          0          0          0          0       2112   list.o
       232         28          0          0          4       1428   main.o
       802         16          0          4          5       3991   port.o
       846          0          0          0         64      22168   queue.o
        36          8        428          0       1024        928   startup_gd32f450_470.o
       350          0          0          4          0       2520   system_gd32f4xx.o
        74          0          0          0          0       4478   systick.o
      3064          8          4          0        260      36451   tasks.o
       902         26          0          0         60      12002   timers.o

    ----------------------------------------------------------------------
      9896        182        500          8      82356     192408   Object Totals
         0          0         32          0          0          0   (incl. Generated)
       138         12          2          0         12          0   (incl. Padding)

    ----------------------------------------------------------------------

      Code (inc. data)   RO Data    RW Data    ZI Data      Debug   Library Member Name

         0          0          0          0          0          0   entry.o
         0          0          0          0          0          0   entry10a.o
         0          0          0          0          0          0   entry11a.o
         8          4          0          0          0          0   entry2.o
         4          0          0          0          0          0   entry5.o
         0          0          0          0          0          0   entry7b.o
         0          0          0          0          0          0   entry8b.o
         8          4          0          0          0          0   entry9a.o
        30          0          0          0          0          0   handlers.o
        48         10          0          0          0         68   init.o
        36          0          0          0          0         68   memcpya.o
        36          0          0          0          0        108   memseta.o
        36          6          0          0          0         80   puts.o
         0          0          0          4          0          0   stdout.o

    ----------------------------------------------------------------------
       208         24          0          4          0        324   Library Totals
         2          0          0          0          0          0   (incl. Padding)

    ----------------------------------------------------------------------

      Code (inc. data)   RO Data    RW Data    ZI Data      Debug   Library Name

       206         24          0          4          0        324   mc_w.l

    ----------------------------------------------------------------------
       208         24          0          4          0        324   Library Totals

    ----------------------------------------------------------------------

==============================================================================


      Code (inc. data)   RO Data    RW Data    ZI Data      Debug   

     10104        206        500         12      82356     192464   Grand Totals
     10104        206        500         12      82356     192464   ELF Image Totals
     10104        206        500         12          0          0   ROM Totals

==============================================================================

    Total RO  Size (Code + RO Data)                10604 (  10.36kB)
    Total RW  Size (RW Data + ZI Data)             82368 (  80.44kB)
    Total ROM Size (Code + RO Data + RW Data)      10616 (  10.37kB)

==============================================================================

