Component: Arm Compiler for Embedded 6.21 Tool: armlink [5ec1fa00]

==============================================================================

Section Cross References

    gd32f4xx_it.o(.ARM.exidx.text.NMI_Handler) refers to gd32f4xx_it.o(.text.NMI_Handler) for [Anonymous Symbol]
    gd32f4xx_it.o(.ARM.exidx.text.HardFault_Handler) refers to gd32f4xx_it.o(.text.HardFault_Handler) for [Anonymous Symbol]
    gd32f4xx_it.o(.ARM.exidx.text.MemManage_Handler) refers to gd32f4xx_it.o(.text.MemManage_Handler) for [Anonymous Symbol]
    gd32f4xx_it.o(.ARM.exidx.text.BusFault_Handler) refers to gd32f4xx_it.o(.text.BusFault_Handler) for [Anonymous Symbol]
    gd32f4xx_it.o(.ARM.exidx.text.UsageFault_Handler) refers to gd32f4xx_it.o(.text.UsageFault_Handler) for [Anonymous Symbol]
    gd32f4xx_it.o(.ARM.exidx.text.DebugMon_Handler) refers to gd32f4xx_it.o(.text.DebugMon_Handler) for [Anonymous Symbol]
    main.o(.text.main) refers to system.o(.text.systeminit) for systeminit
    main.o(.text.main) refers to main.o(.bss.startTaskHandle) for startTaskHandle
    main.o(.text.main) refers to main.o(.text.startTask) for startTask
    main.o(.text.main) refers to tasks.o(.text.xTaskCreate) for xTaskCreate
    main.o(.text.main) refers to tasks.o(.text.vTaskStartScheduler) for vTaskStartScheduler
    main.o(.ARM.exidx.text.main) refers to main.o(.text.main) for [Anonymous Symbol]
    main.o(.text.startTask) refers to port.o(.text.vPortEnterCritical) for vPortEnterCritical
    main.o(.text.startTask) refers to main.o(.text.LED_Task) for LED_Task
    main.o(.text.startTask) refers to tasks.o(.text.xTaskCreate) for xTaskCreate
    main.o(.text.startTask) refers to attitude.o(.text.attitudeTask) for attitudeTask
    main.o(.text.startTask) refers to sensors.o(.text.sensorsTask) for sensorsTask
    main.o(.text.startTask) refers to heap_4.o(.text.xPortGetFreeHeapSize) for xPortGetFreeHeapSize
    main.o(.text.startTask) refers to printfa.o(i.__0printf) for __2printf
    main.o(.text.startTask) refers to main.o(.bss.startTaskHandle) for startTaskHandle
    main.o(.text.startTask) refers to tasks.o(.text.vTaskDelete) for vTaskDelete
    main.o(.text.startTask) refers to port.o(.text.vPortExitCritical) for vPortExitCritical
    main.o(.ARM.exidx.text.startTask) refers to main.o(.text.startTask) for [Anonymous Symbol]
    main.o(.text.LED_Task) refers to gd32f4xx_gpio.o(.text.gpio_bit_write) for gpio_bit_write
    main.o(.text.LED_Task) refers to tasks.o(.text.vTaskDelay) for vTaskDelay
    main.o(.ARM.exidx.text.LED_Task) refers to main.o(.text.LED_Task) for [Anonymous Symbol]
    system.o(.text.systeminit) refers to delay.o(.text.delay_init) for delay_init
    system.o(.text.systeminit) refers to systick.o(.text.nvicInit) for nvicInit
    system.o(.text.systeminit) refers to bsp_led.o(.text.led_gpio_config) for led_gpio_config
    system.o(.text.systeminit) refers to bsp_usart.o(.text.usart_gpio_config) for usart_gpio_config
    system.o(.ARM.exidx.text.systeminit) refers to system.o(.text.systeminit) for [Anonymous Symbol]
    delay.o(.text.delay_init) refers to gd32f4xx_misc.o(.text.systick_clksource_set) for systick_clksource_set
    delay.o(.text.delay_init) refers to delay.o(.bss.fac_ms) for fac_ms
    delay.o(.text.delay_init) refers to delay.o(.bss.fac_us) for fac_us
    delay.o(.ARM.exidx.text.delay_init) refers to delay.o(.text.delay_init) for [Anonymous Symbol]
    delay.o(.text.delay_us) refers to delay.o(.bss.fac_us) for fac_us
    delay.o(.ARM.exidx.text.delay_us) refers to delay.o(.text.delay_us) for [Anonymous Symbol]
    delay.o(.text.delay_ms) refers to tasks.o(.text.xTaskGetSchedulerState) for xTaskGetSchedulerState
    delay.o(.text.delay_ms) refers to delay.o(.bss.fac_ms) for fac_ms
    delay.o(.text.delay_ms) refers to tasks.o(.text.vTaskDelay) for vTaskDelay
    delay.o(.text.delay_ms) refers to delay.o(.bss.fac_us) for fac_us
    delay.o(.ARM.exidx.text.delay_ms) refers to delay.o(.text.delay_ms) for [Anonymous Symbol]
    delay.o(.text.delay_xms) refers to delay.o(.bss.fac_us) for fac_us
    delay.o(.ARM.exidx.text.delay_xms) refers to delay.o(.text.delay_xms) for [Anonymous Symbol]
    systick.o(.text.nvicInit) refers to gd32f4xx_misc.o(.text.nvic_priority_group_set) for nvic_priority_group_set
    systick.o(.ARM.exidx.text.nvicInit) refers to systick.o(.text.nvicInit) for [Anonymous Symbol]
    systick.o(.text.SysTick_Handler) refers to tasks.o(.text.xTaskGetSchedulerState) for xTaskGetSchedulerState
    systick.o(.text.SysTick_Handler) refers to systick.o(.bss.sysTickCnt) for sysTickCnt
    systick.o(.text.SysTick_Handler) refers to port.o(.text.xPortSysTickHandler) for xPortSysTickHandler
    systick.o(.ARM.exidx.text.SysTick_Handler) refers to systick.o(.text.SysTick_Handler) for [Anonymous Symbol]
    systick.o(.text.getSysTickCnt) refers to tasks.o(.text.xTaskGetSchedulerState) for xTaskGetSchedulerState
    systick.o(.text.getSysTickCnt) refers to systick.o(.bss.sysTickCnt) for sysTickCnt
[...]
    _printf_a                                0x00000000   Number         0  printfstubs.o ABSOLUTE
    _printf_c                                0x00000000   Number         0  printfstubs.o ABSOLUTE
    _printf_charcount                        0x00000000   Number         0  printfstubs.o ABSOLUTE
    _printf_d                                0x00000000   Number         0  printfstubs.o ABSOLUTE
    _printf_e                                0x00000000   Number         0  printfstubs.o ABSOLUTE
    _printf_f                                0x00000000   Number         0  printfstubs.o ABSOLUTE
    _printf_flags                            0x00000000   Number         0  printfstubs.o ABSOLUTE
    _printf_fp_dec                           0x00000000   Number         0  printfstubs.o ABSOLUTE
    _printf_fp_hex                           0x00000000   Number         0  printfstubs.o ABSOLUTE
    _printf_g                                0x00000000   Number         0  printfstubs.o ABSOLUTE
    _printf_i                                0x00000000   Number         0  printfstubs.o ABSOLUTE
    _printf_int_dec                          0x00000000   Number         0  printfstubs.o ABSOLUTE
    _printf_l                                0x00000000   Number         0  printfstubs.o ABSOLUTE
    _printf_lc                               0x00000000   Number         0  printfstubs.o ABSOLUTE
    _printf_ll                               0x00000000   Number         0  printfstubs.o ABSOLUTE
    _printf_lld                              0x00000000   Number         0  printfstubs.o ABSOLUTE
    _printf_lli                              0x00000000   Number         0  printfstubs.o ABSOLUTE
    _printf_llo                              0x00000000   Number         0  printfstubs.o ABSOLUTE
    _printf_llu                              0x00000000   Number         0  printfstubs.o ABSOLUTE
    _printf_llx                              0x00000000   Number         0  printfstubs.o ABSOLUTE
    _printf_longlong_dec                     0x00000000   Number         0  printfstubs.o ABSOLUTE
    _printf_longlong_hex                     0x00000000   Number         0  printfstubs.o ABSOLUTE
    _printf_longlong_oct                     0x00000000   Number         0  printfstubs.o ABSOLUTE
    _printf_ls                               0x00000000   Number         0  printfstubs.o ABSOLUTE
    _printf_mbtowc                           0x00000000   Number         0  printfstubs.o ABSOLUTE
    _printf_n                                0x00000000   Number         0  printfstubs.o ABSOLUTE
    _printf_o                                0x00000000   Number         0  printfstubs.o ABSOLUTE
    _printf_p                                0x00000000   Number         0  printfstubs.o ABSOLUTE
    _printf_percent                          0x00000000   Number         0  printfstubs.o ABSOLUTE
    _printf_pre_padding                      0x00000000   Number         0  printfstubs.o ABSOLUTE
    _printf_return_value                     0x00000000   Number         0  printfstubs.o ABSOLUTE
    _printf_s                                0x00000000   Number         0  printfstubs.o ABSOLUTE
    _printf_sizespec                         0x00000000   Number         0  printfstubs.o ABSOLUTE
    _printf_str                              0x00000000   Number         0  printfstubs.o ABSOLUTE
    _printf_truncate_signed                  0x00000000   Number         0  printfstubs.o ABSOLUTE
    _printf_truncate_unsigned                0x00000000   Number         0  printfstubs.o ABSOLUTE
    _printf_u                                0x00000000   Number         0  printfstubs.o ABSOLUTE
    _printf_wc                               0x00000000   Number         0  printfstubs.o ABSOLUTE
    _printf_wctomb                           0x00000000   Number         0  printfstubs.o ABSOLUTE
    _printf_widthprec                        0x00000000   Number         0  printfstubs.o ABSOLUTE
    _printf_x                                0x00000000   Number         0  printfstubs.o ABSOLUTE
    __cpp_initialize__aeabi_                  - Undefined Weak Reference
    __cxa_finalize                            - Undefined Weak Reference
    __decompress                              - Undefined Weak Reference
    _clock_init                               - Undefined Weak Reference
    _microlib_exit                            - Undefined Weak Reference
    _scanf_int                                - Undefined Weak Reference
    _scanf_longlong                           - Undefined Weak Reference
    _scanf_string                             - Undefined Weak Reference
    __Vectors_Size                           0x000001ac   Number         0  startup_gd32f450_470.o ABSOLUTE
    __Vectors                                0x08000000   Data           4  startup_gd32f450_470.o(RESET)
    __Vectors_End                            0x080001ac   Data           0  startup_gd32f450_470.o(RESET)
    __main                                   0x080001ad   Thumb Code     0  entry.o(.ARM.Collect$$$$00000000)
    _main_stk                                0x080001ad   Thumb Code     0  entry2.o(.ARM.Collect$$$$00000001)
    _main_scatterload                        0x080001b1   Thumb Code     0  entry5.o(.ARM.Collect$$$$00000004)
    __main_after_scatterload                 0x080001b5   Thumb Code     0  entry5.o(.ARM.Collect$$$$00000004)
    _main_clock                              0x080001b5   Thumb Code     0  entry7b.o(.ARM.Collect$$$$00000008)
    _main_cpp_init                           0x080001b5   Thumb Code     0  entry8b.o(.ARM.Collect$$$$0000000A)
    _main_init                               0x080001b5   Thumb Code     0  entry9a.o(.ARM.Collect$$$$0000000B)
    __rt_final_cpp                           0x080001bd   Thumb Code     0  entry10a.o(.ARM.Collect$$$$0000000D)
    __rt_final_exit                          0x080001bd   Thumb Code     0  entry11a.o(.ARM.Collect$$$$0000000F)
    Reset_Handler                            0x080001c1   Thumb Code     8  startup_gd32f450_470.o(.text)
    ADC_IRQHandler                           0x080001db   Thumb Code     0  startup_gd32f450_470.o(.text)
    CAN0_EWMC_IRQHandler                     0x080001db   Thumb Code     0  startup_gd32f450_470.o(.text)
    CAN0_RX0_IRQHandler                      0x080001db   Thumb Code     0  startup_gd32f450_470.o(.text)
    CAN0_RX1_IRQHandler                      0x080001db   Thumb Code     0  startup_gd32f450_470.o(.text)
    CAN0_TX_IRQHandler                       0x080001db   Thumb Code     0  startup_gd32f450_470.o(.text)
    CAN1_EWMC_IRQHandler                     0x080001db   Thumb Code     0  startup_gd32f450_470.o(.text)
    CAN1_RX0_IRQHandler                      0x080001db   Thumb Code     0  startup_gd32f450_470.o(.text)
    CAN1_RX1_IRQHandler                      0x080001db   Thumb Code     0  startup_gd32f450_470.o(.text)
    CAN1_TX_IRQHandler                       0x080001db   Thumb Code     0  startup_gd32f450_470.o(.text)
    DCI_IRQHandler                           0x080001db   Thumb Code     0  startup_gd32f450_470.o(.text)
    DMA0_Channel0_IRQHandler                 0x080001db   Thumb Code     0  startup_gd32f450_470.o(.text)
    DMA0_Channel1_IRQHandler                 0x080001db   Thumb Code     0  startup_gd32f450_470.o(.text)
    DMA0_Channel2_IRQHandler                 0x080001db   Thumb Code     0  startup_gd32f450_470.o(.text)
    DMA0_Channel3_IRQHandler                 0x080001db   Thumb Code     0  startup_gd32f450_470.o(.text)
    DMA0_Channel4_IRQHandler                 0x080001db   Thumb Code     0  startup_gd32f450_470.o(.text)
    DMA0_Channel5_IRQHandler                 0x080001db   Thumb Code     0  startup_gd32f450_470.o(.text)
    DMA0_Channel6_IRQHandler                 0x080001db   Thumb Code     0  startup_gd32f450_470.o(.text)
    DMA0_Channel7_IRQHandler                 0x080001db   Thumb Code     0  startup_gd32f450_470.o(.text)
    DMA1_Channel0_IRQHandler                 0x080001db   Thumb Code     0  startup_gd32f450_470.o(.text)
    DMA1_Channel1_IRQHandler                 0x080001db   Thumb Code     0  startup_gd32f450_470.o(.text)
    DMA1_Channel3_IRQHandler                 0x080001db   Thumb Code     0  startup_gd32f450_470.o(.text)
    DMA1_Channel4_IRQHandler                 0x080001db   Thumb Code     0  startup_gd32f450_470.o(.text)
    DMA1_Channel5_IRQHandler                 0x080001db   Thumb Code     0  startup_gd32f450_470.o(.text)
    DMA1_Channel6_IRQHandler                 0x080001db   Thumb Code     0  startup_gd32f450_470.o(.text)
    DMA1_Channel7_IRQHandler                 0x080001db   Thumb Code     0  startup_gd32f450_470.o(.text)
    ENET_IRQHandler                          0x080001db   Thumb Code     0  startup_gd32f450_470.o(.text)
    ENET_WKUP_IRQHandler                     0x080001db   Thumb Code     0  startup_gd32f450_470.o(.text)
    EXMC_IRQHandler                          0x080001db   Thumb Code     0  startup_gd32f450_470.o(.text)
    EXTI10_15_IRQHandler                     0x080001db   Thumb Code     0  startup_gd32f450_470.o(.text)
    EXTI1_IRQHandler                         0x080001db   Thumb Code     0  startup_gd32f450_470.o(.text)
    EXTI2_IRQHandler                         0x080001db   Thumb Code     0  startup_gd32f450_470.o(.text)
    EXTI3_IRQHandler                         0x080001db   Thumb Code     0  startup_gd32f450_470.o(.text)
    EXTI4_IRQHandler                         0x080001db   Thumb Code     0  startup_gd32f450_470.o(.text)
    EXTI5_9_IRQHandler                       0x080001db   Thumb Code     0  startup_gd32f450_470.o(.text)
    FMC_IRQHandler                           0x080001db   Thumb Code     0  startup_gd32f450_470.o(.text)
    FPU_IRQHandler                           0x080001db   Thumb Code     0  startup_gd32f450_470.o(.text)
    I2C0_ER_IRQHandler                       0x080001db   Thumb Code     0  startup_gd32f450_470.o(.text)
    I2C0_EV_IRQHandler                       0x080001db   Thumb Code     0  startup_gd32f450_470.o(.text)
    I2C1_ER_IRQHandler                       0x080001db   Thumb Code     0  startup_gd32f450_470.o(.text)
    I2C1_EV_IRQHandler                       0x080001db   Thumb Code     0  startup_gd32f450_470.o(.text)
    I2C2_ER_IRQHandler                       0x080001db   Thumb Code     0  startup_gd32f450_470.o(.text)
    I2C2_EV_IRQHandler                       0x080001db   Thumb Code     0  startup_gd32f450_470.o(.text)
    IPA_IRQHandler                           0x080001db   Thumb Code     0  startup_gd32f450_470.o(.text)
    LVD_IRQHandler                           0x080001db   Thumb Code     0  startup_gd32f450_470.o(.text)
    RCU_CTC_IRQHandler                       0x080001db   Thumb Code     0  startup_gd32f450_470.o(.text)
    RTC_Alarm_IRQHandler                     0x080001db   Thumb Code     0  startup_gd32f450_470.o(.text)
    RTC_WKUP_IRQHandler                      0x080001db   Thumb Code     0  startup_gd32f450_470.o(.text)
    SDIO_IRQHandler                          0x080001db   Thumb Code     0  startup_gd32f450_470.o(.text)
    SPI0_IRQHandler                          0x080001db   Thumb Code     0  startup_gd32f450_470.o(.text)
    SPI1_IRQHandler                          0x080001db   Thumb Code     0  startup_gd32f450_470.o(.text)
    SPI2_IRQHandler                          0x080001db   Thumb Code     0  startup_gd32f450_470.o(.text)
    SPI3_IRQHandler                          0x080001db   Thumb Code     0  startup_gd32f450_470.o(.text)
    SPI4_IRQHandler                          0x080001db   Thumb Code     0  startup_gd32f450_470.o(.text)
    SPI5_IRQHandler                          0x080001db   Thumb Code     0  startup_gd32f450_470.o(.text)
    TAMPER_STAMP_IRQHandler                  0x080001db   Thumb Code     0  startup_gd32f450_470.o(.text)
    TIMER0_BRK_TIMER8_IRQHandler             0x080001db   Thumb Code     0  startup_gd32f450_470.o(.text)
    TIMER0_Channel_IRQHandler                0x080001db   Thumb Code     0  startup_gd32f450_470.o(.text)
    TIMER0_TRG_CMT_TIMER10_IRQHandler        0x080001db   Thumb Code     0  startup_gd32f450_470.o(.text)
    TIMER0_UP_TIMER9_IRQHandler              0x080001db   Thumb Code     0  startup_gd32f450_470.o(.text)
    TIMER3_IRQHandler                        0x080001db   Thumb Code     0  startup_gd32f450_470.o(.text)
    TIMER4_IRQHandler                        0x080001db   Thumb Code     0  startup_gd32f450_470.o(.text)
    TIMER6_IRQHandler                        0x080001db   Thumb Code     0  startup_gd32f450_470.o(.text)
    TIMER7_BRK_TIMER11_IRQHandler            0x080001db   Thumb Code     0  startup_gd32f450_470.o(.text)
    TIMER7_Channel_IRQHandler                0x080001db   Thumb Code     0  startup_gd32f450_470.o(.text)
    TIMER7_TRG_CMT_TIMER13_IRQHandler        0x080001db   Thumb Code     0  startup_gd32f450_470.o(.text)
    TIMER7_UP_TIMER12_IRQHandler             0x080001db   Thumb Code     0  startup_gd32f450_470.o(.text)
    TLI_ER_IRQHandler                        0x080001db   Thumb Code     0  startup_gd32f450_470.o(.text)
    TLI_IRQHandler                           0x080001db   Thumb Code     0  startup_gd32f450_470.o(.text)
    TRNG_IRQHandler                          0x080001db   Thumb Code     0  startup_gd32f450_470.o(.text)
    UART3_IRQHandler                         0x080001db   Thumb Code     0  startup_gd32f450_470.o(.text)
    UART4_IRQHandler                         0x080001db   Thumb Code     0  startup_gd32f450_470.o(.text)
    UART6_IRQHandler                         0x080001db   Thumb Code     0  startup_gd32f450_470.o(.text)
    UART7_IRQHandler                         0x080001db   Thumb Code     0  startup_gd32f450_470.o(.text)
    USART1_IRQHandler                        0x080001db   Thumb Code     0  startup_gd32f450_470.o(.text)
    USART2_IRQHandler                        0x080001db   Thumb Code     0  startup_gd32f450_470.o(.text)
    USART5_IRQHandler                        0x080001db   Thumb Code     0  startup_gd32f450_470.o(.text)
    USBFS_IRQHandler                         0x080001db   Thumb Code     0  startup_gd32f450_470.o(.text)
    USBFS_WKUP_IRQHandler                    0x080001db   Thumb Code     0  startup_gd32f450_470.o(.text)
    USBHS_EP1_In_IRQHandler                  0x080001db   Thumb Code     0  startup_gd32f450_470.o(.text)
    USBHS_EP1_Out_IRQHandler                 0x080001db   Thumb Code     0  startup_gd32f450_470.o(.text)
    USBHS_IRQHandler                         0x080001db   Thumb Code     0  startup_gd32f450_470.o(.text)
    USBHS_WKUP_IRQHandler                    0x080001db   Thumb Code     0  startup_gd32f450_470.o(.text)
    WWDGT_IRQHandler                         0x080001db   Thumb Code     0  startup_gd32f450_470.o(.text)
    ___aeabi_memcpy4$move                    0x080001e5   Thumb Code     0  memmovea.o(.text)
    ___aeabi_memcpy8$move                    0x080001e5   Thumb Code     0  memmovea.o(.text)
    __aeabi_memcpy                           0x080001e5   Thumb Code    64  memmovea.o(.text)
    __aeabi_memmove                          0x080001e5   Thumb Code     0  memmovea.o(.text)
    __aeabi_memmove4                         0x080001e5   Thumb Code     0  memmovea.o(.text)
    __aeabi_memmove8                         0x080001e5   Thumb Code     0  memmovea.o(.text)
    __aeabi_memset                           0x08000225   Thumb Code    14  memseta.o(.text)
    __aeabi_memset4                          0x08000225   Thumb Code     0  memseta.o(.text)
    __aeabi_memset8                          0x08000225   Thumb Code     0  memseta.o(.text)
    __aeabi_memclr                           0x08000233   Thumb Code     4  memseta.o(.text)
    __aeabi_memclr4                          0x08000233   Thumb Code     0  memseta.o(.text)
    __aeabi_memclr8                          0x08000233   Thumb Code     0  memseta.o(.text)
    _memset$wrapper                          0x08000237   Thumb Code    18  memseta.o(.text)
    strstr                                   0x08000249   Thumb Code    36  strstr.o(.text)
    memcmp                                   0x0800026d   Thumb Code    26  memcmp.o(.text)
    __0sscanf                                0x08000289   Thumb Code    48  __0sscanf.o(.text)
    _scanf_real                              0x080003e9   Thumb Code     0  scanf_fp.o(.text)
    _scanf_really_real                       0x080003e9   Thumb Code   556  scanf_fp.o(.text)
    __aeabi_dadd                             0x08000621   Thumb Code   322  dadd.o(.text)
    __aeabi_dsub                             0x08000763   Thumb Code     6  dadd.o(.text)
    __aeabi_drsub                            0x08000769   Thumb Code     6  dadd.o(.text)
    __aeabi_dmul                             0x0800076f   Thumb Code   228  dmul.o(.text)
    __aeabi_ddiv                             0x08000853   Thumb Code   222  ddiv.o(.text)
    __aeabi_f2d                              0x08000931   Thumb Code    38  f2d.o(.text)
    __aeabi_d2f                              0x08000957   Thumb Code    56  d2f.o(.text)
    __aeabi_uidiv                            0x0800098f   Thumb Code     0  uidiv.o(.text)
    __aeabi_uidivmod                         0x0800098f   Thumb Code    44  uidiv.o(.text)
    __aeabi_uldivmod                         0x080009bb   Thumb Code    98  uldiv.o(.text)
    __aeabi_llsl                             0x08000a1d   Thumb Code    30  llshl.o(.text)
    _ll_shift_l                              0x08000a1d   Thumb Code     0  llshl.o(.text)
    __aeabi_lasr                             0x08000a3b   Thumb Code    36  llsshr.o(.text)
    _ll_sshift_r                             0x08000a3b   Thumb Code     0  llsshr.o(.text)
    __vfscanf_char                           0x08000a6d   Thumb Code    20  scanf_char.o(.text)
    _sgetc                                   0x08000a89   Thumb Code    30  _sgetc.o(.text)
    _sbackspace                              0x08000aa7   Thumb Code    34  _sgetc.o(.text)
    __I$use$fp                               0x08000ac9   Thumb Code     0  iusefp.o(.text)
    _float_round                             0x08000ac9   Thumb Code    18  fepilogue.o(.text)
    _float_epilogue                          0x08000adb   Thumb Code    92  fepilogue.o(.text)
    _double_round                            0x08000b37   Thumb Code    30  depilogue.o(.text)
    _double_epilogue                         0x08000b55   Thumb Code   156  depilogue.o(.text)
    __aeabi_ul2d                             0x08000bf1   Thumb Code    24  dfltul.o(.text)
    __aeabi_d2ulz                            0x08000c09   Thumb Code    48  dfixul.o(.text)
    __aeabi_cdcmpeq                          0x08000c39   Thumb Code     0  cdcmple.o(.text)
    __aeabi_cdcmple                          0x08000c39   Thumb Code    48  cdcmple.o(.text)
    __aeabi_cdrcmple                         0x08000c69   Thumb Code    48  cdrcmple.o(.text)
    __scatterload                            0x08000c99   Thumb Code    38  init.o(.text)
    __scatterload_rt2                        0x08000c99   Thumb Code     0  init.o(.text)
    __aeabi_llsr                             0x08000cc9   Thumb Code    32  llushr.o(.text)
    _ll_ushift_r                             0x08000cc9   Thumb Code     0  llushr.o(.text)
    isspace                                  0x08000ce9   Thumb Code    10  isspace_c.o(.text)
    __vfscanf                                0x08000cf5   Thumb Code   808  _scanf.o(.text)
    _dsqrt                                   0x08001021   Thumb Code   162  dsqrt.o(.text)
    __ctype_lookup                           0x080010c5   Thumb Code    34  ctype_c.o(.text)
    BusFault_Handler                         0x080010ed   Thumb Code     2  gd32f4xx_it.o(.text.BusFault_Handler)
    DMA1_Channel2_IRQHandler                 0x080010f1   Thumb Code    40  bsp_dma.o(.text.DMA1_Channel2_IRQHandler)
    DebugMon_Handler                         0x08001119   Thumb Code     2  gd32f4xx_it.o(.text.DebugMon_Handler)
    EXTI0_IRQHandler                         0x0800111d   Thumb Code    74  bsp_key.o(.text.EXTI0_IRQHandler)
    HardFault_Handler                        0x08001169   Thumb Code     2  gd32f4xx_it.o(.text.HardFault_Handler)
    I2C_WaitAck                              0x0800116d   Thumb Code   220  mpu6050.o(.text.I2C_WaitAck)
    IIC_Send_Ack                             0x08001249   Thumb Code   120  mpu6050.o(.text.IIC_Send_Ack)
    MPU6050ReadGyro                          0x080012f1   Thumb Code    60  mpu6050.o(.text.MPU6050ReadGyro)
    MPU6050_Init                             0x0800132d   Thumb Code   390  mpu6050.o(.text.MPU6050_Init)
    MPU6050_ReadData                         0x080014b5   Thumb Code   390  mpu6050.o(.text.MPU6050_ReadData)
    MPU6050_WriteReg                         0x0800163d   Thumb Code   426  mpu6050.o(.text.MPU6050_WriteReg)
    MemManage_Handler                        0x080017e9   Thumb Code     2  gd32f4xx_it.o(.text.MemManage_Handler)
    Motor1_Encoder_Value                     0x080017ed   Thumb Code     8  encoder.o(.text.Motor1_Encoder_Value)
    Motor2_Encoder_Value                     0x080017f5   Thumb Code    12  encoder.o(.text.Motor2_Encoder_Value)
    Motor_Encoder_Init                       0x08001801   Thumb Code   446  encoder.o(.text.Motor_Encoder_Init)
    NMI_Handler                              0x080019c1   Thumb Code     2  gd32f4xx_it.o(.text.NMI_Handler)
    PID_Param_Init                           0x080019c5   Thumb Code    30  pid.o(.text.PID_Param_Init)
    PendSV_Handler                           0x080019f1   Thumb Code   100  port.o(.text.PendSV_Handler)
    Read_Byte                                0x08001a55   Thumb Code   114  mpu6050.o(.text.Read_Byte)
    SVC_Handler                              0x08001ad1   Thumb Code    36  port.o(.text.SVC_Handler)
    Send_Byte                                0x08001af5   Thumb Code   106  mpu6050.o(.text.Send_Byte)
    SysTick_Handler                          0x08001b61   Thumb Code    34  systick.o(.text.SysTick_Handler)
    SystemInit                               0x08001b85   Thumb Code   350  system_gd32f4xx.o(.text.SystemInit)
    TIMER1_IRQHandler                        0x08001ce5   Thumb Code    62  encoder.o(.text.TIMER1_IRQHandler)
    TIMER2_IRQHandler                        0x08001d25   Thumb Code    62  encoder.o(.text.TIMER2_IRQHandler)
    TIMER5_DAC_IRQHandler                    0x08001d65   Thumb Code    46  bsp_basic_timer.o(.text.TIMER5_DAC_IRQHandler)
    USART0_IRQHandler                        0x08001d95   Thumb Code   804  bsp_usart.o(.text.USART0_IRQHandler)
    UsageFault_Handler                       0x08002179   Thumb Code     2  gd32f4xx_it.o(.text.UsageFault_Handler)
    attitudeTask                             0x0800217d   Thumb Code   384  attitude.o(.text.attitudeTask)
    constrainf                               0x08002321   Thumb Code    30  maths.o(.text.constrainf)
    ctrl_angle_realize                       0x08002341   Thumb Code    84  pid.o(.text.ctrl_angle_realize)
    ctrl_speed_realize                       0x08002395   Thumb Code   136  pid.o(.text.ctrl_speed_realize)
    delay_init                               0x0800241d   Thumb Code    66  delay.o(.text.delay_init)
    delay_ms                                 0x08002461   Thumb Code    94  delay.o(.text.delay_ms)
    delay_us                                 0x080024c1   Thumb Code    58  delay.o(.text.delay_us)
    dma_interrupt_flag_clear                 0x080024fd   Thumb Code    54  gd32f4xx_dma.o(.text.dma_interrupt_flag_clear)
    dma_interrupt_flag_get                   0x08002535   Thumb Code   302  gd32f4xx_dma.o(.text.dma_interrupt_flag_get)
    dmp_enable_feature                       0x08002665   Thumb Code   688  inv_mpu_dmp_motion_driver.o(.text.dmp_enable_feature)
    dmp_load_motion_driver_firmware          0x08002915   Thumb Code    22  inv_mpu_dmp_motion_driver.o(.text.dmp_load_motion_driver_firmware)
    dmp_read_fifo                            0x0800292d   Thumb Code   466  inv_mpu_dmp_motion_driver.o(.text.dmp_read_fifo)
    dmp_set_fifo_rate                        0x08002b01   Thumb Code   110  inv_mpu_dmp_motion_driver.o(.text.dmp_set_fifo_rate)
    dmp_set_orientation                      0x08002b71   Thumb Code   272  inv_mpu_dmp_motion_driver.o(.text.dmp_set_orientation)
    dmp_set_tap_thresh                       0x08002c81   Thumb Code   264  inv_mpu_dmp_motion_driver.o(.text.dmp_set_tap_thresh)
    exti_interrupt_flag_clear                0x08002dcd   Thumb Code    12  gd32f4xx_exti.o(.text.exti_interrupt_flag_clear)
    exti_interrupt_flag_get                  0x08002dd9   Thumb Code    18  gd32f4xx_exti.o(.text.exti_interrupt_flag_get)
    fputc                                    0x08002ded   Thumb Code    36  bsp_usart.o(.text.fputc)
    get_motor1_speed                         0x08002e11   Thumb Code    52  motor.o(.text.get_motor1_speed)
    get_motor2_speed                         0x08002e45   Thumb Code    52  motor.o(.text.get_motor2_speed)
    gpio_af_set                              0x08002e79   Thumb Code   110  gd32f4xx_gpio.o(.text.gpio_af_set)
    gpio_bit_toggle                          0x08002ee9   Thumb Code     4  gd32f4xx_gpio.o(.text.gpio_bit_toggle)
    gpio_bit_write                           0x08002eed   Thumb Code    12  gd32f4xx_gpio.o(.text.gpio_bit_write)
    gpio_input_bit_get                       0x08002ef9   Thumb Code    10  gd32f4xx_gpio.o(.text.gpio_input_bit_get)
    gpio_mode_set                            0x08002f05   Thumb Code    84  gd32f4xx_gpio.o(.text.gpio_mode_set)
    gpio_output_options_set                  0x08002f59   Thumb Code    70  gd32f4xx_gpio.o(.text.gpio_output_options_set)
    inv_orientation_matrix_to_scalar         0x08002fa1   Thumb Code   180  inv_mpu.o(.text.inv_orientation_matrix_to_scalar)
    led_gpio_config                          0x08003055   Thumb Code    46  bsp_led.o(.text.led_gpio_config)
    main                                     0x08003085   Thumb Code    52  main.o(.text.main)
    mget_ms                                  0x080030c5   Thumb Code     2  inv_mpu.o(.text.mget_ms)
    motor1_out                               0x080030c9   Thumb Code    44  bsp_pwm.o(.text.motor1_out)
    motor2_out                               0x080030f5   Thumb Code    44  bsp_pwm.o(.text.motor2_out)
    motor_config                             0x08003121   Thumb Code   324  bsp_pwm.o(.text.motor_config)
    motor_init                               0x08003265   Thumb Code   124  motor.o(.text.motor_init)
    mpu_configure_fifo                       0x080032f9   Thumb Code   142  inv_mpu.o(.text.mpu_configure_fifo)
    mpu_dmp_get_data                         0x08003389   Thumb Code   384  inv_mpu.o(.text.mpu_dmp_get_data)
    mpu_dmp_init                             0x08003515   Thumb Code   240  inv_mpu.o(.text.mpu_dmp_init)
    mpu_get_accel_fsr                        0x08003605   Thumb Code    50  inv_mpu.o(.text.mpu_get_accel_fsr)
    mpu_init                                 0x08003639   Thumb Code   352  inv_mpu.o(.text.mpu_init)
    mpu_load_firmware                        0x080037e1   Thumb Code   366  inv_mpu.o(.text.mpu_load_firmware)
    mpu_lp_accel_mode                        0x08003951   Thumb Code   472  inv_mpu.o(.text.mpu_lp_accel_mode)
    mpu_read_fifo_stream                     0x08003b29   Thumb Code   170  inv_mpu.o(.text.mpu_read_fifo_stream)
    mpu_reset_fifo                           0x08003bd5   Thumb Code   374  inv_mpu.o(.text.mpu_reset_fifo)
    mpu_set_accel_fsr                        0x08003d4d   Thumb Code   116  inv_mpu.o(.text.mpu_set_accel_fsr)
    mpu_set_bypass                           0x08003dc1   Thumb Code   234  inv_mpu.o(.text.mpu_set_bypass)
    mpu_set_dmp_state                        0x08003ead   Thumb Code   222  inv_mpu.o(.text.mpu_set_dmp_state)
    mpu_set_lpf                              0x08003f8d   Thumb Code   110  inv_mpu.o(.text.mpu_set_lpf)
    mpu_set_sample_rate                      0x08003ffd   Thumb Code   216  inv_mpu.o(.text.mpu_set_sample_rate)
    mpu_set_sensors                          0x080040d5   Thumb Code   236  inv_mpu.o(.text.mpu_set_sensors)
    mpu_write_mem                            0x080041c1   Thumb Code   100  inv_mpu.o(.text.mpu_write_mem)
    nvicInit                                 0x08004225   Thumb Code     8  systick.o(.text.nvicInit)
    nvic_irq_enable                          0x0800422d   Thumb Code   164  gd32f4xx_misc.o(.text.nvic_irq_enable)
    nvic_priority_group_set                  0x080042d1   Thumb Code    20  gd32f4xx_misc.o(.text.nvic_priority_group_set)
    pvPortMalloc                             0x08004831   Thumb Code   408  heap_4.o(.text.pvPortMalloc)
    pxPortInitialiseStack                    0x080049c9   Thumb Code    36  port.o(.text.pxPortInitialiseStack)
    rcu_clock_freq_get                       0x080049ed   Thumb Code   172  gd32f4xx_rcu.o(.text.rcu_clock_freq_get)
    rcu_periph_clock_enable                  0x08004aa9   Thumb Code    30  gd32f4xx_rcu.o(.text.rcu_periph_clock_enable)
    rcu_periph_reset_disable                 0x08004ac9   Thumb Code    32  gd32f4xx_rcu.o(.text.rcu_periph_reset_disable)
    rcu_periph_reset_enable                  0x08004ae9   Thumb Code    30  gd32f4xx_rcu.o(.text.rcu_periph_reset_enable)
    rcu_timer_clock_prescaler_config         0x08004b09   Thumb Code    34  gd32f4xx_rcu.o(.text.rcu_timer_clock_prescaler_config)
    sensorsAcquire                           0x08004b2d   Thumb Code    84  sensors.o(.text.sensorsAcquire)
    sensorsInit                              0x08004b81   Thumb Code   144  sensors.o(.text.sensorsInit)
    sensorsTask                              0x08004c3d   Thumb Code   170  sensors.o(.text.sensorsTask)
    set_kd                                   0x08004ce9   Thumb Code     6  pid.o(.text.set_kd)
    set_ki                                   0x08004cf1   Thumb Code     6  pid.o(.text.set_ki)
    set_kp                                   0x08004cf9   Thumb Code     6  pid.o(.text.set_kp)
    set_pid_target                           0x08004d01   Thumb Code     6  pid.o(.text.set_pid_target)
    startTask                                0x08004d09   Thumb Code   120  main.o(.text.startTask)
    systeminit                               0x08004dc1   Thumb Code    28  system.o(.text.systeminit)
    systick_clksource_set                    0x08004ddd   Thumb Code    24  gd32f4xx_misc.o(.text.systick_clksource_set)
    timer_auto_reload_shadow_enable          0x08004df5   Thumb Code    10  gd32f4xx_timer.o(.text.timer_auto_reload_shadow_enable)
    timer_channel_input_struct_para_init     0x08004e01   Thumb Code    12  gd32f4xx_timer.o(.text.timer_channel_input_struct_para_init)
    timer_channel_output_config              0x08004e0d   Thumb Code   500  gd32f4xx_timer.o(.text.timer_channel_output_config)
    timer_channel_output_mode_config         0x08005001   Thumb Code    56  gd32f4xx_timer.o(.text.timer_channel_output_mode_config)
    timer_channel_output_pulse_value_config  0x08005039   Thumb Code    12  gd32f4xx_timer.o(.text.timer_channel_output_pulse_value_config)
    timer_channel_output_shadow_config       0x08005045   Thumb Code    56  gd32f4xx_timer.o(.text.timer_channel_output_shadow_config)
    timer_counter_read                       0x0800507d   Thumb Code     4  gd32f4xx_timer.o(.text.timer_counter_read)
    timer_counter_value_config               0x08005081   Thumb Code     4  gd32f4xx_timer.o(.text.timer_counter_value_config)
    timer_deinit                             0x08005085   Thumb Code   326  gd32f4xx_timer.o(.text.timer_deinit)
    timer_enable                             0x080051cd   Thumb Code    10  gd32f4xx_timer.o(.text.timer_enable)
    timer_init                               0x080051d9   Thumb Code   170  gd32f4xx_timer.o(.text.timer_init)
    timer_input_capture_config               0x08005285   Thumb Code   344  gd32f4xx_timer.o(.text.timer_input_capture_config)
    timer_interrupt_enable                   0x080053dd   Thumb Code     8  gd32f4xx_timer.o(.text.timer_interrupt_enable)
    timer_interrupt_flag_clear               0x080053e5   Thumb Code     6  gd32f4xx_timer.o(.text.timer_interrupt_flag_clear)
    timer_interrupt_flag_get                 0x080053ed   Thumb Code    22  gd32f4xx_timer.o(.text.timer_interrupt_flag_get)
    timer_quadrature_decoder_mode_config     0x08005405   Thumb Code    78  gd32f4xx_timer.o(.text.timer_quadrature_decoder_mode_config)
    usart_baudrate_set                       0x08005455   Thumb Code   190  gd32f4xx_usart.o(.text.usart_baudrate_set)
    usart_data_receive                       0x08005515   Thumb Code     8  gd32f4xx_usart.o(.text.usart_data_receive)
    usart_data_transmit                      0x0800551d   Thumb Code     8  gd32f4xx_usart.o(.text.usart_data_transmit)
    usart_deinit                             0x08005525   Thumb Code   200  gd32f4xx_usart.o(.text.usart_deinit)
    usart_enable                             0x080055ed   Thumb Code    10  gd32f4xx_usart.o(.text.usart_enable)
    usart_flag_get                           0x080055f9   Thumb Code    16  gd32f4xx_usart.o(.text.usart_flag_get)
    usart_gpio_config                        0x08005609   Thumb Code   214  bsp_usart.o(.text.usart_gpio_config)
    usart_interrupt_enable                   0x080056e1   Thumb Code    22  gd32f4xx_usart.o(.text.usart_interrupt_enable)
    usart_interrupt_flag_get                 0x080056f9   Thumb Code    34  gd32f4xx_usart.o(.text.usart_interrupt_flag_get)
    usart_parity_config                      0x0800571d   Thumb Code    16  gd32f4xx_usart.o(.text.usart_parity_config)
    usart_receive_config                     0x0800572d   Thumb Code    12  gd32f4xx_usart.o(.text.usart_receive_config)
    usart_stop_bit_set                       0x08005739   Thumb Code    16  gd32f4xx_usart.o(.text.usart_stop_bit_set)
    usart_transmit_config                    0x08005749   Thumb Code    12  gd32f4xx_usart.o(.text.usart_transmit_config)
    usart_word_length_set                    0x08005755   Thumb Code    16  gd32f4xx_usart.o(.text.usart_word_length_set)
    uxListRemove                             0x08005765   Thumb Code    36  list.o(.text.uxListRemove)
    vListInitialise                          0x08005789   Thumb Code    22  list.o(.text.vListInitialise)
    vListInitialiseItem                      0x080057a1   Thumb Code     6  list.o(.text.vListInitialiseItem)
    vListInsert                              0x080057a9   Thumb Code    58  list.o(.text.vListInsert)
    vListInsertEnd                           0x080057e5   Thumb Code    28  list.o(.text.vListInsertEnd)
    vPortEnterCritical                       0x08005815   Thumb Code    76  port.o(.text.vPortEnterCritical)
    vPortExitCritical                        0x08005861   Thumb Code    56  port.o(.text.vPortExitCritical)
    vPortFree                                0x08005899   Thumb Code   218  heap_4.o(.text.vPortFree)
    vPortSetupTimerInterrupt                 0x08005975   Thumb Code    52  port.o(.text.vPortSetupTimerInterrupt)
    vQueueAddToRegistry                      0x080059a9   Thumb Code   104  queue.o(.text.vQueueAddToRegistry)
    vQueueWaitForMessageRestricted           0x08005a11   Thumb Code    70  queue.o(.text.vQueueWaitForMessageRestricted)
    vTaskDelay                               0x08005a59   Thumb Code   200  tasks.o(.text.vTaskDelay)
    vTaskDelete                              0x08005b21   Thumb Code   296  tasks.o(.text.vTaskDelete)
    vTaskInternalSetTimeOutState             0x08005c49   Thumb Code    26  tasks.o(.text.vTaskInternalSetTimeOutState)
    vTaskMissedYield                         0x08005c65   Thumb Code    14  tasks.o(.text.vTaskMissedYield)
    vTaskPlaceOnEventList                    0x08005c75   Thumb Code    64  tasks.o(.text.vTaskPlaceOnEventList)
    vTaskPlaceOnEventListRestricted          0x08005cb5   Thumb Code   102  tasks.o(.text.vTaskPlaceOnEventListRestricted)
    vTaskStartScheduler                      0x08005d1d   Thumb Code   152  tasks.o(.text.vTaskStartScheduler)
    vTaskSuspendAll                          0x08005dbd   Thumb Code    16  tasks.o(.text.vTaskSuspendAll)
    vTaskSwitchContext                       0x08005dcd   Thumb Code   140  tasks.o(.text.vTaskSwitchContext)
    xPortGetFreeHeapSize                     0x08005e59   Thumb Code    12  heap_4.o(.text.xPortGetFreeHeapSize)
    xPortStartScheduler                      0x08005e65   Thumb Code   368  port.o(.text.xPortStartScheduler)
    xPortSysTickHandler                      0x08005fd5   Thumb Code    46  port.o(.text.xPortSysTickHandler)
    xQueueGenericCreate                      0x08006005   Thumb Code    86  queue.o(.text.xQueueGenericCreate)
    xQueueGenericReset                       0x0800605d   Thumb Code   184  queue.o(.text.xQueueGenericReset)
    xQueueGenericSend                        0x08006115   Thumb Code   500  queue.o(.text.xQueueGenericSend)
    xQueueReceive                            0x08006309   Thumb Code   432  queue.o(.text.xQueueReceive)
    xTaskCheckForTimeOut                     0x080064b9   Thumb Code   150  tasks.o(.text.xTaskCheckForTimeOut)
    xTaskCreate                              0x08006551   Thumb Code   502  tasks.o(.text.xTaskCreate)
    xTaskGetSchedulerState                   0x08006749   Thumb Code    38  tasks.o(.text.xTaskGetSchedulerState)
    xTaskGetTickCount                        0x08006771   Thumb Code    12  tasks.o(.text.xTaskGetTickCount)
    xTaskIncrementTick                       0x0800677d   Thumb Code   440  tasks.o(.text.xTaskIncrementTick)
    xTaskRemoveFromEventList                 0x08006935   Thumb Code   228  tasks.o(.text.xTaskRemoveFromEventList)
    xTaskResumeAll                           0x08006a19   Thumb Code   388  tasks.o(.text.xTaskResumeAll)
    xTimerCreateTimerTask                    0x08006b9d   Thumb Code    96  timers.o(.text.xTimerCreateTimerTask)
    __0printf                                0x08006c05   Thumb Code    22  printfa.o(i.__0printf)
    __1printf                                0x08006c05   Thumb Code     0  printfa.o(i.__0printf)
    __2printf                                0x08006c05   Thumb Code     0  printfa.o(i.__0printf)
    __c89printf                              0x08006c05   Thumb Code     0  printfa.o(i.__0printf)
    printf                                   0x08006c05   Thumb Code     0  printfa.o(i.__0printf)
    __ARM_fpclassify                         0x08006c25   Thumb Code    48  fpclassify.o(i.__ARM_fpclassify)
    __hardfp_asin                            0x08006c59   Thumb Code   770  asin.o(i.__hardfp_asin)
    __hardfp_atan                            0x08006fb9   Thumb Code   622  atan.o(i.__hardfp_atan)
    __hardfp_atan2                           0x08007291   Thumb Code   448  atan2.o(i.__hardfp_atan2)
    __kernel_poly                            0x08007491   Thumb Code   248  poly.o(i.__kernel_poly)
    __mathlib_dbl_infnan                     0x08007589   Thumb Code    20  dunder.o(i.__mathlib_dbl_infnan)
    __mathlib_dbl_infnan2                    0x0800759d   Thumb Code    20  dunder.o(i.__mathlib_dbl_infnan2)
    __mathlib_dbl_invalid                    0x080075b1   Thumb Code    24  dunder.o(i.__mathlib_dbl_invalid)
    __mathlib_dbl_underflow                  0x080075d1   Thumb Code    24  dunder.o(i.__mathlib_dbl_underflow)
    __scatterload_copy                       0x080075f1   Thumb Code    14  handlers.o(i.__scatterload_copy)
    __scatterload_null                       0x080075ff   Thumb Code     2  handlers.o(i.__scatterload_null)
    __scatterload_zeroinit                   0x08007601   Thumb Code    14  handlers.o(i.__scatterload_zeroinit)
    __set_errno                              0x08007611   Thumb Code     6  errno.o(i.__set_errno)
    _is_digit                                0x080077a1   Thumb Code    14  scanf_fp.o(i._is_digit)
    atan                                     0x08007edf   Thumb Code    16  atan.o(i.atan)
    fabs                                     0x08007eef   Thumb Code    24  fabs.o(i.fabs)
    puts                                     0x08007f09   Thumb Code    30  puts.o(i.puts)
    sqrt                                     0x08007f2d   Thumb Code   110  sqrt.o(i.sqrt)
    __mathlib_zero                           0x08008088   Data           8  qnan.o(.constdata)
    __ctype_categories                       0x08008090   Data          64  ctype_c.o(.constdata)
    hw                                       0x08008cd4   Data          12  inv_mpu.o(.rodata.hw)
    reg                                      0x08008ce0   Data          27  inv_mpu.o(.rodata.reg)
    test                                     0x08008ea8   Data          40  inv_mpu.o(.rodata.test)
    uxTopUsedPriority                        0x08008ed0   Data           4  tasks.o(.rodata.uxTopUsedPriority)
    Region$$Table$$Base                      0x08008ed4   Number         0  anon$$obj.o(Region$$Table)
    Region$$Table$$Limit                     0x08008ef4   Number         0  anon$$obj.o(Region$$Table)
    __stdout                                 0x20000000   Data           4  stdout.o(.data)
    SystemCoreClock                          0x20000008   Data           4  system_gd32f4xx.o(.data.SystemCoreClock)
    palse_motor1                             0x20000018   Data           4  motor.o(.data.palse_motor1)
    palse_motor2                             0x2000001c   Data           4  motor.o(.data.palse_motor2)
    Angle_x_pid                              0x20000050   Data          44  attitude.o(.bss.Angle_x_pid)
    Angle_y_pid                              0x2000007c   Data          44  attitude.o(.bss.Angle_y_pid)
    Speed_x_pid                              0x200000b8   Data          44  attitude.o(.bss.Speed_x_pid)
    Speed_y_pid                              0x200000e4   Data          44  attitude.o(.bss.Speed_y_pid)
    angle_out_y                              0x20000114   Data           4  attitude.o(.bss.angle_out_y)
    attitude                                 0x20000118   Data          16  attitude.o(.bss.attitude)
    g_recv_buff                              0x20000144   Data        4096  bsp_usart.o(.bss.g_recv_buff)
    g_recv_complete_flag                     0x20001144   Data           1  bsp_usart.o(.bss.g_recv_complete_flag)
    g_recv_length                            0x20001146   Data           2  bsp_usart.o(.bss.g_recv_length)
    gyro                                     0x20001148   Data           6  sensors.o(.bss.gyro)
    in_or_outer                              0x20001150   Data           4  bsp_usart.o(.bss.in_or_outer)
    motor1_encoder                           0x20001154   Data          24  encoder.o(.bss.motor1_encoder)
    motor1_pid                               0x2000116c   Data          44  motor.o(.bss.motor1_pid)
    motor2_encoder                           0x20001198   Data          24  encoder.o(.bss.motor2_encoder)
    motor2_pid                               0x200011b0   Data          44  motor.o(.bss.motor2_pid)
    pxCurrentTCB                             0x200011e0   Data           4  tasks.o(.bss.pxCurrentTCB)
    setpoint_x                               0x20001478   Data           4  attitude.o(.bss.setpoint_x)
    setpoint_y                               0x2000147c   Data           4  attitude.o(.bss.setpoint_y)
    speed_x                                  0x20001480   Data           4  attitude.o(.bss.speed_x)
    speed_y                                  0x20001484   Data           4  attitude.o(.bss.speed_y)
    startTaskHandle                          0x20001488   Data           4  main.o(.bss.startTaskHandle)
    xQueueRegistry                           0x20014130   Data          80  queue.o(.bss.xQueueRegistry)
    zero_angle_x                             0x200141c4   Data           4  attitude.o(.bss.zero_angle_x)
    zero_angle_y                             0x200141c8   Data           4  attitude.o(.bss.zero_angle_y)
    __initial_sp                             0x200145d0   Data           0  startup_gd32f450_470.o(STACK)



==============================================================================

Memory Map of the image

  Image Entry point : 0x080001ad

  Load Region LR_IROM1 (Base: 0x08000000, Size: 0x00008f48, Max: 0x00100000, ABSOLUTE)

    Execution Region ER_IROM1 (Exec base: 0x08000000, Load base: 0x08000000, Size: 0x00008ef4, Max: 0x00100000, ABSOLUTE)

    Exec Addr    Load Addr    Size         Type   Attr      Idx    E Section Name        Object

    0x08000000   0x08000000   0x000001ac   Data   RO         1472    RESET               startup_gd32f450_470.o
    0x080001ac   0x080001ac   0x00000000   Code   RO         1906  * .ARM.Collect$$$$00000000  mc_w.l(entry.o)
    0x080001ac   0x080001ac   0x00000004   Code   RO         2262    .ARM.Collect$$$$00000001  mc_w.l(entry2.o)
    0x080001b0   0x080001b0   0x00000004   Code   RO         2265    .ARM.Collect$$$$00000004  mc_w.l(entry5.o)
    0x080001b4   0x080001b4   0x00000000   Code   RO         2267    .ARM.Collect$$$$00000008  mc_w.l(entry7b.o)
    0x080001b4   0x080001b4   0x00000000   Code   RO         2269    .ARM.Collect$$$$0000000A  mc_w.l(entry8b.o)
    0x080001b4   0x080001b4   0x00000008   Code   RO         2270    .ARM.Collect$$$$0000000B  mc_w.l(entry9a.o)
    0x080001bc   0x080001bc   0x00000000   Code   RO         2272    .ARM.Collect$$$$0000000D  mc_w.l(entry10a.o)
    0x080001bc   0x080001bc   0x00000000   Code   RO         2274    .ARM.Collect$$$$0000000F  mc_w.l(entry11a.o)
    0x080001bc   0x080001bc   0x00000004   Code   RO         2263    .ARM.Collect$$$$00002712  mc_w.l(entry2.o)
    0x080001c0   0x080001c0   0x00000024   Code   RO         1473    .text               startup_gd32f450_470.o
    0x080001e4   0x080001e4   0x00000040   Code   RO         1917    .text               mc_w.l(memmovea.o)
    0x08000224   0x08000224   0x00000024   Code   RO         1919    .text               mc_w.l(memseta.o)
    0x08000248   0x08000248   0x00000024   Code   RO         1921    .text               mc_w.l(strstr.o)
    0x0800026c   0x0800026c   0x0000001a   Code   RO         1923    .text               mc_w.l(memcmp.o)
    0x08000286   0x08000286   0x00000002   PAD
    0x08000288   0x08000288   0x00000038   Code   RO         2190    .text               mc_w.l(__0sscanf.o)
    0x080002c0   0x080002c0   0x00000360   Code   RO         2192    .text               mc_w.l(scanf_fp.o)
    0x08000620   0x08000620   0x0000014e   Code   RO         2196    .text               mf_w.l(dadd.o)
    0x0800076e   0x0800076e   0x000000e4   Code   RO         2198    .text               mf_w.l(dmul.o)
    0x08000852   0x08000852   0x000000de   Code   RO         2200    .text               mf_w.l(ddiv.o)
    0x08000930   0x08000930   0x00000026   Code   RO         2204    .text               mf_w.l(f2d.o)
    0x08000956   0x08000956   0x00000038   Code   RO         2206    .text               mf_w.l(d2f.o)
    0x0800098e   0x0800098e   0x0000002c   Code   RO         2286    .text               mc_w.l(uidiv.o)
    0x080009ba   0x080009ba   0x00000062   Code   RO         2288    .text               mc_w.l(uldiv.o)
    0x08000a1c   0x08000a1c   0x0000001e   Code   RO         2290    .text               mc_w.l(llshl.o)
    0x08000a3a   0x08000a3a   0x00000024   Code   RO         2292    .text               mc_w.l(llsshr.o)
    0x08000a5e   0x08000a5e   0x00000002   PAD
    0x08000a60   0x08000a60   0x00000028   Code   RO         2301    .text               mc_w.l(scanf_char.o)
    0x08000a88   0x08000a88   0x00000040   Code   RO         2303    .text               mc_w.l(_sgetc.o)
    0x08000ac8   0x08000ac8   0x00000000   Code   RO         2305    .text               mc_w.l(iusefp.o)
    0x08000ac8   0x08000ac8   0x0000006e   Code   RO         2306    .text               mf_w.l(fepilogue.o)
    0x08000b36   0x08000b36   0x000000ba   Code   RO         2308    .text               mf_w.l(depilogue.o)
    0x08000bf0   0x08000bf0   0x00000018   Code   RO         2312    .text               mf_w.l(dfltul.o)
    0x08000c08   0x08000c08   0x00000030   Code   RO         2314    .text               mf_w.l(dfixul.o)
    0x08000c38   0x08000c38   0x00000030   Code   RO         2316    .text               mf_w.l(cdcmple.o)
    0x08000c68   0x08000c68   0x00000030   Code   RO         2318    .text               mf_w.l(cdrcmple.o)
    0x08000c98   0x08000c98   0x00000030   Code   RO         2322    .text               mc_w.l(init.o)
    0x08000cc8   0x08000cc8   0x00000020   Code   RO         2324    .text               mc_w.l(llushr.o)
    0x08000ce8   0x08000ce8   0x0000000a   Code   RO         2326    .text               mc_w.l(isspace_c.o)
    0x08000cf2   0x08000cf2   0x00000002   PAD
    0x08000cf4   0x08000cf4   0x0000032c   Code   RO         2328    .text               mc_w.l(_scanf.o)
    0x08001020   0x08001020   0x000000a2   Code   RO         2330    .text               mf_w.l(dsqrt.o)
    0x080010c2   0x080010c2   0x00000002   PAD
    0x080010c4   0x080010c4   0x00000028   Code   RO         2332    .text               mc_w.l(ctype_c.o)
    0x080010ec   0x080010ec   0x00000002   Code   RO            8    .text.BusFault_Handler  gd32f4xx_it.o
    0x080010ee   0x080010ee   0x00000002   PAD
    0x080010f0   0x080010f0   0x00000028   Code   RO          392    .text.DMA1_Channel2_IRQHandler  bsp_dma.o
    0x08001118   0x08001118   0x00000002   Code   RO           12    .text.DebugMon_Handler  gd32f4xx_it.o
    0x0800111a   0x0800111a   0x00000002   PAD
    0x0800111c   0x0800111c   0x0000004a   Code   RO          352    .text.EXTI0_IRQHandler  bsp_key.o
    0x08001166   0x08001166   0x00000002   PAD
    0x08001168   0x08001168   0x00000002   Code   RO            4    .text.HardFault_Handler  gd32f4xx_it.o
    0x0800116a   0x0800116a   0x00000002   PAD
    0x0800116c   0x0800116c   0x000000dc   Code   RO          599    .text.I2C_WaitAck   mpu6050.o
    0x08001248   0x08001248   0x00000078   Code   RO          597    .text.IIC_Send_Ack  mpu6050.o
    0x080012c0   0x080012c0   0x0000002e   Code   RO           25    .text.LED_Task      main.o
    0x080012ee   0x080012ee   0x00000002   PAD
    0x080012f0   0x080012f0   0x0000003c   Code   RO          617    .text.MPU6050ReadGyro  mpu6050.o
    0x0800132c   0x0800132c   0x00000186   Code   RO          625    .text.MPU6050_Init  mpu6050.o
    0x080014b2   0x080014b2   0x00000002   PAD
    0x080014b4   0x080014b4   0x00000186   Code   RO          607    .text.MPU6050_ReadData  mpu6050.o
    0x0800163a   0x0800163a   0x00000002   PAD
    0x0800163c   0x0800163c   0x000001aa   Code   RO          605    .text.MPU6050_WriteReg  mpu6050.o
    0x080017e6   0x080017e6   0x00000002   PAD
    0x080017e8   0x080017e8   0x00000002   Code   RO            6    .text.MemManage_Handler  gd32f4xx_it.o
    0x080017ea   0x080017ea   0x00000002   PAD
    0x080017ec   0x080017ec   0x00000008   Code   RO          134    .text.Motor1_Encoder_Value  encoder.o
    0x080017f4   0x080017f4   0x0000000c   Code   RO          136    .text.Motor2_Encoder_Value  encoder.o
    0x08001800   0x08001800   0x000001be   Code   RO          132    .text.Motor_Encoder_Init  encoder.o
    0x080019be   0x080019be   0x00000002   PAD
    0x080019c0   0x080019c0   0x00000002   Code   RO            2    .text.NMI_Handler   gd32f4xx_it.o
    0x080019c2   0x080019c2   0x00000002   PAD
    0x080019c4   0x080019c4   0x0000001e   Code   RO          100    .text.PID_Param_Init  pid.o
    0x080019e2   0x080019e2   0x0000000e   PAD
    0x080019f0   0x080019f0   0x00000064   Code   RO         1849    .text.PendSV_Handler  port.o
    0x08001a54   0x08001a54   0x00000072   Code   RO          603    .text.Read_Byte     mpu6050.o
    0x08001ac6   0x08001ac6   0x0000000a   PAD
    0x08001ad0   0x08001ad0   0x00000024   Code   RO         1833    .text.SVC_Handler   port.o
    0x08001af4   0x08001af4   0x0000006a   Code   RO          601    .text.Send_Byte     mpu6050.o
    0x08001b5e   0x08001b5e   0x00000002   PAD
    0x08001b60   0x08001b60   0x00000022   Code   RO           64    .text.SysTick_Handler  systick.o
    0x08001b82   0x08001b82   0x00000002   PAD
    0x08001b84   0x08001b84   0x0000015e   Code   RO         1480    .text.SystemInit    system_gd32f4xx.o
    0x08001ce2   0x08001ce2   0x00000002   PAD
    0x08001ce4   0x08001ce4   0x0000003e   Code   RO          138    .text.TIMER1_IRQHandler  encoder.o
    0x08001d22   0x08001d22   0x00000002   PAD
    0x08001d24   0x08001d24   0x0000003e   Code   RO          140    .text.TIMER2_IRQHandler  encoder.o
    0x08001d62   0x08001d62   0x00000002   PAD
    0x08001d64   0x08001d64   0x0000002e   Code   RO          380    .text.TIMER5_DAC_IRQHandler  bsp_basic_timer.o
    0x08001d92   0x08001d92   0x00000002   PAD
    0x08001d94   0x08001d94   0x000003e4   Code   RO          327    .text.USART0_IRQHandler  bsp_usart.o
    0x08002178   0x08002178   0x00000002   Code   RO           10    .text.UsageFault_Handler  gd32f4xx_it.o
    0x0800217a   0x0800217a   0x00000002   PAD
    0x0800217c   0x0800217c   0x000001a4   Code   RO          154    .text.attitudeTask  attitude.o
    0x08002320   0x08002320   0x0000001e   Code   RO          217    .text.constrainf    maths.o
    0x0800233e   0x0800233e   0x00000002   PAD
    0x08002340   0x08002340   0x00000054   Code   RO          106    .text.ctrl_angle_realize  pid.o
    0x08002394   0x08002394   0x00000088   Code   RO          108    .text.ctrl_speed_realize  pid.o
    0x0800241c   0x0800241c   0x00000042   Code   RO           44    .text.delay_init    delay.o
    0x0800245e   0x0800245e   0x00000002   PAD
    0x08002460   0x08002460   0x0000005e   Code   RO           48    .text.delay_ms      delay.o
    0x080024be   0x080024be   0x00000002   PAD
    0x080024c0   0x080024c0   0x0000003a   Code   RO           46    .text.delay_us      delay.o
    0x080024fa   0x080024fa   0x00000002   PAD
    0x080024fc   0x080024fc   0x00000036   Code   RO          963    .text.dma_interrupt_flag_clear  gd32f4xx_dma.o
    0x08002532   0x08002532   0x00000002   PAD
    0x08002534   0x08002534   0x0000012e   Code   RO          961    .text.dma_interrupt_flag_get  gd32f4xx_dma.o
    0x08002662   0x08002662   0x00000002   PAD
    0x08002664   0x08002664   0x000002b0   Code   RO          549    .text.dmp_enable_feature  inv_mpu_dmp_motion_driver.o
    0x08002914   0x08002914   0x00000016   Code   RO          513    .text.dmp_load_motion_driver_firmware  inv_mpu_dmp_motion_driver.o
    0x0800292a   0x0800292a   0x00000002   PAD
    0x0800292c   0x0800292c   0x000001d2   Code   RO          561    .text.dmp_read_fifo  inv_mpu_dmp_motion_driver.o
    0x08002afe   0x08002afe   0x00000002   PAD
    0x08002b00   0x08002b00   0x0000006e   Code   RO          521    .text.dmp_set_fifo_rate  inv_mpu_dmp_motion_driver.o
    0x08002b6e   0x08002b6e   0x00000002   PAD
    0x08002b70   0x08002b70   0x00000110   Code   RO          515    .text.dmp_set_orientation  inv_mpu_dmp_motion_driver.o
    0x08002c80   0x08002c80   0x0000014c   Code   RO          525    .text.dmp_set_tap_thresh  inv_mpu_dmp_motion_driver.o
    0x08002dcc   0x08002dcc   0x0000000c   Code   RO          995    .text.exti_interrupt_flag_clear  gd32f4xx_exti.o
    0x08002dd8   0x08002dd8   0x00000012   Code   RO          993    .text.exti_interrupt_flag_get  gd32f4xx_exti.o
    0x08002dea   0x08002dea   0x00000002   PAD
    0x08002dec   0x08002dec   0x00000024   Code   RO          325    .text.fputc         bsp_usart.o
    0x08002e10   0x08002e10   0x00000034   Code   RO           80    .text.get_motor1_speed  motor.o
    0x08002e44   0x08002e44   0x00000034   Code   RO           82    .text.get_motor2_speed  motor.o
    0x08002e78   0x08002e78   0x0000006e   Code   RO          658    .text.gpio_af_set   gd32f4xx_gpio.o
    0x08002ee6   0x08002ee6   0x00000002   PAD
    0x08002ee8   0x08002ee8   0x00000004   Code   RO          662    .text.gpio_bit_toggle  gd32f4xx_gpio.o
    0x08002eec   0x08002eec   0x0000000c   Code   RO          646    .text.gpio_bit_write  gd32f4xx_gpio.o
    0x08002ef8   0x08002ef8   0x0000000a   Code   RO          650    .text.gpio_input_bit_get  gd32f4xx_gpio.o
    0x08002f02   0x08002f02   0x00000002   PAD
    0x08002f04   0x08002f04   0x00000054   Code   RO          638    .text.gpio_mode_set  gd32f4xx_gpio.o
    0x08002f58   0x08002f58   0x00000046   Code   RO          640    .text.gpio_output_options_set  gd32f4xx_gpio.o
    0x08002f9e   0x08002f9e   0x00000002   PAD
    0x08002fa0   0x08002fa0   0x000000b4   Code   RO          489    .text.inv_orientation_matrix_to_scalar  inv_mpu.o
    0x08003054   0x08003054   0x0000002e   Code   RO          342    .text.led_gpio_config  bsp_led.o
    0x08003082   0x08003082   0x00000002   PAD
    0x08003084   0x08003084   0x00000040   Code   RO           21    .text.main          main.o
    0x080030c4   0x080030c4   0x00000002   Code   RO          427    .text.mget_ms       inv_mpu.o
    0x080030c6   0x080030c6   0x00000002   PAD
    0x080030c8   0x080030c8   0x0000002c   Code   RO          364    .text.motor1_out    bsp_pwm.o
    0x080030f4   0x080030f4   0x0000002c   Code   RO          366    .text.motor2_out    bsp_pwm.o
    0x08003120   0x08003120   0x00000144   Code   RO          368    .text.motor_config  bsp_pwm.o
    0x08003264   0x08003264   0x00000094   Code   RO           84    .text.motor_init    motor.o
    0x080032f8   0x080032f8   0x0000008e   Code   RO          415    .text.mpu_configure_fifo  inv_mpu.o
    0x08003386   0x08003386   0x00000002   PAD
    0x08003388   0x08003388   0x0000018c   Code   RO          495    .text.mpu_dmp_get_data  inv_mpu.o
    0x08003514   0x08003514   0x000000f0   Code   RO          493    .text.mpu_dmp_init  inv_mpu.o
    0x08003604   0x08003604   0x00000032   Code   RO          439    .text.mpu_get_accel_fsr  inv_mpu.o
    0x08003636   0x08003636   0x00000002   PAD
    0x08003638   0x08003638   0x000001a8   Code   RO          405    .text.mpu_init      inv_mpu.o
    0x080037e0   0x080037e0   0x0000016e   Code   RO          475    .text.mpu_load_firmware  inv_mpu.o
    0x0800394e   0x0800394e   0x00000002   PAD
    0x08003950   0x08003950   0x000001d8   Code   RO          421    .text.mpu_lp_accel_mode  inv_mpu.o
    0x08003b28   0x08003b28   0x000000aa   Code   RO          461    .text.mpu_read_fifo_stream  inv_mpu.o
    0x08003bd2   0x08003bd2   0x00000002   PAD
    0x08003bd4   0x08003bd4   0x00000176   Code   RO          435    .text.mpu_reset_fifo  inv_mpu.o
    0x08003d4a   0x08003d4a   0x00000002   PAD
    0x08003d4c   0x08003d4c   0x00000074   Code   RO          409    .text.mpu_set_accel_fsr  inv_mpu.o
    0x08003dc0   0x08003dc0   0x000000ea   Code   RO          417    .text.mpu_set_bypass  inv_mpu.o
    0x08003eaa   0x08003eaa   0x00000002   PAD
    0x08003eac   0x08003eac   0x000000de   Code   RO          467    .text.mpu_set_dmp_state  inv_mpu.o
    0x08003f8a   0x08003f8a   0x00000002   PAD
    0x08003f8c   0x08003f8c   0x0000006e   Code   RO          411    .text.mpu_set_lpf   inv_mpu.o
    0x08003ffa   0x08003ffa   0x00000002   PAD
    0x08003ffc   0x08003ffc   0x000000d8   Code   RO          413    .text.mpu_set_sample_rate  inv_mpu.o
    0x080040d4   0x080040d4   0x000000ec   Code   RO          419    .text.mpu_set_sensors  inv_mpu.o
    0x080041c0   0x080041c0   0x00000064   Code   RO          471    .text.mpu_write_mem  inv_mpu.o
    0x08004224   0x08004224   0x00000008   Code   RO           62    .text.nvicInit      systick.o
    0x0800422c   0x0800422c   0x000000a4   Code   RO          779    .text.nvic_irq_enable  gd32f4xx_misc.o
    0x080042d0   0x080042d0   0x00000014   Code   RO          777    .text.nvic_priority_group_set  gd32f4xx_misc.o
    0x080042e4   0x080042e4   0x000000c0   Code   RO         1642    .text.prvAddCurrentTaskToDelayedList  tasks.o
    0x080043a4   0x080043a4   0x00000070   Code   RO         1753    .text.prvCheckForValidListAndQueue  timers.o
    0x08004414   0x08004414   0x00000076   Code   RO         1666    .text.prvIdleTask   tasks.o
    0x0800448a   0x0800448a   0x00000002   PAD
    0x0800448c   0x0800448c   0x00000028   Code   RO         1841    .text.prvPortStartFirstTask  port.o
    0x080044b4   0x080044b4   0x0000007c   Code   RO         1781    .text.prvProcessExpiredTimer  timers.o
    0x08004530   0x08004530   0x00000046   Code   RO         1831    .text.prvTaskExitError  port.o
    0x08004576   0x08004576   0x00000002   PAD
    0x08004578   0x08004578   0x00000242   Code   RO         1755    .text.prvTimerTask  timers.o
    0x080047ba   0x080047ba   0x00000002   PAD
    0x080047bc   0x080047bc   0x00000074   Code   RO         1545    .text.prvUnlockQueue  queue.o
    0x08004830   0x08004830   0x00000198   Code   RO         1799    .text.pvPortMalloc  heap_4.o
    0x080049c8   0x080049c8   0x00000024   Code   RO         1829    .text.pxPortInitialiseStack  port.o
    0x080049ec   0x080049ec   0x000000bc   Code   RO          756    .text.rcu_clock_freq_get  gd32f4xx_rcu.o
    0x08004aa8   0x08004aa8   0x0000001e   Code   RO          678    .text.rcu_periph_clock_enable  gd32f4xx_rcu.o
    0x08004ac6   0x08004ac6   0x00000002   PAD
    0x08004ac8   0x08004ac8   0x00000020   Code   RO          688    .text.rcu_periph_reset_disable  gd32f4xx_rcu.o
    0x08004ae8   0x08004ae8   0x0000001e   Code   RO          686    .text.rcu_periph_reset_enable  gd32f4xx_rcu.o
    0x08004b06   0x08004b06   0x00000002   PAD
    0x08004b08   0x08004b08   0x00000022   Code   RO          724    .text.rcu_timer_clock_prescaler_config  gd32f4xx_rcu.o
    0x08004b2a   0x08004b2a   0x00000002   PAD
    0x08004b2c   0x08004b2c   0x00000054   Code   RO          181    .text.sensorsAcquire  sensors.o
    0x08004b80   0x08004b80   0x000000bc   Code   RO          177    .text.sensorsInit   sensors.o
    0x08004c3c   0x08004c3c   0x000000aa   Code   RO          179    .text.sensorsTask   sensors.o
    0x08004ce6   0x08004ce6   0x00000002   PAD
    0x08004ce8   0x08004ce8   0x00000006   Code   RO          122    .text.set_kd        pid.o
    0x08004cee   0x08004cee   0x00000002   PAD
    0x08004cf0   0x08004cf0   0x00000006   Code   RO          120    .text.set_ki        pid.o
    0x08004cf6   0x08004cf6   0x00000002   PAD
    0x08004cf8   0x08004cf8   0x00000006   Code   RO          118    .text.set_kp        pid.o
    0x08004cfe   0x08004cfe   0x00000002   PAD
    0x08004d00   0x08004d00   0x00000006   Code   RO          112    .text.set_pid_target  pid.o
    0x08004d06   0x08004d06   0x00000002   PAD
    0x08004d08   0x08004d08   0x000000b8   Code   RO           23    .text.startTask     main.o
    0x08004dc0   0x08004dc0   0x0000001c   Code   RO           36    .text.systeminit    system.o
    0x08004ddc   0x08004ddc   0x00000018   Code   RO          789    .text.systick_clksource_set  gd32f4xx_misc.o
    0x08004df4   0x08004df4   0x0000000a   Code   RO         1187    .text.timer_auto_reload_shadow_enable  gd32f4xx_timer.o
    0x08004dfe   0x08004dfe   0x00000002   PAD
    0x08004e00   0x08004e00   0x0000000c   Code   RO         1267    .text.timer_channel_input_struct_para_init  gd32f4xx_timer.o
    0x08004e0c   0x08004e0c   0x000001f4   Code   RO         1247    .text.timer_channel_output_config  gd32f4xx_timer.o
    0x08005000   0x08005000   0x00000038   Code   RO         1249    .text.timer_channel_output_mode_config  gd32f4xx_timer.o
    0x08005038   0x08005038   0x0000000c   Code   RO         1251    .text.timer_channel_output_pulse_value_config  gd32f4xx_timer.o
    0x08005044   0x08005044   0x00000038   Code   RO         1253    .text.timer_channel_output_shadow_config  gd32f4xx_timer.o
    0x0800507c   0x0800507c   0x00000004   Code   RO         1209    .text.timer_counter_read  gd32f4xx_timer.o
    0x08005080   0x08005080   0x00000004   Code   RO         1207    .text.timer_counter_value_config  gd32f4xx_timer.o
    0x08005084   0x08005084   0x00000146   Code   RO         1177    .text.timer_deinit  gd32f4xx_timer.o
    0x080051ca   0x080051ca   0x00000002   PAD
    0x080051cc   0x080051cc   0x0000000a   Code   RO         1183    .text.timer_enable  gd32f4xx_timer.o
    0x080051d6   0x080051d6   0x00000002   PAD
    0x080051d8   0x080051d8   0x000000aa   Code   RO         1181    .text.timer_init    gd32f4xx_timer.o
    0x08005282   0x08005282   0x00000002   PAD
    0x08005284   0x08005284   0x00000158   Code   RO         1269    .text.timer_input_capture_config  gd32f4xx_timer.o
    0x080053dc   0x080053dc   0x00000008   Code   RO         1313    .text.timer_interrupt_enable  gd32f4xx_timer.o
    0x080053e4   0x080053e4   0x00000006   Code   RO         1319    .text.timer_interrupt_flag_clear  gd32f4xx_timer.o
    0x080053ea   0x080053ea   0x00000002   PAD
    0x080053ec   0x080053ec   0x00000016   Code   RO         1317    .text.timer_interrupt_flag_get  gd32f4xx_timer.o
    0x08005402   0x08005402   0x00000002   PAD
    0x08005404   0x08005404   0x0000004e   Code   RO         1289    .text.timer_quadrature_decoder_mode_config  gd32f4xx_timer.o
    0x08005452   0x08005452   0x00000002   PAD
    0x08005454   0x08005454   0x000000be   Code   RO         1331    .text.usart_baudrate_set  gd32f4xx_usart.o
    0x08005512   0x08005512   0x00000002   PAD
    0x08005514   0x08005514   0x00000008   Code   RO         1363    .text.usart_data_receive  gd32f4xx_usart.o
    0x0800551c   0x0800551c   0x00000008   Code   RO         1361    .text.usart_data_transmit  gd32f4xx_usart.o
    0x08005524   0x08005524   0x000000c8   Code   RO         1329    .text.usart_deinit  gd32f4xx_usart.o
    0x080055ec   0x080055ec   0x0000000a   Code   RO         1339    .text.usart_enable  gd32f4xx_usart.o
    0x080055f6   0x080055f6   0x00000002   PAD
    0x080055f8   0x080055f8   0x00000010   Code   RO         1427    .text.usart_flag_get  gd32f4xx_usart.o
    0x08005608   0x08005608   0x000000d6   Code   RO          317    .text.usart_gpio_config  bsp_usart.o
    0x080056de   0x080056de   0x00000002   PAD
    0x080056e0   0x080056e0   0x00000016   Code   RO         1431    .text.usart_interrupt_enable  gd32f4xx_usart.o
    0x080056f6   0x080056f6   0x00000002   PAD
    0x080056f8   0x080056f8   0x00000022   Code   RO         1435    .text.usart_interrupt_flag_get  gd32f4xx_usart.o
    0x0800571a   0x0800571a   0x00000002   PAD
    0x0800571c   0x0800571c   0x00000010   Code   RO         1333    .text.usart_parity_config  gd32f4xx_usart.o
    0x0800572c   0x0800572c   0x0000000c   Code   RO         1345    .text.usart_receive_config  gd32f4xx_usart.o
    0x08005738   0x08005738   0x00000010   Code   RO         1337    .text.usart_stop_bit_set  gd32f4xx_usart.o
    0x08005748   0x08005748   0x0000000c   Code   RO         1343    .text.usart_transmit_config  gd32f4xx_usart.o
    0x08005754   0x08005754   0x00000010   Code   RO         1335    .text.usart_word_length_set  gd32f4xx_usart.o
    0x08005764   0x08005764   0x00000024   Code   RO         1529    .text.uxListRemove  list.o
    0x08005788   0x08005788   0x00000016   Code   RO         1521    .text.vListInitialise  list.o
    0x0800579e   0x0800579e   0x00000002   PAD
    0x080057a0   0x080057a0   0x00000006   Code   RO         1523    .text.vListInitialiseItem  list.o
    0x080057a6   0x080057a6   0x00000002   PAD
    0x080057a8   0x080057a8   0x0000003a   Code   RO         1527    .text.vListInsert   list.o
    0x080057e2   0x080057e2   0x00000002   PAD
    0x080057e4   0x080057e4   0x0000001c   Code   RO         1525    .text.vListInsertEnd  list.o
    0x08005800   0x08005800   0x00000014   Code   RO         1839    .text.vPortEnableVFP  port.o
    0x08005814   0x08005814   0x0000004c   Code   RO         1845    .text.vPortEnterCritical  port.o
    0x08005860   0x08005860   0x00000038   Code   RO         1847    .text.vPortExitCritical  port.o
    0x08005898   0x08005898   0x000000da   Code   RO         1801    .text.vPortFree     heap_4.o
    0x08005972   0x08005972   0x00000002   PAD
    0x08005974   0x08005974   0x00000034   Code   RO         1837    .text.vPortSetupTimerInterrupt  port.o
    0x080059a8   0x080059a8   0x00000068   Code   RO         1575    .text.vQueueAddToRegistry  queue.o
    0x08005a10   0x08005a10   0x00000046   Code   RO         1579    .text.vQueueWaitForMessageRestricted  queue.o
    0x08005a56   0x08005a56   0x00000002   PAD
    0x08005a58   0x08005a58   0x000000c8   Code   RO         1646    .text.vTaskDelay    tasks.o
    0x08005b20   0x08005b20   0x00000128   Code   RO         1636    .text.vTaskDelete   tasks.o
    0x08005c48   0x08005c48   0x0000001a   Code   RO         1694    .text.vTaskInternalSetTimeOutState  tasks.o
    0x08005c62   0x08005c62   0x00000002   PAD
    0x08005c64   0x08005c64   0x0000000e   Code   RO         1698    .text.vTaskMissedYield  tasks.o
    0x08005c72   0x08005c72   0x00000002   PAD
    0x08005c74   0x08005c74   0x00000040   Code   RO         1682    .text.vTaskPlaceOnEventList  tasks.o
    0x08005cb4   0x08005cb4   0x00000066   Code   RO         1686    .text.vTaskPlaceOnEventListRestricted  tasks.o
    0x08005d1a   0x08005d1a   0x00000002   PAD
    0x08005d1c   0x08005d1c   0x000000a0   Code   RO         1664    .text.vTaskStartScheduler  tasks.o
    0x08005dbc   0x08005dbc   0x00000010   Code   RO         1640    .text.vTaskSuspendAll  tasks.o
    0x08005dcc   0x08005dcc   0x0000008c   Code   RO         1658    .text.vTaskSwitchContext  tasks.o
    0x08005e58   0x08005e58   0x0000000c   Code   RO         1803    .text.xPortGetFreeHeapSize  heap_4.o
    0x08005e64   0x08005e64   0x00000170   Code   RO         1835    .text.xPortStartScheduler  port.o
    0x08005fd4   0x08005fd4   0x0000002e   Code   RO         1851    .text.xPortSysTickHandler  port.o
    0x08006002   0x08006002   0x00000002   PAD
    0x08006004   0x08006004   0x00000056   Code   RO         1541    .text.xQueueGenericCreate  queue.o
    0x0800605a   0x0800605a   0x00000002   PAD
    0x0800605c   0x0800605c   0x000000b8   Code   RO         1539    .text.xQueueGenericReset  queue.o
    0x08006114   0x08006114   0x000001f4   Code   RO         1543    .text.xQueueGenericSend  queue.o
    0x08006308   0x08006308   0x000001b0   Code   RO         1551    .text.xQueueReceive  queue.o
    0x080064b8   0x080064b8   0x00000096   Code   RO         1696    .text.xTaskCheckForTimeOut  tasks.o
    0x0800654e   0x0800654e   0x00000002   PAD
    0x08006550   0x08006550   0x000001f6   Code   RO         1634    .text.xTaskCreate   tasks.o
    0x08006746   0x08006746   0x00000002   PAD
    0x08006748   0x08006748   0x00000026   Code   RO         1702    .text.xTaskGetSchedulerState  tasks.o
    0x0800676e   0x0800676e   0x00000002   PAD
    0x08006770   0x08006770   0x0000000c   Code   RO         1672    .text.xTaskGetTickCount  tasks.o
    0x0800677c   0x0800677c   0x000001b8   Code   RO         1670    .text.xTaskIncrementTick  tasks.o
    0x08006934   0x08006934   0x000000e4   Code   RO         1688    .text.xTaskRemoveFromEventList  tasks.o
    0x08006a18   0x08006a18   0x00000184   Code   RO         1644    .text.xTaskResumeAll  tasks.o
    0x08006b9c   0x08006b9c   0x00000068   Code   RO         1751    .text.xTimerCreateTimerTask  timers.o
    0x08006c04   0x08006c04   0x00000020   Code   RO         2162    i.__0printf         mc_w.l(printfa.o)
    0x08006c24   0x08006c24   0x00000030   Code   RO         2235    i.__ARM_fpclassify  m_wm.l(fpclassify.o)
    0x08006c54   0x08006c54   0x00000004   PAD
    0x08006c58   0x08006c58   0x00000360   Code   RO         1866    i.__hardfp_asin     m_wm.l(asin.o)
    0x08006fb8   0x08006fb8   0x000002d8   Code   RO         2208    i.__hardfp_atan     m_wm.l(atan.o)
    0x08007290   0x08007290   0x00000200   Code   RO         1873    i.__hardfp_atan2    m_wm.l(atan2.o)
    0x08007490   0x08007490   0x000000f8   Code   RO         2253    i.__kernel_poly     m_wm.l(poly.o)
    0x08007588   0x08007588   0x00000014   Code   RO         2216    i.__mathlib_dbl_infnan  m_wm.l(dunder.o)
    0x0800759c   0x0800759c   0x00000014   Code   RO         2217    i.__mathlib_dbl_infnan2  m_wm.l(dunder.o)
    0x080075b0   0x080075b0   0x00000020   Code   RO         2218    i.__mathlib_dbl_invalid  m_wm.l(dunder.o)
    0x080075d0   0x080075d0   0x00000020   Code   RO         2221    i.__mathlib_dbl_underflow  m_wm.l(dunder.o)
    0x080075f0   0x080075f0   0x0000000e   Code   RO         2337    i.__scatterload_copy  mc_w.l(handlers.o)
    0x080075fe   0x080075fe   0x00000002   Code   RO         2338    i.__scatterload_null  mc_w.l(handlers.o)
    0x08007600   0x08007600   0x0000000e   Code   RO         2339    i.__scatterload_zeroinit  mc_w.l(handlers.o)
    0x0800760e   0x0800760e   0x00000002   PAD
    0x08007610   0x08007610   0x0000000c   Code   RO         2296    i.__set_errno       mc_w.l(errno.o)
    0x0800761c   0x0800761c   0x00000184   Code   RO         2169    i._fp_digits        mc_w.l(printfa.o)
    0x080077a0   0x080077a0   0x0000000e   Code   RO         2194    i._is_digit         mc_w.l(scanf_fp.o)
    0x080077ae   0x080077ae   0x00000002   PAD
    0x080077b0   0x080077b0   0x000006dc   Code   RO         2170    i._printf_core      mc_w.l(printfa.o)
    0x08007e8c   0x08007e8c   0x00000024   Code   RO         2171    i._printf_post_padding  mc_w.l(printfa.o)
    0x08007eb0   0x08007eb0   0x0000002e   Code   RO         2172    i._printf_pre_padding  mc_w.l(printfa.o)
    0x08007ede   0x08007ede   0x00000010   Code   RO         2210    i.atan              m_wm.l(atan.o)
    0x08007eee   0x08007eee   0x00000018   Code   RO         2231    i.fabs              m_wm.l(fabs.o)
    0x08007f06   0x08007f06   0x00000002   PAD
    0x08007f08   0x08007f08   0x00000024   Code   RO         1909    i.puts              mc_w.l(puts.o)
    0x08007f2c   0x08007f2c   0x0000006e   Code   RO         2258    i.sqrt              m_wm.l(sqrt.o)
    0x08007f9a   0x08007f9a   0x00000006   PAD
    0x08007fa0   0x08007fa0   0x00000050   Data   RO         1869    .constdata          m_wm.l(asin.o)
    0x08007ff0   0x08007ff0   0x00000098   Data   RO         2211    .constdata          m_wm.l(atan.o)
    0x08008088   0x08008088   0x00000008   Data   RO         2255    .constdata          m_wm.l(qnan.o)
    0x08008090   0x08008090   0x00000040   Data   RO         2333    .constdata          mc_w.l(ctype_c.o)
    0x080080d0   0x080080d0   0x00000003   Data   RO          569    .rodata..L__const.dmp_set_orientation.accel_axes  inv_mpu_dmp_motion_driver.o
    0x080080d3   0x080080d3   0x00000003   Data   RO          568    .rodata..L__const.dmp_set_orientation.gyro_axes  inv_mpu_dmp_motion_driver.o
    0x080080d6   0x080080d6   0x00000008   Data   RO          768    .rodata.cst8        gd32f4xx_rcu.o
    0x080080de   0x080080de   0x00000bf6   Data   RO          567    .rodata.dmp_memory  inv_mpu_dmp_motion_driver.o
    0x08008cd4   0x08008cd4   0x0000000c   Data   RO          498    .rodata.hw          inv_mpu.o
    0x08008ce0   0x08008ce0   0x0000001b   Data   RO          497    .rodata.reg         inv_mpu.o
    0x08008cfb   0x08008cfb   0x00000068   Data   RO          333    .rodata.str1.1      bsp_usart.o
    0x08008d63   0x08008d63   0x0000001a   Data   RO          356    .rodata.str1.1      bsp_key.o
    0x08008d7d   0x08008d7d   0x0000004c   Data   RO          502    .rodata.str1.1      inv_mpu.o
    0x08008dc9   0x08008dc9   0x00000037   Data   RO          627    .rodata.str1.1      mpu6050.o
    0x08008e00   0x08008e00   0x0000002a   Data   RO         1581    .rodata.str1.1      queue.o
    0x08008e2a   0x08008e2a   0x0000001b   Data   RO         1730    .rodata.str1.1      tasks.o
    0x08008e45   0x08008e45   0x0000001c   Data   RO         1785    .rodata.str1.1      timers.o
    0x08008e61   0x08008e61   0x00000022   Data   RO         1816    .rodata.str1.1      heap_4.o
    0x08008e83   0x08008e83   0x00000025   Data   RO         1855    .rodata.str1.1      port.o
    0x08008ea8   0x08008ea8   0x00000028   Data   RO          499    .rodata.test        inv_mpu.o
    0x08008ed0   0x08008ed0   0x00000004   Data   RO         1721    .rodata.uxTopUsedPriority  tasks.o
    0x08008ed4   0x08008ed4   0x00000020   Data   RO         2336    Region$$Table       anon$$obj.o


    Execution Region RW_IRAM1 (Exec base: 0x20000000, Load base: 0x08008ef8, Size: 0x000145d0, Max: 0x00070000, ABSOLUTE)

    Exec Addr    Load Addr    Size         Type   Attr      Idx    E Section Name        Object

    0x20000000   0x08008ef8   0x00000004   Data   RW         2276    .data               mc_w.l(stdout.o)
    0x20000004   0x08008efc   0x00000004   Data   RW         2297    .data               mc_w.l(errno.o)
    0x20000008   0x08008f00   0x00000004   Data   RW         1484    .data.SystemCoreClock  system_gd32f4xx.o
    0x2000000c   0x08008f04   0x00000009   Data   RW          501    .data.gyro_orientation  inv_mpu.o
    0x20000015   0x08008f0d   0x00000003   PAD
    0x20000018   0x08008f10   0x00000004   Data   RW           88    .data.palse_motor1  motor.o
    0x2000001c   0x08008f14   0x00000004   Data   RW           89    .data.palse_motor2  motor.o
    0x20000020   0x08008f18   0x0000002c   Data   RW          500    .data.st            inv_mpu.o
    0x2000004c   0x08008f44   0x00000004   Data   RW         1858    .data.uxCriticalNesting  port.o
    0x20000050        -       0x0000002c   Zero   RW          164    .bss.Angle_x_pid    attitude.o
    0x2000007c        -       0x0000002c   Zero   RW          166    .bss.Angle_y_pid    attitude.o
    0x200000a8        -       0x00000004   Zero   RW          187    .bss.GyroData_x     sensors.o
    0x200000ac        -       0x00000004   Zero   RW          188    .bss.GyroData_y     sensors.o
    0x200000b0        -       0x00000004   Zero   RW          184    .bss.PitchDataQueue  sensors.o
    0x200000b4        -       0x00000004   Zero   RW          185    .bss.RollDataQueue  sensors.o
    0x200000b8        -       0x0000002c   Zero   RW          165    .bss.Speed_x_pid    attitude.o
    0x200000e4        -       0x0000002c   Zero   RW          167    .bss.Speed_y_pid    attitude.o
    0x20000110        -       0x00000004   Zero   RW          186    .bss.YawDataQueue   sensors.o
    0x20000114        -       0x00000004   Zero   RW          163    .bss.angle_out_y    attitude.o
    0x20000118        -       0x00000010   Zero   RW          168    .bss.attitude       attitude.o
    0x20000128        -       0x00000004   Zero   RW          572    .bss.dmp.0          inv_mpu_dmp_motion_driver.o
    0x2000012c        -       0x00000004   Zero   RW          573    .bss.dmp.1          inv_mpu_dmp_motion_driver.o
    0x20000130        -       0x00000002   Zero   RW          574    .bss.dmp.2          inv_mpu_dmp_motion_driver.o
    0x20000132   0x08008f48   0x00000002   PAD
    0x20000134        -       0x00000002   Zero   RW          575    .bss.dmp.3          inv_mpu_dmp_motion_driver.o
    0x20000136   0x08008f48   0x00000002   PAD
    0x20000138        -       0x00000002   Zero   RW          576    .bss.dmp.4          inv_mpu_dmp_motion_driver.o
    0x2000013a        -       0x00000001   Zero   RW          577    .bss.dmp.5          inv_mpu_dmp_motion_driver.o
    0x2000013b   0x08008f48   0x00000001   PAD
    0x2000013c        -       0x00000001   Zero   RW           53    .bss.fac_ms         delay.o
    0x2000013d   0x08008f48   0x00000003   PAD
    0x20000140        -       0x00000004   Zero   RW           52    .bss.fac_us         delay.o
    0x20000144        -       0x00001000   Zero   RW          332    .bss.g_recv_buff    bsp_usart.o
    0x20001144        -       0x00000001   Zero   RW          330    .bss.g_recv_complete_flag  bsp_usart.o
    0x20001145   0x08008f48   0x00000001   PAD
    0x20001146        -       0x00000002   Zero   RW          329    .bss.g_recv_length  bsp_usart.o
    0x20001148        -       0x00000006   Zero   RW          183    .bss.gyro           sensors.o
    0x2000114e   0x08008f48   0x00000002   PAD
    0x20001150        -       0x00000004   Zero   RW          331    .bss.in_or_outer    bsp_usart.o
    0x20001154        -       0x00000018   Zero   RW          142    .bss.motor1_encoder  encoder.o
    0x2000116c        -       0x0000002c   Zero   RW           90    .bss.motor1_pid     motor.o
    0x20001198        -       0x00000018   Zero   RW          143    .bss.motor2_encoder  encoder.o
    0x200011b0        -       0x0000002c   Zero   RW           91    .bss.motor2_pid     motor.o
    0x200011dc        -       0x00000004   Zero   RW         1788    .bss.prvSampleTimeNow.xLastTime  timers.o
    0x200011e0        -       0x00000004   Zero   RW         1720    .bss.pxCurrentTCB   tasks.o
    0x200011e4        -       0x00000004   Zero   RW         1786    .bss.pxCurrentTimerList  timers.o
    0x200011e8        -       0x00000004   Zero   RW         1732    .bss.pxDelayedTaskList  tasks.o
    0x200011ec        -       0x00000004   Zero   RW         1813    .bss.pxEnd          heap_4.o
    0x200011f0        -       0x00000004   Zero   RW         1733    .bss.pxOverflowDelayedTaskList  tasks.o
    0x200011f4        -       0x00000004   Zero   RW         1787    .bss.pxOverflowTimerList  timers.o
    0x200011f8        -       0x00000280   Zero   RW         1722    .bss.pxReadyTasksLists  tasks.o
    0x20001478        -       0x00000004   Zero   RW          160    .bss.setpoint_x     attitude.o
    0x2000147c        -       0x00000004   Zero   RW          161    .bss.setpoint_y     attitude.o
    0x20001480        -       0x00000004   Zero   RW          158    .bss.speed_x        attitude.o
    0x20001484        -       0x00000004   Zero   RW          159    .bss.speed_y        attitude.o
    0x20001488        -       0x00000004   Zero   RW           27    .bss.startTaskHandle  main.o
    0x2000148c        -       0x00000004   Zero   RW           68    .bss.sysTickCnt     systick.o
    0x20001490        -       0x00012c00   Zero   RW         1820    .bss.ucHeap         heap_4.o
    0x20014090        -       0x00000001   Zero   RW         1856    .bss.ucMaxSysCallPriority  port.o
    0x20014091   0x08008f48   0x00000003   PAD
    0x20014094        -       0x00000004   Zero   RW         1857    .bss.ulMaxPRIGROUPValue  port.o
    0x20014098        -       0x00000004   Zero   RW         1727    .bss.uxCurrentNumberOfTasks  tasks.o
    0x2001409c        -       0x00000004   Zero   RW         1726    .bss.uxDeletedTasksWaitingCleanUp  tasks.o
    0x200140a0        -       0x00000004   Zero   RW         1729    .bss.uxSchedulerSuspended  tasks.o
    0x200140a4        -       0x00000004   Zero   RW         1724    .bss.uxTaskNumber   tasks.o
    0x200140a8        -       0x00000004   Zero   RW         1723    .bss.uxTopReadyPriority  tasks.o
    0x200140ac        -       0x00000014   Zero   RW         1789    .bss.xActiveTimerList1  timers.o
    0x200140c0        -       0x00000014   Zero   RW         1790    .bss.xActiveTimerList2  timers.o
    0x200140d4        -       0x00000014   Zero   RW         1741    .bss.xDelayedTaskList1  tasks.o
    0x200140e8        -       0x00000014   Zero   RW         1742    .bss.xDelayedTaskList2  tasks.o
    0x200140fc        -       0x00000004   Zero   RW         1814    .bss.xFreeBytesRemaining  heap_4.o
    0x20014100        -       0x00000004   Zero   RW         1737    .bss.xIdleTaskHandle  tasks.o
    0x20014104        -       0x00000004   Zero   RW         1817    .bss.xMinimumEverFreeBytesRemaining  heap_4.o
    0x20014108        -       0x00000004   Zero   RW         1738    .bss.xNextTaskUnblockTime  tasks.o
    0x2001410c        -       0x00000004   Zero   RW         1740    .bss.xNumOfOverflows  tasks.o
    0x20014110        -       0x00000004   Zero   RW         1818    .bss.xNumberOfSuccessfulAllocations  heap_4.o
    0x20014114        -       0x00000004   Zero   RW         1819    .bss.xNumberOfSuccessfulFrees  heap_4.o
    0x20014118        -       0x00000004   Zero   RW         1739    .bss.xPendedTicks   tasks.o
    0x2001411c        -       0x00000014   Zero   RW         1736    .bss.xPendingReadyList  tasks.o
    0x20014130        -       0x00000050   Zero   RW         1582    .bss.xQueueRegistry  queue.o
    0x20014180        -       0x00000004   Zero   RW         1728    .bss.xSchedulerRunning  tasks.o
    0x20014184        -       0x00000008   Zero   RW         1815    .bss.xStart         heap_4.o
    0x2001418c        -       0x00000014   Zero   RW         1734    .bss.xSuspendedTaskList  tasks.o
    0x200141a0        -       0x00000014   Zero   RW         1725    .bss.xTasksWaitingTermination  tasks.o
    0x200141b4        -       0x00000004   Zero   RW         1731    .bss.xTickCount     tasks.o
    0x200141b8        -       0x00000004   Zero   RW         1783    .bss.xTimerQueue    timers.o
    0x200141bc        -       0x00000004   Zero   RW         1784    .bss.xTimerTaskHandle  timers.o
    0x200141c0        -       0x00000004   Zero   RW         1735    .bss.xYieldPending  tasks.o
    0x200141c4        -       0x00000004   Zero   RW          156    .bss.zero_angle_x   attitude.o
    0x200141c8        -       0x00000004   Zero   RW          157    .bss.zero_angle_y   attitude.o
    0x200141cc   0x08008f48   0x00000004   PAD
    0x200141d0        -       0x00000400   Zero   RW         1470    STACK               startup_gd32f450_470.o


==============================================================================

Image component sizes


      Code (inc. data)   RO Data    RW Data    ZI Data      Debug   Object Name

       420         36          0          0        220       2017   attitude.o
        46          0          0          0          0       4770   bsp_basic_timer.o
        40          0          0          0          0       4961   bsp_dma.o
        74          0         26          0          0       5086   bsp_key.o
        46          0          0          0          0       1989   bsp_led.o
       412          0          0          0          0       3562   bsp_pwm.o
      1246        192        104          0       4103       8351   bsp_usart.o
       218          0          0          0          5       2744   delay.o
       590          0          0          0         48       6634   encoder.o
       356         64          0          0          0      10877   gd32f4xx_dma.o
        30          0          0          0          0       3322   gd32f4xx_exti.o
       290          0          0          0          0       5359   gd32f4xx_gpio.o
        12          0          0          0          0        771   gd32f4xx_it.o
       208          0          0          0          0       3594   gd32f4xx_misc.o
       314         20          8          0          0      18906   gd32f4xx_rcu.o
      1618         20          0          0          0      21223   gd32f4xx_timer.o
       560          0          0          0          0      13458   gd32f4xx_usart.o
       638          0         34          0      76828       5170   heap_4.o
      4050         92        155         53          0      29076   inv_mpu.o
      1890         68       3068          0         15      11057   inv_mpu_dmp_motion_driver.o
       150          0          0          0          0       2112   list.o
       294         76          0          0          4       1498   main.o
        30          0          0          0          0      16669   maths.o
       252         24          0          8         88       2137   motor.o
      1826          0         55          0          0       8156   mpu6050.o
       274          0          0          0          0       3849   pid.o
       900         16         37          4          5       3810   port.o
      1492          0         42          0         80      15910   queue.o
       442         44          0          0         26       1950   sensors.o
        36          8        428          0       1024        928   startup_gd32f450_470.o
        28          0          0          0          0        599   system.o
       350          0          0          4          0       2520   system_gd32f4xx.o
        42          0          0          0          4       1159   systick.o
      3086          8         31          0        800      25123   tasks.o
       918         26         28          0         60      10597   timers.o

    ----------------------------------------------------------------------
     23356        694       4048         72      83328     259944   Object Totals
         0          0         32          0          0          0   (incl. Generated)
       178          0          0          3         18          0   (incl. Padding)

    ----------------------------------------------------------------------

      Code (inc. data)   RO Data    RW Data    ZI Data      Debug   Library Member Name

       864         94         80          0          0        280   asin.o
       744        106        152          0          0        352   atan.o
       512         64          0          0          0        208   atan2.o
       104         16          0          0          0        496   dunder.o
        24          0          0          0          0        124   fabs.o
        48          0          0          0          0        124   fpclassify.o
       248          0          0          0          0        152   poly.o
         0          0          8          0          0          0   qnan.o
       110          0          0          0          0        148   sqrt.o
        56          8          0          0          0         84   __0sscanf.o
       812          4          0          0          0        112   _scanf.o
        64          0          0          0          0         84   _sgetc.o
        40          6         64          0          0         68   ctype_c.o
         0          0          0          0          0          0   entry.o
         0          0          0          0          0          0   entry10a.o
         0          0          0          0          0          0   entry11a.o
         8          4          0          0          0          0   entry2.o
         4          0          0          0          0          0   entry5.o
         0          0          0          0          0          0   entry7b.o
         0          0          0          0          0          0   entry8b.o
         8          4          0          0          0          0   entry9a.o
        12          6          0          4          0         68   errno.o
        30          0          0          0          0          0   handlers.o
        48         10          0          0          0         68   init.o
        10          0          0          0          0         68   isspace_c.o
         0          0          0          0          0          0   iusefp.o
        30          0          0          0          0         68   llshl.o
        36          0          0          0          0         68   llsshr.o
        32          0          0          0          0         68   llushr.o
        26          0          0          0          0         80   memcmp.o
        64          0          0          0          0         76   memmovea.o
        36          0          0          0          0        108   memseta.o
      2258         90          0          0          0        452   printfa.o
        36          6          0          0          0         80   puts.o
        40          8          0          0          0         84   scanf_char.o
       878         12          0          0          0        216   scanf_fp.o
         0          0          0          4          0          0   stdout.o
        36          0          0          0          0         80   strstr.o
        44          0          0          0          0         80   uidiv.o
        98          0          0          0          0         92   uldiv.o
        48          0          0          0          0         68   cdcmple.o
        48          0          0          0          0         68   cdrcmple.o
        56          0          0          0          0         88   d2f.o
       334          0          0          0          0        148   dadd.o
       222          0          0          0          0        100   ddiv.o
       186          0          0          0          0        176   depilogue.o
        48          0          0          0          0         68   dfixul.o
        24          0          0          0          0         76   dfltul.o
       228          0          0          0          0         96   dmul.o
       162          0          0          0          0        100   dsqrt.o
        38          0          0          0          0         68   f2d.o
       110          0          0          0          0        168   fepilogue.o

    ----------------------------------------------------------------------
      8888        438        304          8          0       5212   Library Totals
        24          0          0          0          0          0   (incl. Padding)

    ----------------------------------------------------------------------

      Code (inc. data)   RO Data    RW Data    ZI Data      Debug   Library Name

      2654        280        240          0          0       1884   m_wm.l
      4706        158         64          8          0       2104   mc_w.l
      1504          0          0          0          0       1224   mf_w.l

    ----------------------------------------------------------------------
      8888        438        304          8          0       5212   Library Totals

    ----------------------------------------------------------------------

==============================================================================


      Code (inc. data)   RO Data    RW Data    ZI Data      Debug   

     32244       1132       4352         80      83328     261832   Grand Totals
     32244       1132       4352         80      83328     261832   ELF Image Totals
     32244       1132       4352         80          0          0   ROM Totals

==============================================================================

    Total RO  Size (Code + RO Data)                36596 (  35.74kB)
    Total RW  Size (RW Data + ZI Data)             83408 (  81.45kB)
    Total ROM Size (Code + RO Data + RW Data)      36676 (  35.82kB)

==============================================================================

