<html>
<body>
<pre>
<h1>µVision Build Log</h1>
<h2>Tool Versions:</h2>
IDE-Version: ¦ÌVision V5.39.0.0
Copyright (C) 2023 ARM Ltd and ARM Germany GmbH. All rights reserved.
License Information: 1 1, 1, LIC=60DUC-R9GLQ-KD2K7-SG5FM-PS14X-VQYUS
 
Tool Versions:
Toolchain:       MDK-ARM Community  Version: 5.39.0.0
Toolchain Path:  D:\keil_v5\ARM\ARMCC\Bin
C Compiler:      Armcc.exe V5.06 update 7 (build 960)
Assembler:       Armasm.exe V5.06 update 7 (build 960)
Linker/Locator:  ArmLink.exe V5.06 update 7 (build 960)
Library Manager: ArmAr.exe V5.06 update 7 (build 960)
Hex Converter:   FromElf.exe V5.06 update 7 (build 960)
CPU DLL:         SARMCM3.DLL V5.39.0.0
Dialog DLL:      DCM.DLL V1.17.5.0
Target DLL:      CMSIS_AGDI.dll V1.33.16.0
Dialog DLL:      TCM.DLL V1.56.4.0
 
<h2>Project:</h2>
d:\Z_Project\lc_liang_GD32F470\Template_FreeRTOS\Project\Template.uvprojx
Project File Date:  04/18/2024

<h2>Output:</h2>
*** Using Compiler 'V5.06 update 7 (build 960)', folder: 'D:\keil_v5\ARM\ARMCC\Bin'
Build target 'Template_FreeRTOS'
compiling list.c...
compiling croutine.c...
compiling event_groups.c...
compiling queue.c...
compiling stream_buffer.c...
compiling timers.c...
compiling heap_4.c...
compiling gd32f4xx_it.c...
compiling tasks.c...
compiling system.c...
..\User\sys.h(17): warning:  #1-D: last line of file ends without a newline
  #endif
..\Hardware\Include\bsp_led.h(13): warning:  #1-D: last line of file ends without a newline
  #endif // __BSP_LED_H
..\Hardware\Include\bsp_usart.h(35): warning:  #1-D: last line of file ends without a newline
  #endif  /* BSP_USART_H */
..\Hardware\Include\bsp_key.h(22): warning:  #1-D: last line of file ends without a newline
  #endif
..\Hardware\Include\bsp_pwm.h(21): warning:  #1-D: last line of file ends without a newline
  #endif  /* BSP_PWM_H */
..\Hardware\Include\bsp_basic_timer.h(21): warning:  #1-D: last line of file ends without a newline
  #endif  /* BSP_BASIC_TIMER_H */
..\Hardware\Include\bsp_dma.h(16): warning:  #1-D: last line of file ends without a newline
  #endif  /* _BSP_DMA_H */
..\User\system.h(27): warning:  #1-D: last line of file ends without a newline
  #endif /* __SYSTEM_H */
..\User\system.c(15): warning:  #1-D: last line of file ends without a newline
  }
..\User\system.c: 9 warnings, 0 errors
compiling main.c...
..\User\sys.h(17): warning:  #1-D: last line of file ends without a newline
  #endif
..\Hardware\Include\bsp_led.h(13): warning:  #1-D: last line of file ends without a newline
  #endif // __BSP_LED_H
..\Hardware\Include\bsp_usart.h(35): warning:  #1-D: last line of file ends without a newline
  #endif  /* BSP_USART_H */
..\Hardware\Include\bsp_key.h(22): warning:  #1-D: last line of file ends without a newline
  #endif
..\Hardware\Include\bsp_pwm.h(21): warning:  #1-D: last line of file ends without a newline
  #endif  /* BSP_PWM_H */
..\Hardware\Include\bsp_basic_timer.h(21): warning:  #1-D: last line of file ends without a newline
  #endif  /* BSP_BASIC_TIMER_H */
..\Hardware\Include\bsp_dma.h(16): warning:  #1-D: last line of file ends without a newline
  #endif  /* _BSP_DMA_H */
..\User\system.h(27): warning:  #1-D: last line of file ends without a newline
  #endif /* __SYSTEM_H */
..\User\main.c(18): warning:  #177-D: variable "uicount"  was declared but never referenced
  	  uint16_t uicount = 0;
..\User\main.c(19): warning:  #177-D: variable "fcount"  was declared but never referenced
  	  float fcount = 0.0;
..\User\main.c(148): warning:  #1-D: last line of file ends without a newline
  //     }
..\User\main.c: 11 warnings, 0 errors
compiling port.c...
linking...
Program Size: Code=9208 RO-data=460 RW-data=140 ZI-data=82228  
FromELF: creating hex file...
".\Objects\Template.axf" - 0 Error(s), 20 Warning(s).

<h2>Software Packages used:</h2>

Package Vendor: GigaDevice
                https://gd32mcu.com/data/documents/pack/GigaDevice.GD32F4xx_DFP.3.0.3.pack
                GigaDevice::GD32F4xx_DFP@3.0.3
                GigaDevice GD32F4xx Series Device Support and Examples

<h2>Collection of Component include folders:</h2>
  D:/keil_v5/GigaDevice/GD32F4xx_DFP/3.0.3/Device/F4XX/Include

<h2>Collection of Component Files used:</h2>
Build Time Elapsed:  00:00:03
</pre>
</body>
</html>
